<html>
<body>
<pre>
<h1>µVision Build Log</h1>
<h2>Tool Versions:</h2>
IDE-Version: ¦ÌVision V5.14.0.0
Copyright (C) 2015 ARM Ltd and ARM Germany GmbH. All rights reserved.
License Information: damnit xu, ads, LIC=TIVNN-YH95R-BS0YX-H7IZT-IZFPA-IWWDN
 
Tool Versions:
Toolchain:       MDK-ARM Standard  Version: 5.14.0.0
Toolchain Path:  G:\MDK\ARM\ARMCC\Bin
C Compiler:      Armcc.exe V5.05 update 1 (build 106)
Assembler:       Armasm.exe V5.05 update 1 (build 106)
Linker/Locator:  ArmLink.exe V5.05 update 1 (build 106)
Library Manager: ArmAr.exe V5.05 update 1 (build 106)
Hex Converter:   FromElf.exe V5.05 update 1 (build 106)
CPU DLL:         SARMCM3.DLL V5.14.0.0
Dialog DLL:      DCM.DLL V1.13.1.0
Target DLL:      STLink\ST-LINKIII-KEIL_SWO.dll V2.0.14.0_KEIL
Dialog DLL:      TCM.DLL V1.14.4.0
 
<h2>Project:</h2>
G:\git_repository\GDCS\Template\Keil_project\Project.uvprojx
Project File Date:  02/02/2018

<h2>Output:</h2>
Build target 'GD32F10X_MD'
compiling main.c...
compiling CoreTask.c...
compiling gd32f10x_eval.c...
compiling hardware.c...
..\HardWare\hardware.c(15): warning:  #188-D: enumerated type mixed with another type
      rcu_periph_clock_enable(RCU_GPIOA |RCU_GPIOB |RCU_GPIOC| RCU_GPIOD);
..\HardWare\hardware.c(19): warning:  #188-D: enumerated type mixed with another type
      rcu_periph_clock_enable(RCU_TIMER1| RCU_TIMER2| RCU_TIMER3| RCU_TIMER4);
..\HardWare\hardware.c(247): warning:  #177-D: variable "i" was declared but never referenced
        u8 i;
..\HardWare\hardware.c(460): warning:  #550-D: variable "ack_flag" was set but never used
      u8 ack_flag = 0;         // =1,???????,=0???
..\HardWare\hardware.c(461): warning:  #177-D: variable "error" was declared but never referenced
      u8 error = 0, i=0, ack_len=0, ack_buffer[65]={ 0 }, TxBuffer[100];
..\HardWare\hardware.c(461): warning:  #177-D: variable "i" was declared but never referenced
      u8 error = 0, i=0, ack_len=0, ack_buffer[65]={ 0 }, TxBuffer[100];
..\HardWare\hardware.c(461): warning:  #177-D: variable "ack_len" was declared but never referenced
      u8 error = 0, i=0, ack_len=0, ack_buffer[65]={ 0 }, TxBuffer[100];
..\HardWare\hardware.c(461): warning:  #177-D: variable "ack_buffer" was declared but never referenced
      u8 error = 0, i=0, ack_len=0, ack_buffer[65]={ 0 }, TxBuffer[100];
..\HardWare\hardware.c(461): warning:  #177-D: variable "TxBuffer" was declared but never referenced
      u8 error = 0, i=0, ack_len=0, ack_buffer[65]={ 0 }, TxBuffer[100];
..\HardWare\hardware.c: 9 warnings, 0 errors
compiling spi.c...
linking...
Program Size: Code=11188 RO-data=336 RW-data=304 ZI-data=18632  
FromELF: creating hex file...
".\output\Project.axf" - 0 Error(s), 9 Warning(s).

<h2>Collection of Component include folders:</h2>
  G:\git_repository\GDCS\Template\Keil_project\RTE
  G:\MDK\ARM\PACK\GigaDevice\GD32F10x_DFP\2.0.0\Device\Include

<h2>Collection of Component Files used:</h2>
</pre>
</body>
</html>
