Component: ARM Compiler 5.05 update 1 (build 106) Tool: armlink [4d0efa]

==============================================================================

Section Cross References

    systick.o(i.delay_1ms) refers to systick.o(.data) for delay
    systick.o(i.delay_decrement) refers to systick.o(.data) for delay
    gd32f10x_it.o(i.SysTick_Handler) refers to main.o(i.led_spark) for led_spark
    gd32f10x_it.o(i.SysTick_Handler) refers to systick.o(i.delay_decrement) for delay_decrement
    coretask.o(i.CoreInit) refers to coretask.o(.data) for Self_info
    coretask.o(i.CoreInit) refers to coretask.o(.bss) for report_info
    coretask.o(i.org_report) refers to hardware.o(i.RF_SendPacket) for RF_SendPacket
    coretask.o(i.org_report) refers to coretask.o(.data) for GameOver
    coretask.o(i.vTaskCore) refers to queue.o(i.xQueueGenericCreate) for xQueueGenericCreate
    coretask.o(i.vTaskCore) refers to hardware.o(i.RF_SendPacket) for RF_SendPacket
    coretask.o(i.vTaskCore) refers to tasks.o(i.vTaskDelay) for vTaskDelay
    coretask.o(i.vTaskCore) refers to coretask.o(.data) for xQueueCoreMsg
    coretask.o(i.vTaskCore) refers to infrared.o(.data) for begin
    coretask.o(i.vTaskCore) refers to coretask.o(.bss) for report_info
    coretask.o(i.vTaskCore) refers to infrared.o(.bss) for batk_array
    main.o(i.AppTaskCreate) refers to tasks.o(i.xTaskCreate) for xTaskCreate
    main.o(i.AppTaskCreate) refers to main.o(i.vTaskAttack) for vTaskAttack
    main.o(i.AppTaskCreate) refers to main.o(i.vTaskInfrared) for vTaskInfrared
    main.o(i.AppTaskCreate) refers to infrared.o(i.vTaskBeAttack) for vTaskBeAttack
    main.o(i.AppTaskCreate) refers to coretask.o(i.vTaskCore) for vTaskCore
    main.o(i.fputc) refers to gd32f10x_usart.o(i.usart_data_transmit) for usart_data_transmit
    main.o(i.fputc) refers to gd32f10x_usart.o(i.usart_flag_get) for usart_flag_get
    main.o(i.led_spark) refers to gd32f10x_eval.o(i.gd_eval_led_on) for gd_eval_led_on
    main.o(i.led_spark) refers to gd32f10x_eval.o(i.gd_eval_led_off) for gd_eval_led_off
    main.o(i.led_spark) refers to main.o(.data) for timingdelaylocal
    main.o(i.main) refers to hardware.o(i.rcu_config) for rcu_config
    main.o(i.main) refers to gd32f10x_eval.o(i.gd_eval_com_init) for gd_eval_com_init
    main.o(i.main) refers to hardware.o(i.gpio_config) for gpio_config
    main.o(i.main) refers to hardware.o(i.exti_config) for exti_config
    main.o(i.main) refers to hardware.o(i.nvic_configuration) for nvic_configuration
    main.o(i.main) refers to hardware.o(i.timer_config) for timer_config
    main.o(i.main) refers to hardware.o(i.CC1101_Init) for CC1101_Init
    main.o(i.main) refers to printfb.o(i.__0printf$bare) for __2printf
    main.o(i.main) refers to coretask.o(i.CoreInit) for CoreInit
    main.o(i.main) refers to main.o(i.AppTaskCreate) for AppTaskCreate
    main.o(i.main) refers to tasks.o(i.vTaskStartScheduler) for vTaskStartScheduler
    main.o(i.vTaskAttack) refers to gd32f10x_eval.o(i.gd_eval_key_state_get) for gd_eval_key_state_get
    main.o(i.vTaskAttack) refers to tasks.o(i.vTaskDelay) for vTaskDelay
    main.o(i.vTaskAttack) refers to gd32f10x_timer.o(i.timer_channel_output_pulse_value_config) for timer_channel_output_pulse_value_config
    main.o(i.vTaskAttack) refers to gd32f10x_timer.o(i.timer_enable) for timer_enable
    main.o(i.vTaskAttack) refers to coretask.o(.data) for GameOver
    main.o(i.vTaskAttack) refers to hardware.o(.data) for timer2_modulate
    main.o(i.vTaskInfrared) refers to queue.o(i.xQueueGenericCreate) for xQueueGenericCreate
    main.o(i.vTaskInfrared) refers to queue.o(i.xQueueGenericReceive) for xQueueGenericReceive
    main.o(i.vTaskInfrared) refers to gd32f10x_timer.o(i.timer_channel_output_pulse_value_config) for timer_channel_output_pulse_value_config
    main.o(i.vTaskInfrared) refers to tasks.o(i.vTaskDelay) for vTaskDelay
    main.o(i.vTaskInfrared) refers to main.o(.data) for xQueueInfraredMsg
    main.o(i.vTaskInfrared) refers to hardware.o(.data) for ctl_flag
    main.o(i.vTaskInfrared) refers to main.o(.bss) for sendbuf
    infrared.o(i.IRA_DecodeHandler) refers to gd32f10x_timer.o(i.timer_channel_output_pulse_value_config) for timer_channel_output_pulse_value_config
    infrared.o(i.IRA_DecodeHandler) refers to infrared.o(.data) for temp
    infrared.o(i.IRA_DecodeHandler) refers to infrared.o(.bss) for IRA
    infrared.o(i.IRA_Init) refers to infrared.o(.bss) for IRA
    infrared.o(i.IRA_Init) refers to infrared.o(.data) for begin
    infrared.o(i.Remote_Scan) refers to hardware.o(.data) for IraSta
    infrared.o(i.vTaskBeAttack) refers to infrared.o(i.IRA_Init) for IRA_Init
    infrared.o(i.vTaskBeAttack) refers to port.o(i.vPortEnterCritical) for vPortEnterCritical
    infrared.o(i.vTaskBeAttack) refers to port.o(i.vPortExitCritical) for vPortExitCritical
    infrared.o(i.vTaskBeAttack) refers to infrared.o(i.IRA_DecodeHandler) for IRA_DecodeHandler
[...]
    Removing gd32f10x_timer.o(i.timer_external_clock_mode1_disable), (10 bytes).
    Removing gd32f10x_timer.o(i.timer_external_trigger_as_external_clock_config), (164 bytes).
    Removing gd32f10x_timer.o(i.timer_external_trigger_config), (30 bytes).
    Removing gd32f10x_timer.o(i.timer_flag_clear), (8 bytes).
    Removing gd32f10x_timer.o(i.timer_flag_get), (16 bytes).
    Removing gd32f10x_timer.o(i.timer_hall_mode_config), (26 bytes).
    Removing gd32f10x_timer.o(i.timer_input_pwm_capture_config), (356 bytes).
    Removing gd32f10x_timer.o(i.timer_input_trigger_source_select), (16 bytes).
    Removing gd32f10x_timer.o(i.timer_internal_clock_config), (10 bytes).
    Removing gd32f10x_timer.o(i.timer_internal_trigger_as_external_clock_config), (32 bytes).
    Removing gd32f10x_timer.o(i.timer_interrupt_disable), (8 bytes).
    Removing gd32f10x_timer.o(i.timer_master_output_trigger_source_select), (16 bytes).
    Removing gd32f10x_timer.o(i.timer_master_slave_mode_config), (26 bytes).
    Removing gd32f10x_timer.o(i.timer_prescaler_config), (14 bytes).
    Removing gd32f10x_timer.o(i.timer_prescaler_read), (10 bytes).
    Removing gd32f10x_timer.o(i.timer_primary_output_config), (24 bytes).
    Removing gd32f10x_timer.o(i.timer_quadrature_decoder_mode_config), (64 bytes).
    Removing gd32f10x_timer.o(i.timer_repetition_value_config), (4 bytes).
    Removing gd32f10x_timer.o(i.timer_single_pulse_mode_config), (26 bytes).
    Removing gd32f10x_timer.o(i.timer_slave_mode_select), (16 bytes).
    Removing gd32f10x_timer.o(i.timer_update_event_disable), (10 bytes).
    Removing gd32f10x_timer.o(i.timer_update_event_enable), (10 bytes).
    Removing gd32f10x_timer.o(i.timer_update_source_config), (26 bytes).
    Removing gd32f10x_sdio.o(.rev16_text), (4 bytes).
    Removing gd32f10x_sdio.o(.revsh_text), (4 bytes).
    Removing gd32f10x_sdio.o(i.sdio_bus_mode_set), (28 bytes).
    Removing gd32f10x_sdio.o(i.sdio_ceata_command_completion_disable), (20 bytes).
    Removing gd32f10x_sdio.o(i.sdio_ceata_command_completion_enable), (20 bytes).
    Removing gd32f10x_sdio.o(i.sdio_ceata_command_disable), (20 bytes).
    Removing gd32f10x_sdio.o(i.sdio_ceata_command_enable), (20 bytes).
    Removing gd32f10x_sdio.o(i.sdio_ceata_interrupt_disable), (20 bytes).
    Removing gd32f10x_sdio.o(i.sdio_ceata_interrupt_enable), (20 bytes).
    Removing gd32f10x_sdio.o(i.sdio_clock_config), (36 bytes).
    Removing gd32f10x_sdio.o(i.sdio_clock_disable), (20 bytes).
    Removing gd32f10x_sdio.o(i.sdio_clock_enable), (20 bytes).
    Removing gd32f10x_sdio.o(i.sdio_command_index_get), (12 bytes).
    Removing gd32f10x_sdio.o(i.sdio_command_response_config), (44 bytes).
    Removing gd32f10x_sdio.o(i.sdio_csm_disable), (20 bytes).
    Removing gd32f10x_sdio.o(i.sdio_csm_enable), (20 bytes).
    Removing gd32f10x_sdio.o(i.sdio_data_config), (52 bytes).
    Removing gd32f10x_sdio.o(i.sdio_data_counter_get), (12 bytes).
    Removing gd32f10x_sdio.o(i.sdio_data_read), (12 bytes).
    Removing gd32f10x_sdio.o(i.sdio_data_transfer_config), (28 bytes).
    Removing gd32f10x_sdio.o(i.sdio_data_write), (12 bytes).
    Removing gd32f10x_sdio.o(i.sdio_deinit), (28 bytes).
    Removing gd32f10x_sdio.o(i.sdio_dma_disable), (20 bytes).
    Removing gd32f10x_sdio.o(i.sdio_dma_enable), (20 bytes).
    Removing gd32f10x_sdio.o(i.sdio_dsm_disable), (20 bytes).
    Removing gd32f10x_sdio.o(i.sdio_dsm_enable), (20 bytes).
    Removing gd32f10x_sdio.o(i.sdio_fifo_counter_get), (12 bytes).
    Removing gd32f10x_sdio.o(i.sdio_flag_clear), (12 bytes).
    Removing gd32f10x_sdio.o(i.sdio_flag_get), (20 bytes).
    Removing gd32f10x_sdio.o(i.sdio_hardware_clock_disable), (20 bytes).
    Removing gd32f10x_sdio.o(i.sdio_hardware_clock_enable), (20 bytes).
    Removing gd32f10x_sdio.o(i.sdio_interrupt_disable), (16 bytes).
    Removing gd32f10x_sdio.o(i.sdio_interrupt_enable), (16 bytes).
    Removing gd32f10x_sdio.o(i.sdio_interrupt_flag_clear), (12 bytes).
    Removing gd32f10x_sdio.o(i.sdio_interrupt_flag_get), (36 bytes).
    Removing gd32f10x_sdio.o(i.sdio_operation_disable), (20 bytes).
    Removing gd32f10x_sdio.o(i.sdio_operation_enable), (20 bytes).
    Removing gd32f10x_sdio.o(i.sdio_power_state_get), (12 bytes).
    Removing gd32f10x_sdio.o(i.sdio_power_state_set), (12 bytes).
    Removing gd32f10x_sdio.o(i.sdio_readwait_disable), (20 bytes).
    Removing gd32f10x_sdio.o(i.sdio_readwait_enable), (20 bytes).
    Removing gd32f10x_sdio.o(i.sdio_readwait_type_set), (40 bytes).
    Removing gd32f10x_sdio.o(i.sdio_response_get), (56 bytes).
    Removing gd32f10x_sdio.o(i.sdio_stop_readwait_disable), (20 bytes).
    Removing gd32f10x_sdio.o(i.sdio_stop_readwait_enable), (20 bytes).
    Removing gd32f10x_sdio.o(i.sdio_suspend_disable), (20 bytes).
    Removing gd32f10x_sdio.o(i.sdio_suspend_enable), (20 bytes).
    Removing gd32f10x_sdio.o(i.sdio_wait_type_set), (28 bytes).
    Removing startup_gd32f10x_md.o(HEAP), (1024 bytes).
    Removing gd32f10x_eval.o(.rev16_text), (4 bytes).
    Removing gd32f10x_eval.o(.revsh_text), (4 bytes).
    Removing gd32f10x_eval.o(i.gd_eval_led_init), (64 bytes).
    Removing gd32f10x_eval.o(i.gd_eval_led_off), (24 bytes).
    Removing gd32f10x_eval.o(i.gd_eval_led_on), (24 bytes).
    Removing gd32f10x_eval.o(i.gd_eval_led_toggle), (56 bytes).
    Removing event_groups.o(i.prvTestWaitCondition), (30 bytes).
    Removing event_groups.o(i.vEventGroupClearBitsCallback), (16 bytes).
    Removing event_groups.o(i.vEventGroupDelete), (42 bytes).
    Removing event_groups.o(i.vEventGroupSetBitsCallback), (16 bytes).
    Removing event_groups.o(i.xEventGroupClearBits), (32 bytes).
    Removing event_groups.o(i.xEventGroupCreate), (26 bytes).
    Removing event_groups.o(i.xEventGroupGetBitsFromISR), (44 bytes).
    Removing event_groups.o(i.xEventGroupSetBits), (146 bytes).
    Removing event_groups.o(i.xEventGroupSync), (164 bytes).
    Removing event_groups.o(i.xEventGroupWaitBits), (200 bytes).
    Removing queue.o(i.prvIsQueueFull), (30 bytes).
    Removing queue.o(i.uxQueueMessagesWaiting), (18 bytes).
    Removing queue.o(i.uxQueueMessagesWaitingFromISR), (6 bytes).
    Removing queue.o(i.uxQueueSpacesAvailable), (24 bytes).
    Removing queue.o(i.vQueueDelete), (14 bytes).
    Removing queue.o(i.xQueueGenericSend), (280 bytes).
    Removing queue.o(i.xQueueGiveFromISR), (120 bytes).
    Removing queue.o(i.xQueueIsQueueEmptyFromISR), (14 bytes).
    Removing queue.o(i.xQueueIsQueueFullFromISR), (18 bytes).
    Removing queue.o(i.xQueuePeekFromISR), (74 bytes).
    Removing queue.o(i.xQueueReceiveFromISR), (130 bytes).
    Removing tasks.o(i.pcTaskGetName), (24 bytes).
    Removing tasks.o(i.prvTaskIsTaskSuspended), (64 bytes).
    Removing tasks.o(i.ulTaskNotifyTake), (116 bytes).
    Removing tasks.o(i.uxTaskGetNumberOfTasks), (12 bytes).
    Removing tasks.o(i.uxTaskPriorityGet), (36 bytes).
    Removing tasks.o(i.uxTaskPriorityGetFromISR), (56 bytes).
    Removing tasks.o(i.uxTaskResetEventItemValue), (28 bytes).
    Removing tasks.o(i.vTaskDelayUntil), (116 bytes).
    Removing tasks.o(i.vTaskDelete), (204 bytes).
    Removing tasks.o(i.vTaskEndScheduler), (36 bytes).
    Removing tasks.o(i.vTaskNotifyGiveFromISR), (180 bytes).
    Removing tasks.o(i.vTaskPlaceOnUnorderedEventList), (44 bytes).
    Removing tasks.o(i.vTaskPrioritySet), (232 bytes).
    Removing tasks.o(i.vTaskResume), (120 bytes).
    Removing tasks.o(i.vTaskSuspend), (188 bytes).
    Removing tasks.o(i.xTaskGenericNotify), (196 bytes).
    Removing tasks.o(i.xTaskGenericNotifyFromISR), (252 bytes).
    Removing tasks.o(i.xTaskGetTickCount), (12 bytes).
    Removing tasks.o(i.xTaskGetTickCountFromISR), (12 bytes).
    Removing tasks.o(i.xTaskNotifyStateClear), (52 bytes).
    Removing tasks.o(i.xTaskNotifyWait), (160 bytes).
    Removing tasks.o(i.xTaskRemoveFromUnorderedEventList), (112 bytes).
    Removing tasks.o(i.xTaskResumeFromISR), (152 bytes).
    Removing heap_2.o(i.vPortInitialiseBlocks), (2 bytes).
    Removing heap_2.o(i.xPortGetFreeHeapSize), (12 bytes).
    Removing port.o(i.vPortEndScheduler), (2 bytes).
    Removing hardware.o(.rev16_text), (4 bytes).
    Removing hardware.o(.revsh_text), (4 bytes).
    Removing hardware.o(i.NVIC_SetPriority), (40 bytes).
    Removing hardware.o(i.RF_RecvHandler), (2 bytes).
    Removing hardware.o(i.systick_config), (80 bytes).
    Removing spi.o(.rev16_text), (4 bytes).
    Removing spi.o(.revsh_text), (4 bytes).
    Removing dadd.o(.text), (334 bytes).
    Removing dmul.o(.text), (228 bytes).
    Removing ddiv.o(.text), (222 bytes).
    Removing dfixul.o(.text), (48 bytes).
    Removing cdrcmple.o(.text), (48 bytes).
    Removing depilogue.o(.text), (186 bytes).

622 unused section(s) (total 25420 bytes) removed from the image.

==============================================================================

Image Symbol Table

    Local Symbols

    Symbol Name                              Value     Ov Type        Size  Object(Section)

    ../clib/../cmprslib/zerorunl2.c          0x00000000   Number         0  __dczerorl2.o ABSOLUTE
    ../clib/microlib/division.c              0x00000000   Number         0  uidiv.o ABSOLUTE
    ../clib/microlib/division.c              0x00000000   Number         0  uldiv.o ABSOLUTE
    ../clib/microlib/init/entry.s            0x00000000   Number         0  entry11b.o ABSOLUTE
    ../clib/microlib/init/entry.s            0x00000000   Number         0  entry7b.o ABSOLUTE
    ../clib/microlib/init/entry.s            0x00000000   Number         0  entry8a.o ABSOLUTE
    ../clib/microlib/init/entry.s            0x00000000   Number         0  entry7a.o ABSOLUTE
    ../clib/microlib/init/entry.s            0x00000000   Number         0  entry5.o ABSOLUTE
    ../clib/microlib/init/entry.s            0x00000000   Number         0  entry8b.o ABSOLUTE
    ../clib/microlib/init/entry.s            0x00000000   Number         0  entry9a.o ABSOLUTE
    ../clib/microlib/init/entry.s            0x00000000   Number         0  entry9b.o ABSOLUTE
    ../clib/microlib/init/entry.s            0x00000000   Number         0  entry10a.o ABSOLUTE
    ../clib/microlib/init/entry.s            0x00000000   Number         0  entry10b.o ABSOLUTE
    ../clib/microlib/init/entry.s            0x00000000   Number         0  entry2.o ABSOLUTE
    ../clib/microlib/init/entry.s            0x00000000   Number         0  entry11a.o ABSOLUTE
    ../clib/microlib/init/entry.s            0x00000000   Number         0  entry.o ABSOLUTE
    ../clib/microlib/longlong.c              0x00000000   Number         0  llshl.o ABSOLUTE
    ../clib/microlib/longlong.c              0x00000000   Number         0  llushr.o ABSOLUTE
    ../clib/microlib/longlong.c              0x00000000   Number         0  llsshr.o ABSOLUTE
    ../clib/microlib/printf/printf.c         0x00000000   Number         0  printf0.o ABSOLUTE
    ../clib/microlib/printf/printf.c         0x00000000   Number         0  printfb.o ABSOLUTE
    ../clib/microlib/printf/printf.c         0x00000000   Number         0  printf4.o ABSOLUTE
    ../clib/microlib/printf/printf.c         0x00000000   Number         0  printf8.o ABSOLUTE
    ../clib/microlib/printf/printf.c         0x00000000   Number         0  printfa.o ABSOLUTE
    ../clib/microlib/printf/printf.c         0x00000000   Number         0  printf7.o ABSOLUTE
    ../clib/microlib/printf/printf.c         0x00000000   Number         0  printf6.o ABSOLUTE
    ../clib/microlib/printf/printf.c         0x00000000   Number         0  printf5.o ABSOLUTE
    ../clib/microlib/printf/printf.c         0x00000000   Number         0  printf3.o ABSOLUTE
    ../clib/microlib/printf/printf.c         0x00000000   Number         0  printf2.o ABSOLUTE
    ../clib/microlib/printf/printf.c         0x00000000   Number         0  printf1.o ABSOLUTE
    ../clib/microlib/stdio/streams.c         0x00000000   Number         0  stdout.o ABSOLUTE
    ../clib/microlib/string/memcpy.c         0x00000000   Number         0  memcpyb.o ABSOLUTE
    ../clib/microlib/string/memcpy.c         0x00000000   Number         0  memcpya.o ABSOLUTE
    ../clib/microlib/string/memset.c         0x00000000   Number         0  memseta.o ABSOLUTE
    ../clib/microlib/stubs.s                 0x00000000   Number         0  iusefp.o ABSOLUTE
    ../fplib/microlib/fpadd.c                0x00000000   Number         0  dadd.o ABSOLUTE
    ../fplib/microlib/fpdiv.c                0x00000000   Number         0  ddiv.o ABSOLUTE
    ../fplib/microlib/fpepilogue.c           0x00000000   Number         0  depilogue.o ABSOLUTE
    ../fplib/microlib/fpfix.c                0x00000000   Number         0  dfixul.o ABSOLUTE
    ../fplib/microlib/fpmul.c                0x00000000   Number         0  dmul.o ABSOLUTE
    ..\..\Firmware\CMSIS\GD\GD32F10x\Source\ARM\startup_gd32f10x_md.s 0x00000000   Number         0  startup_gd32f10x_md.o ABSOLUTE
    ..\..\Firmware\CMSIS\GD\GD32F10x\Source\system_gd32f10x.c 0x00000000   Number         0  system_gd32f10x.o ABSOLUTE
    ..\..\Firmware\GD32F10x_standard_peripheral\Source\gd32f10x_adc.c 0x00000000   Number         0  gd32f10x_adc.o ABSOLUTE
    ..\..\Firmware\GD32F10x_standard_peripheral\Source\gd32f10x_bkp.c 0x00000000   Number         0  gd32f10x_bkp.o ABSOLUTE
    ..\..\Firmware\GD32F10x_standard_peripheral\Source\gd32f10x_can.c 0x00000000   Number         0  gd32f10x_can.o ABSOLUTE
    ..\..\Firmware\GD32F10x_standard_peripheral\Source\gd32f10x_crc.c 0x00000000   Number         0  gd32f10x_crc.o ABSOLUTE
    ..\..\Firmware\GD32F10x_standard_peripheral\Source\gd32f10x_dac.c 0x00000000   Number         0  gd32f10x_dac.o ABSOLUTE
    ..\..\Firmware\GD32F10x_standard_peripheral\Source\gd32f10x_dbg.c 0x00000000   Number         0  gd32f10x_dbg.o ABSOLUTE
    ..\..\Firmware\GD32F10x_standard_peripheral\Source\gd32f10x_dma.c 0x00000000   Number         0  gd32f10x_dma.o ABSOLUTE
    ..\..\Firmware\GD32F10x_standard_peripheral\Source\gd32f10x_enet.c 0x00000000   Number         0  gd32f10x_enet.o ABSOLUTE
    ..\..\Firmware\GD32F10x_standard_peripheral\Source\gd32f10x_exmc.c 0x00000000   Number         0  gd32f10x_exmc.o ABSOLUTE
    ..\..\Firmware\GD32F10x_standard_peripheral\Source\gd32f10x_exti.c 0x00000000   Number         0  gd32f10x_exti.o ABSOLUTE
    ..\..\Firmware\GD32F10x_standard_peripheral\Source\gd32f10x_fmc.c 0x00000000   Number         0  gd32f10x_fmc.o ABSOLUTE
    ..\..\Firmware\GD32F10x_standard_peripheral\Source\gd32f10x_fwdgt.c 0x00000000   Number         0  gd32f10x_fwdgt.o ABSOLUTE
    ..\..\Firmware\GD32F10x_standard_peripheral\Source\gd32f10x_gpio.c 0x00000000   Number         0  gd32f10x_gpio.o ABSOLUTE
    ..\..\Firmware\GD32F10x_standard_peripheral\Source\gd32f10x_i2c.c 0x00000000   Number         0  gd32f10x_i2c.o ABSOLUTE
    ..\..\Firmware\GD32F10x_standard_peripheral\Source\gd32f10x_misc.c 0x00000000   Number         0  gd32f10x_misc.o ABSOLUTE
    ..\..\Firmware\GD32F10x_standard_peripheral\Source\gd32f10x_pmu.c 0x00000000   Number         0  gd32f10x_pmu.o ABSOLUTE
    ..\..\Firmware\GD32F10x_standard_peripheral\Source\gd32f10x_rcu.c 0x00000000   Number         0  gd32f10x_rcu.o ABSOLUTE
    ..\..\Firmware\GD32F10x_standard_peripheral\Source\gd32f10x_rtc.c 0x00000000   Number         0  gd32f10x_rtc.o ABSOLUTE
    ..\..\Firmware\GD32F10x_standard_peripheral\Source\gd32f10x_sdio.c 0x00000000   Number         0  gd32f10x_sdio.o ABSOLUTE
    ..\..\Firmware\GD32F10x_standard_peripheral\Source\gd32f10x_spi.c 0x00000000   Number         0  gd32f10x_spi.o ABSOLUTE
    ..\..\Firmware\GD32F10x_standard_peripheral\Source\gd32f10x_timer.c 0x00000000   Number         0  gd32f10x_timer.o ABSOLUTE
    ..\..\Firmware\GD32F10x_standard_peripheral\Source\gd32f10x_usart.c 0x00000000   Number         0  gd32f10x_usart.o ABSOLUTE
    ..\..\Firmware\GD32F10x_standard_peripheral\Source\gd32f10x_wwdgt.c 0x00000000   Number         0  gd32f10x_wwdgt.o ABSOLUTE
    ..\..\FreeRTOS\Source\croutine.c         0x00000000   Number         0  croutine.o ABSOLUTE
    ..\..\FreeRTOS\Source\event_groups.c     0x00000000   Number         0  event_groups.o ABSOLUTE
    ..\..\FreeRTOS\Source\list.c             0x00000000   Number         0  list.o ABSOLUTE
    ..\..\FreeRTOS\Source\portable\MemMang\heap_2.c 0x00000000   Number         0  heap_2.o ABSOLUTE
    ..\..\FreeRTOS\Source\portable\RVDS\ARM_CM3\port.c 0x00000000   Number         0  port.o ABSOLUTE
    ..\..\FreeRTOS\Source\queue.c            0x00000000   Number         0  queue.o ABSOLUTE
    ..\..\FreeRTOS\Source\tasks.c            0x00000000   Number         0  tasks.o ABSOLUTE
    ..\..\FreeRTOS\Source\timers.c           0x00000000   Number         0  timers.o ABSOLUTE
    ..\..\Utilities\gd32f10x_eval.c          0x00000000   Number         0  gd32f10x_eval.o ABSOLUTE
    ..\HardWare\hardware.c                   0x00000000   Number         0  hardware.o ABSOLUTE
    ..\HardWare\spi.c                        0x00000000   Number         0  spi.o ABSOLUTE
    ..\USER\CoreTask.c                       0x00000000   Number         0  coretask.o ABSOLUTE
    ..\USER\Infrared.c                       0x00000000   Number         0  infrared.o ABSOLUTE
    ..\USER\RFID.c                           0x00000000   Number         0  rfid.o ABSOLUTE
    ..\\..\\Firmware\\CMSIS\\GD\\GD32F10x\\Source\\system_gd32f10x.c 0x00000000   Number         0  system_gd32f10x.o ABSOLUTE
    ..\\..\\Firmware\\GD32F10x_standard_peripheral\\Source\\gd32f10x_adc.c 0x00000000   Number         0  gd32f10x_adc.o ABSOLUTE
    ..\\..\\Firmware\\GD32F10x_standard_peripheral\\Source\\gd32f10x_bkp.c 0x00000000   Number         0  gd32f10x_bkp.o ABSOLUTE
    ..\\..\\Firmware\\GD32F10x_standard_peripheral\\Source\\gd32f10x_can.c 0x00000000   Number         0  gd32f10x_can.o ABSOLUTE
    ..\\..\\Firmware\\GD32F10x_standard_peripheral\\Source\\gd32f10x_crc.c 0x00000000   Number         0  gd32f10x_crc.o ABSOLUTE
    ..\\..\\Firmware\\GD32F10x_standard_peripheral\\Source\\gd32f10x_dac.c 0x00000000   Number         0  gd32f10x_dac.o ABSOLUTE
    ..\\..\\Firmware\\GD32F10x_standard_peripheral\\Source\\gd32f10x_dbg.c 0x00000000   Number         0  gd32f10x_dbg.o ABSOLUTE
    ..\\..\\Firmware\\GD32F10x_standard_peripheral\\Source\\gd32f10x_dma.c 0x00000000   Number         0  gd32f10x_dma.o ABSOLUTE
    ..\\..\\Firmware\\GD32F10x_standard_peripheral\\Source\\gd32f10x_enet.c 0x00000000   Number         0  gd32f10x_enet.o ABSOLUTE
    ..\\..\\Firmware\\GD32F10x_standard_peripheral\\Source\\gd32f10x_exmc.c 0x00000000   Number         0  gd32f10x_exmc.o ABSOLUTE
    ..\\..\\Firmware\\GD32F10x_standard_peripheral\\Source\\gd32f10x_exti.c 0x00000000   Number         0  gd32f10x_exti.o ABSOLUTE
    ..\\..\\Firmware\\GD32F10x_standard_peripheral\\Source\\gd32f10x_fmc.c 0x00000000   Number         0  gd32f10x_fmc.o ABSOLUTE
    ..\\..\\Firmware\\GD32F10x_standard_peripheral\\Source\\gd32f10x_fwdgt.c 0x00000000   Number         0  gd32f10x_fwdgt.o ABSOLUTE
    ..\\..\\Firmware\\GD32F10x_standard_peripheral\\Source\\gd32f10x_gpio.c 0x00000000   Number         0  gd32f10x_gpio.o ABSOLUTE
    ..\\..\\Firmware\\GD32F10x_standard_peripheral\\Source\\gd32f10x_i2c.c 0x00000000   Number         0  gd32f10x_i2c.o ABSOLUTE
    ..\\..\\Firmware\\GD32F10x_standard_peripheral\\Source\\gd32f10x_misc.c 0x00000000   Number         0  gd32f10x_misc.o ABSOLUTE
    ..\\..\\Firmware\\GD32F10x_standard_peripheral\\Source\\gd32f10x_pmu.c 0x00000000   Number         0  gd32f10x_pmu.o ABSOLUTE
    ..\\..\\Firmware\\GD32F10x_standard_peripheral\\Source\\gd32f10x_rcu.c 0x00000000   Number         0  gd32f10x_rcu.o ABSOLUTE
    ..\\..\\Firmware\\GD32F10x_standard_peripheral\\Source\\gd32f10x_rtc.c 0x00000000   Number         0  gd32f10x_rtc.o ABSOLUTE
    ..\\..\\Firmware\\GD32F10x_standard_peripheral\\Source\\gd32f10x_sdio.c 0x00000000   Number         0  gd32f10x_sdio.o ABSOLUTE
    ..\\..\\Firmware\\GD32F10x_standard_peripheral\\Source\\gd32f10x_spi.c 0x00000000   Number         0  gd32f10x_spi.o ABSOLUTE
    ..\\..\\Firmware\\GD32F10x_standard_peripheral\\Source\\gd32f10x_timer.c 0x00000000   Number         0  gd32f10x_timer.o ABSOLUTE
    ..\\..\\Firmware\\GD32F10x_standard_peripheral\\Source\\gd32f10x_usart.c 0x00000000   Number         0  gd32f10x_usart.o ABSOLUTE
    ..\\..\\Firmware\\GD32F10x_standard_peripheral\\Source\\gd32f10x_wwdgt.c 0x00000000   Number         0  gd32f10x_wwdgt.o ABSOLUTE
    ..\\..\\FreeRTOS\\Source\\portable\\RVDS\\ARM_CM3\\port.c 0x00000000   Number         0  port.o ABSOLUTE
    ..\\..\\Utilities\\gd32f10x_eval.c       0x00000000   Number         0  gd32f10x_eval.o ABSOLUTE
    ..\\HardWare\\hardware.c                 0x00000000   Number         0  hardware.o ABSOLUTE
    ..\\HardWare\\spi.c                      0x00000000   Number         0  spi.o ABSOLUTE
    ..\\USER\\CoreTask.c                     0x00000000   Number         0  coretask.o ABSOLUTE
    ..\\USER\\Infrared.c                     0x00000000   Number         0  infrared.o ABSOLUTE
    ..\\USER\\RFID.c                         0x00000000   Number         0  rfid.o ABSOLUTE
    ..\\gd32f10x_it.c                        0x00000000   Number         0  gd32f10x_it.o ABSOLUTE
    ..\\main.c                               0x00000000   Number         0  main.o ABSOLUTE
    ..\\systick.c                            0x00000000   Number         0  systick.o ABSOLUTE
    ..\gd32f10x_it.c                         0x00000000   Number         0  gd32f10x_it.o ABSOLUTE
    ..\main.c                                0x00000000   Number         0  main.o ABSOLUTE
    ..\systick.c                             0x00000000   Number         0  systick.o ABSOLUTE
    cdrcmple.s                               0x00000000   Number         0  cdrcmple.o ABSOLUTE
    dc.s                                     0x00000000   Number         0  dc.o ABSOLUTE
    handlers.s                               0x00000000   Number         0  handlers.o ABSOLUTE
    init.s                                   0x00000000   Number         0  init.o ABSOLUTE
    RESET                                    0x08000000   Section      260  startup_gd32f10x_md.o(RESET)
    .ARM.Collect$$$$00000000                 0x08000104   Section        0  entry.o(.ARM.Collect$$$$00000000)
    .ARM.Collect$$$$00000001                 0x08000104   Section        4  entry2.o(.ARM.Collect$$$$00000001)
    .ARM.Collect$$$$00000004                 0x08000108   Section        4  entry5.o(.ARM.Collect$$$$00000004)
    .ARM.Collect$$$$00000008                 0x0800010c   Section        0  entry7b.o(.ARM.Collect$$$$00000008)
    .ARM.Collect$$$$0000000A                 0x0800010c   Section        0  entry8b.o(.ARM.Collect$$$$0000000A)
    .ARM.Collect$$$$0000000B                 0x0800010c   Section        8  entry9a.o(.ARM.Collect$$$$0000000B)
    .ARM.Collect$$$$0000000D                 0x08000114   Section        0  entry10a.o(.ARM.Collect$$$$0000000D)
    .ARM.Collect$$$$0000000F                 0x08000114   Section        0  entry11a.o(.ARM.Collect$$$$0000000F)
    .ARM.Collect$$$$00002712                 0x08000114   Section        4  entry2.o(.ARM.Collect$$$$00002712)
    __lit__00000000                          0x08000114   Data           4  entry2.o(.ARM.Collect$$$$00002712)
    .emb_text                                0x08000118   Section      150  port.o(.emb_text)
    .text                                    0x080001b0   Section       36  startup_gd32f10x_md.o(.text)
    .text                                    0x080001d4   Section        0  memcpya.o(.text)
    .text                                    0x080001f8   Section        0  memseta.o(.text)
    .text                                    0x0800021c   Section       36  init.o(.text)
    .text                                    0x08000240   Section        0  __dczerorl2.o(.text)
    i.AppTaskCreate                          0x08000298   Section        0  main.o(i.AppTaskCreate)
    AppTaskCreate                            0x08000299   Thumb Code    84  main.o(i.AppTaskCreate)
    i.BusFault_Handler                       0x08000330   Section        0  gd32f10x_it.o(i.BusFault_Handler)
    i.CC1101ClrTXBuff                        0x08000334   Section        0  hardware.o(i.CC1101ClrTXBuff)
    i.CC1101ReadReg                          0x08000342   Section        0  hardware.o(i.CC1101ReadReg)
    i.CC1101ReadStatus                       0x08000362   Section        0  hardware.o(i.CC1101ReadStatus)
    i.CC1101SendPacket                       0x08000382   Section        0  hardware.o(i.CC1101SendPacket)
    i.CC1101SetAddress                       0x080003fa   Section        0  hardware.o(i.CC1101SetAddress)
    i.CC1101SetIdle                          0x0800043a   Section        0  hardware.o(i.CC1101SetIdle)
    i.CC1101SetSYNC                          0x08000444   Section        0  hardware.o(i.CC1101SetSYNC)
    i.CC1101SetTRMode                        0x0800045c   Section        0  hardware.o(i.CC1101SetTRMode)
    i.CC1101WriteCmd                         0x08000486   Section        0  hardware.o(i.CC1101WriteCmd)
    i.CC1101WriteMultiReg                    0x0800049a   Section        0  hardware.o(i.CC1101WriteMultiReg)
    i.CC1101WriteReg                         0x080004ca   Section        0  hardware.o(i.CC1101WriteReg)
    i.CC1101_Init                            0x080004e8   Section        0  hardware.o(i.CC1101_Init)
    i.CC_CSN_HIGH                            0x0800057c   Section        0  hardware.o(i.CC_CSN_HIGH)
    i.CC_CSN_LOW                             0x0800058c   Section        0  hardware.o(i.CC_CSN_LOW)
    i.CoreInit                               0x0800059c   Section        0  coretask.o(i.CoreInit)
    i.DebugMon_Handler                       0x080005e8   Section        0  gd32f10x_it.o(i.DebugMon_Handler)
    i.EXTI0_IRQHandler                       0x080005ec   Section        0  hardware.o(i.EXTI0_IRQHandler)
    i.HardFault_Handler                      0x08000610   Section        0  gd32f10x_it.o(i.HardFault_Handler)
    i.IRA_DecodeHandler                      0x08000614   Section        0  infrared.o(i.IRA_DecodeHandler)
    i.IRA_Init                               0x080007a0   Section        0  infrared.o(i.IRA_Init)
    i.MemManage_Handler                      0x080007ec   Section        0  gd32f10x_it.o(i.MemManage_Handler)
    i.NMI_Handler                            0x080007f0   Section        0  gd32f10x_it.o(i.NMI_Handler)
    i.RF_SendPacket                          0x080007f2   Section        0  hardware.o(i.RF_SendPacket)
    i.SPI2_Init                              0x08000820   Section        0  spi.o(i.SPI2_Init)
    i.SPI_ExchangeByte                       0x0800088c   Section        0  spi.o(i.SPI_ExchangeByte)
    i.SystemInit                             0x080008c4   Section        0  system_gd32f10x.o(i.SystemInit)
    i.TIMER0_UP_IRQHandler                   0x08000928   Section        0  hardware.o(i.TIMER0_UP_IRQHandler)
    i.TIMER2_IRQHandler                      0x08000acc   Section        0  hardware.o(i.TIMER2_IRQHandler)
    i.UsageFault_Handler                     0x08000c58   Section        0  gd32f10x_it.o(i.UsageFault_Handler)
    i.__0printf$bare                         0x08000c5c   Section        0  printfb.o(i.__0printf$bare)
    i.__scatterload_copy                     0x08000c6c   Section       14  handlers.o(i.__scatterload_copy)
    i.__scatterload_null                     0x08000c7a   Section        2  handlers.o(i.__scatterload_null)
    i.__scatterload_zeroinit                 0x08000c7c   Section       14  handlers.o(i.__scatterload_zeroinit)
    i._printf_core                           0x08000c8a   Section        0  printfb.o(i._printf_core)
    _printf_core                             0x08000c8b   Thumb Code    34  printfb.o(i._printf_core)
    i.exti_config                            0x08000cac   Section        0  hardware.o(i.exti_config)
    i.exti_init                              0x08000cb8   Section        0  gd32f10x_exti.o(i.exti_init)
    i.exti_interrupt_flag_clear              0x08000d70   Section        0  gd32f10x_exti.o(i.exti_interrupt_flag_clear)
    i.exti_interrupt_flag_get                0x08000d7c   Section        0  gd32f10x_exti.o(i.exti_interrupt_flag_get)
    i.fputc                                  0x08000da0   Section        0  main.o(i.fputc)
    i.gd_eval_com_init                       0x08000dc4   Section        0  gd32f10x_eval.o(i.gd_eval_com_init)
    i.gd_eval_key_init                       0x08000e50   Section        0  gd32f10x_eval.o(i.gd_eval_key_init)
    i.gd_eval_key_state_get                  0x08000ed0   Section        0  gd32f10x_eval.o(i.gd_eval_key_state_get)
    i.gpio_bit_reset                         0x08000ef0   Section        0  gd32f10x_gpio.o(i.gpio_bit_reset)
    i.gpio_bit_set                           0x08000ef4   Section        0  gd32f10x_gpio.o(i.gpio_bit_set)
    i.gpio_config                            0x08000ef8   Section        0  hardware.o(i.gpio_config)
    i.gpio_exti_source_select                0x08000f64   Section        0  gd32f10x_gpio.o(i.gpio_exti_source_select)
    i.gpio_init                              0x08000ffc   Section        0  gd32f10x_gpio.o(i.gpio_init)
    i.gpio_input_bit_get                     0x08001090   Section        0  gd32f10x_gpio.o(i.gpio_input_bit_get)
    i.main                                   0x080010a0   Section        0  main.o(i.main)
    i.nvic_configuration                     0x08001100   Section        0  hardware.o(i.nvic_configuration)
    i.nvic_irq_enable                        0x08001128   Section        0  gd32f10x_misc.o(i.nvic_irq_enable)
    i.nvic_priority_group_set                0x080011cc   Section        0  gd32f10x_misc.o(i.nvic_priority_group_set)
    i.prvAddCurrentTaskToDelayedList         0x080011e0   Section        0  tasks.o(i.prvAddCurrentTaskToDelayedList)
    prvAddCurrentTaskToDelayedList           0x080011e1   Thumb Code   124  tasks.o(i.prvAddCurrentTaskToDelayedList)
    i.prvAddNewTaskToReadyList               0x08001278   Section        0  tasks.o(i.prvAddNewTaskToReadyList)
    prvAddNewTaskToReadyList                 0x08001279   Thumb Code   150  tasks.o(i.prvAddNewTaskToReadyList)
    i.prvCheckTasksWaitingTermination        0x0800132c   Section        0  tasks.o(i.prvCheckTasksWaitingTermination)
    prvCheckTasksWaitingTermination          0x0800132d   Thumb Code    86  tasks.o(i.prvCheckTasksWaitingTermination)
    i.prvCopyDataFromQueue                   0x08001390   Section        0  queue.o(i.prvCopyDataFromQueue)
    prvCopyDataFromQueue                     0x08001391   Thumb Code    42  queue.o(i.prvCopyDataFromQueue)
    i.prvCopyDataToQueue                     0x080013ba   Section        0  queue.o(i.prvCopyDataToQueue)
    prvCopyDataToQueue                       0x080013bb   Thumb Code   106  queue.o(i.prvCopyDataToQueue)
    i.prvDeleteTCB                           0x08001424   Section        0  tasks.o(i.prvDeleteTCB)
    prvDeleteTCB                             0x08001425   Thumb Code    18  tasks.o(i.prvDeleteTCB)
    i.prvHeapInit                            0x08001438   Section        0  heap_2.o(i.prvHeapInit)
    prvHeapInit                              0x08001439   Thumb Code    42  heap_2.o(i.prvHeapInit)
    i.prvIdleTask                            0x08001470   Section        0  tasks.o(i.prvIdleTask)
    prvIdleTask                              0x08001471   Thumb Code    32  tasks.o(i.prvIdleTask)
    i.prvInitialiseNewQueue                  0x08001498   Section        0  queue.o(i.prvInitialiseNewQueue)
    prvInitialiseNewQueue                    0x08001499   Thumb Code    38  queue.o(i.prvInitialiseNewQueue)
    i.prvInitialiseNewTask                   0x080014be   Section        0  tasks.o(i.prvInitialiseNewTask)
    prvInitialiseNewTask                     0x080014bf   Thumb Code   128  tasks.o(i.prvInitialiseNewTask)
    i.prvInitialiseTaskLists                 0x08001540   Section        0  tasks.o(i.prvInitialiseTaskLists)
    prvInitialiseTaskLists                   0x08001541   Thumb Code    70  tasks.o(i.prvInitialiseTaskLists)
    i.prvIsQueueEmpty                        0x080015a8   Section        0  queue.o(i.prvIsQueueEmpty)
    prvIsQueueEmpty                          0x080015a9   Thumb Code    26  queue.o(i.prvIsQueueEmpty)
    i.prvResetNextTaskUnblockTime            0x080015c4   Section        0  tasks.o(i.prvResetNextTaskUnblockTime)
    prvResetNextTaskUnblockTime              0x080015c5   Thumb Code    42  tasks.o(i.prvResetNextTaskUnblockTime)
    i.prvTaskExitError                       0x080015f8   Section        0  port.o(i.prvTaskExitError)
    prvTaskExitError                         0x080015f9   Thumb Code    22  port.o(i.prvTaskExitError)
    i.prvUnlockQueue                         0x0800160e   Section        0  queue.o(i.prvUnlockQueue)
    prvUnlockQueue                           0x0800160f   Thumb Code   126  queue.o(i.prvUnlockQueue)
    i.pvPortMalloc                           0x0800168c   Section        0  heap_2.o(i.pvPortMalloc)
    i.pxPortInitialiseStack                  0x08001744   Section        0  port.o(i.pxPortInitialiseStack)
    i.rcu_clock_freq_get                     0x08001768   Section        0  gd32f10x_rcu.o(i.rcu_clock_freq_get)
    i.rcu_config                             0x0800188c   Section        0  hardware.o(i.rcu_config)
    i.rcu_periph_clock_enable                0x080018a8   Section        0  gd32f10x_rcu.o(i.rcu_periph_clock_enable)
    i.rcu_periph_reset_disable               0x080018c8   Section        0  gd32f10x_rcu.o(i.rcu_periph_reset_disable)
    i.rcu_periph_reset_enable                0x080018e8   Section        0  gd32f10x_rcu.o(i.rcu_periph_reset_enable)
    i.spi_enable                             0x08001908   Section        0  gd32f10x_spi.o(i.spi_enable)
    i.spi_i2s_data_receive                   0x08001912   Section        0  gd32f10x_spi.o(i.spi_i2s_data_receive)
    i.spi_i2s_data_transmit                  0x0800191a   Section        0  gd32f10x_spi.o(i.spi_i2s_data_transmit)
    i.spi_i2s_flag_get                       0x0800191e   Section        0  gd32f10x_spi.o(i.spi_i2s_flag_get)
    i.spi_init                               0x0800192e   Section        0  gd32f10x_spi.o(i.spi_init)
    i.spi_nss_internal_high                  0x08001960   Section        0  gd32f10x_spi.o(i.spi_nss_internal_high)
    i.system_clock_108m_hxtal                0x0800196c   Section        0  system_gd32f10x.o(i.system_clock_108m_hxtal)
    system_clock_108m_hxtal                  0x0800196d   Thumb Code   182  system_gd32f10x.o(i.system_clock_108m_hxtal)
    i.system_clock_config                    0x08001a30   Section        0  system_gd32f10x.o(i.system_clock_config)
    system_clock_config                      0x08001a31   Thumb Code     8  system_gd32f10x.o(i.system_clock_config)
    i.timer_auto_reload_shadow_enable        0x08001a38   Section        0  gd32f10x_timer.o(i.timer_auto_reload_shadow_enable)
    i.timer_channel_capture_value_register_read 0x08001a42   Section        0  gd32f10x_timer.o(i.timer_channel_capture_value_register_read)
    i.timer_channel_input_capture_prescaler_config 0x08001a6c   Section        0  gd32f10x_timer.o(i.timer_channel_input_capture_prescaler_config)
    i.timer_channel_output_config            0x08001ac8   Section        0  gd32f10x_timer.o(i.timer_channel_output_config)
    i.timer_channel_output_mode_config       0x08001cb4   Section        0  gd32f10x_timer.o(i.timer_channel_output_mode_config)
    i.timer_channel_output_pulse_value_config 0x08001d0e   Section        0  gd32f10x_timer.o(i.timer_channel_output_pulse_value_config)
    i.timer_channel_output_shadow_config     0x08001d34   Section        0  gd32f10x_timer.o(i.timer_channel_output_shadow_config)
    i.timer_config                           0x08001d90   Section        0  hardware.o(i.timer_config)
    i.timer_counter_value_config             0x08001f78   Section        0  gd32f10x_timer.o(i.timer_counter_value_config)
    i.timer_deinit                           0x08001f7c   Section        0  gd32f10x_timer.o(i.timer_deinit)
    i.timer_disable                          0x08002058   Section        0  gd32f10x_timer.o(i.timer_disable)
    i.timer_enable                           0x08002062   Section        0  gd32f10x_timer.o(i.timer_enable)
    i.timer_init                             0x0800206c   Section        0  gd32f10x_timer.o(i.timer_init)
    i.timer_input_capture_config             0x08002140   Section        0  gd32f10x_timer.o(i.timer_input_capture_config)
    i.timer_input_polarity_config            0x08002286   Section        0  gd32f10x_timer.o(i.timer_input_polarity_config)
    i.timer_interrupt_enable                 0x08002302   Section        0  gd32f10x_timer.o(i.timer_interrupt_enable)
    i.timer_interrupt_flag_clear             0x0800230a   Section        0  gd32f10x_timer.o(i.timer_interrupt_flag_clear)
    i.timer_interrupt_flag_get               0x08002312   Section        0  gd32f10x_timer.o(i.timer_interrupt_flag_get)
    i.usart_baudrate_set                     0x0800232c   Section        0  gd32f10x_usart.o(i.usart_baudrate_set)
    i.usart_data_transmit                    0x080023bc   Section        0  gd32f10x_usart.o(i.usart_data_transmit)
    i.usart_deinit                           0x080023c4   Section        0  gd32f10x_usart.o(i.usart_deinit)
    i.usart_enable                           0x08002454   Section        0  gd32f10x_usart.o(i.usart_enable)
    i.usart_flag_get                         0x0800245e   Section        0  gd32f10x_usart.o(i.usart_flag_get)
    i.usart_receive_config                   0x0800247c   Section        0  gd32f10x_usart.o(i.usart_receive_config)
    i.usart_transmit_config                  0x0800248c   Section        0  gd32f10x_usart.o(i.usart_transmit_config)
    i.uxListRemove                           0x0800249c   Section        0  list.o(i.uxListRemove)
    i.vListInitialise                        0x080024c4   Section        0  list.o(i.vListInitialise)
    i.vListInitialiseItem                    0x080024de   Section        0  list.o(i.vListInitialiseItem)
    i.vListInsert                            0x080024e4   Section        0  list.o(i.vListInsert)
    i.vListInsertEnd                         0x08002518   Section        0  list.o(i.vListInsertEnd)
    i.vPortEnterCritical                     0x08002530   Section        0  port.o(i.vPortEnterCritical)
    i.vPortExitCritical                      0x08002554   Section        0  port.o(i.vPortExitCritical)
    i.vPortFree                              0x08002574   Section        0  heap_2.o(i.vPortFree)
    i.vPortSetupTimerInterrupt               0x080025b4   Section        0  port.o(i.vPortSetupTimerInterrupt)
    i.vTaskAttack                            0x080025c8   Section        0  main.o(i.vTaskAttack)
    i.vTaskBeAttack                          0x08002624   Section        0  infrared.o(i.vTaskBeAttack)
    i.vTaskCore                              0x080026c4   Section        0  coretask.o(i.vTaskCore)
    i.vTaskDelay                             0x08002778   Section        0  tasks.o(i.vTaskDelay)
    i.vTaskInfrared                          0x080027ac   Section        0  main.o(i.vTaskInfrared)
    i.vTaskMissedYield                       0x080028e0   Section        0  tasks.o(i.vTaskMissedYield)
    i.vTaskPlaceOnEventList                  0x080028ec   Section        0  tasks.o(i.vTaskPlaceOnEventList)
    i.vTaskSetTimeOutState                   0x0800290c   Section        0  tasks.o(i.vTaskSetTimeOutState)
    i.vTaskStartScheduler                    0x08002924   Section        0  tasks.o(i.vTaskStartScheduler)
    i.vTaskSuspendAll                        0x08002988   Section        0  tasks.o(i.vTaskSuspendAll)
    i.vTaskSwitchContext                     0x08002998   Section        0  tasks.o(i.vTaskSwitchContext)
    i.xPortStartScheduler                    0x080029f8   Section        0  port.o(i.xPortStartScheduler)
    i.xPortSysTickHandler                    0x08002a2c   Section        0  port.o(i.xPortSysTickHandler)
    i.xQueueGenericCreate                    0x08002a60   Section        0  queue.o(i.xQueueGenericCreate)
    i.xQueueGenericReceive                   0x08002a98   Section        0  queue.o(i.xQueueGenericReceive)
    i.xQueueGenericReset                     0x08002bd4   Section        0  queue.o(i.xQueueGenericReset)
    i.xQueueGenericSendFromISR               0x08002c54   Section        0  queue.o(i.xQueueGenericSendFromISR)
    i.xTaskCheckForTimeOut                   0x08002cdc   Section        0  tasks.o(i.xTaskCheckForTimeOut)
    i.xTaskCreate                            0x08002d38   Section        0  tasks.o(i.xTaskCreate)
    i.xTaskIncrementTick                     0x08002d98   Section        0  tasks.o(i.xTaskIncrementTick)
    i.xTaskRemoveFromEventList               0x08002eb4   Section        0  tasks.o(i.xTaskRemoveFromEventList)
    i.xTaskResumeAll                         0x08002f34   Section        0  tasks.o(i.xTaskResumeAll)
    .constdata                               0x0800301c   Section       44  hardware.o(.constdata)
    CC1101InitData                           0x0800301c   Data          44  hardware.o(.constdata)
    .data                                    0x20000000   Section       28  coretask.o(.data)
    .data                                    0x2000001c   Section       28  main.o(.data)
    timingdelaylocal                         0x20000034   Data           4  main.o(.data)
    .data                                    0x20000038   Section       16  infrared.o(.data)
    IRA_REC                                  0x20000040   Data           4  infrared.o(.data)
    .data                                    0x20000048   Section      174  gd32f10x_eval.o(.data)
    GPIO_PORT                                0x20000048   Data          16  gd32f10x_eval.o(.data)
    GPIO_PIN                                 0x20000058   Data          16  gd32f10x_eval.o(.data)
    COM_CLK                                  0x20000068   Data           4  gd32f10x_eval.o(.data)
    COM_TX_PIN                               0x2000006c   Data           8  gd32f10x_eval.o(.data)
    COM_RX_PIN                               0x20000074   Data           8  gd32f10x_eval.o(.data)
    COM_GPIO_PORT                            0x2000007c   Data           8  gd32f10x_eval.o(.data)
    COM_GPIO_CLK                             0x20000084   Data           4  gd32f10x_eval.o(.data)
    GPIO_CLK                                 0x20000088   Data           8  gd32f10x_eval.o(.data)
    KEY_PORT                                 0x20000090   Data          24  gd32f10x_eval.o(.data)
    KEY_PIN                                  0x200000a8   Data          24  gd32f10x_eval.o(.data)
    KEY_CLK                                  0x200000c0   Data          12  gd32f10x_eval.o(.data)
    KEY_EXTI_LINE                            0x200000cc   Data          24  gd32f10x_eval.o(.data)
    KEY_PORT_SOURCE                          0x200000e4   Data           6  gd32f10x_eval.o(.data)
    KEY_PIN_SOURCE                           0x200000ea   Data           6  gd32f10x_eval.o(.data)
    KEY_IRQn                                 0x200000f0   Data           6  gd32f10x_eval.o(.data)
    .data                                    0x200000f8   Section       60  tasks.o(.data)
    pxDelayedTaskList                        0x200000fc   Data           4  tasks.o(.data)
    pxOverflowDelayedTaskList                0x20000100   Data           4  tasks.o(.data)
    uxDeletedTasksWaitingCleanUp             0x20000104   Data           4  tasks.o(.data)
    uxCurrentNumberOfTasks                   0x20000108   Data           4  tasks.o(.data)
    xTickCount                               0x2000010c   Data           4  tasks.o(.data)
    uxTopReadyPriority                       0x20000110   Data           4  tasks.o(.data)
    xSchedulerRunning                        0x20000114   Data           4  tasks.o(.data)
    uxPendedTicks                            0x20000118   Data           4  tasks.o(.data)
    xYieldPending                            0x2000011c   Data           4  tasks.o(.data)
    xNumOfOverflows                          0x20000120   Data           4  tasks.o(.data)
    uxTaskNumber                             0x20000124   Data           4  tasks.o(.data)
    xNextTaskUnblockTime                     0x20000128   Data           4  tasks.o(.data)
    xIdleTaskHandle                          0x2000012c   Data           4  tasks.o(.data)
    uxSchedulerSuspended                     0x20000130   Data           4  tasks.o(.data)
    .data                                    0x20000134   Section       24  heap_2.o(.data)
    xStart                                   0x20000134   Data           8  heap_2.o(.data)
    xEnd                                     0x2000013c   Data           8  heap_2.o(.data)
    xFreeBytesRemaining                      0x20000144   Data           4  heap_2.o(.data)
    xHeapHasBeenInitialised                  0x20000148   Data           4  heap_2.o(.data)
    .data                                    0x2000014c   Section        4  port.o(.data)
    uxCriticalNesting                        0x2000014c   Data           4  port.o(.data)
    .data                                    0x20000150   Section       61  hardware.o(.data)
    .data                                    0x20000190   Section        4  stdout.o(.data)
    .bss                                     0x20000194   Section      140  coretask.o(.bss)
    .bss                                     0x20000220   Section       80  main.o(.bss)
    .bss                                     0x20000270   Section      104  infrared.o(.bss)
    IRA                                      0x200002c0   Data          24  infrared.o(.bss)
    .bss                                     0x200002d8   Section      200  tasks.o(.bss)
    pxReadyTasksLists                        0x200002d8   Data         100  tasks.o(.bss)
    xDelayedTaskList1                        0x2000033c   Data          20  tasks.o(.bss)
    xDelayedTaskList2                        0x20000350   Data          20  tasks.o(.bss)
    xPendingReadyList                        0x20000364   Data          20  tasks.o(.bss)
    xTasksWaitingTermination                 0x20000378   Data          20  tasks.o(.bss)
    xSuspendedTaskList                       0x2000038c   Data          20  tasks.o(.bss)
    .bss                                     0x200003a0   Section    17408  heap_2.o(.bss)
    ucHeap                                   0x200003a0   Data       17408  heap_2.o(.bss)
    .bss                                     0x200047a0   Section      400  hardware.o(.bss)
    STACK                                    0x20004930   Section     1024  startup_gd32f10x_md.o(STACK)

    Global Symbols

    Symbol Name                              Value     Ov Type        Size  Object(Section)

    BuildAttributes$$THM_ISAv4$P$D$K$B$S$PE$A:L22UL41UL21$X:L11$S22US41US21$IEEE1$IW$USESV6$~STKCKD$USESV7$~SHL$OSPACE$ROPI$EBA8$MICROLIB$REQ8$PRES8$EABIv2 0x00000000   Number         0  anon$$obj.o ABSOLUTE
    __ARM_use_no_argv                        0x00000000   Number         0  main.o ABSOLUTE
    __cpp_initialize__aeabi_                  - Undefined Weak Reference
    __cxa_finalize                            - Undefined Weak Reference
    _clock_init                               - Undefined Weak Reference
    _microlib_exit                            - Undefined Weak Reference
    __Vectors_Size                           0x00000104   Number         0  startup_gd32f10x_md.o ABSOLUTE
    __Vectors                                0x08000000   Data           4  startup_gd32f10x_md.o(RESET)
    __Vectors_End                            0x08000104   Data           0  startup_gd32f10x_md.o(RESET)
    __main                                   0x08000105   Thumb Code     0  entry.o(.ARM.Collect$$$$00000000)
    _main_stk                                0x08000105   Thumb Code     0  entry2.o(.ARM.Collect$$$$00000001)
    _main_scatterload                        0x08000109   Thumb Code     0  entry5.o(.ARM.Collect$$$$00000004)
    __main_after_scatterload                 0x0800010d   Thumb Code     0  entry5.o(.ARM.Collect$$$$00000004)
    _main_clock                              0x0800010d   Thumb Code     0  entry7b.o(.ARM.Collect$$$$00000008)
    _main_cpp_init                           0x0800010d   Thumb Code     0  entry8b.o(.ARM.Collect$$$$0000000A)
    _main_init                               0x0800010d   Thumb Code     0  entry9a.o(.ARM.Collect$$$$0000000B)
    __rt_final_cpp                           0x08000115   Thumb Code     0  entry10a.o(.ARM.Collect$$$$0000000D)
    __rt_final_exit                          0x08000115   Thumb Code     0  entry11a.o(.ARM.Collect$$$$0000000F)
    vPortSVCHandler                          0x08000119   Thumb Code    32  port.o(.emb_text)
    __asm___6_port_c_39a90d8d__prvStartFirstTask 0x0800013d   Thumb Code    28  port.o(.emb_text)
    xPortPendSVHandler                       0x0800015d   Thumb Code    72  port.o(.emb_text)
    vPortGetIPSR                             0x080001a9   Thumb Code     6  port.o(.emb_text)
    Reset_Handler                            0x080001b1   Thumb Code     8  startup_gd32f10x_md.o(.text)
    ADC0_1_IRQHandler                        0x080001cb   Thumb Code     0  startup_gd32f10x_md.o(.text)
    CAN0_EWMC_IRQHandler                     0x080001cb   Thumb Code     0  startup_gd32f10x_md.o(.text)
    CAN0_RX1_IRQHandler                      0x080001cb   Thumb Code     0  startup_gd32f10x_md.o(.text)
    DMA0_Channel0_IRQHandler                 0x080001cb   Thumb Code     0  startup_gd32f10x_md.o(.text)
    DMA0_Channel1_IRQHandler                 0x080001cb   Thumb Code     0  startup_gd32f10x_md.o(.text)
    DMA0_Channel2_IRQHandler                 0x080001cb   Thumb Code     0  startup_gd32f10x_md.o(.text)
    DMA0_Channel3_IRQHandler                 0x080001cb   Thumb Code     0  startup_gd32f10x_md.o(.text)
    DMA0_Channel4_IRQHandler                 0x080001cb   Thumb Code     0  startup_gd32f10x_md.o(.text)
    DMA0_Channel5_IRQHandler                 0x080001cb   Thumb Code     0  startup_gd32f10x_md.o(.text)
    DMA0_Channel6_IRQHandler                 0x080001cb   Thumb Code     0  startup_gd32f10x_md.o(.text)
    EXMC_IRQHandler                          0x080001cb   Thumb Code     0  startup_gd32f10x_md.o(.text)
    EXTI10_15_IRQHandler                     0x080001cb   Thumb Code     0  startup_gd32f10x_md.o(.text)
    EXTI1_IRQHandler                         0x080001cb   Thumb Code     0  startup_gd32f10x_md.o(.text)
    EXTI2_IRQHandler                         0x080001cb   Thumb Code     0  startup_gd32f10x_md.o(.text)
    EXTI3_IRQHandler                         0x080001cb   Thumb Code     0  startup_gd32f10x_md.o(.text)
    EXTI4_IRQHandler                         0x080001cb   Thumb Code     0  startup_gd32f10x_md.o(.text)
    EXTI5_9_IRQHandler                       0x080001cb   Thumb Code     0  startup_gd32f10x_md.o(.text)
    FMC_IRQHandler                           0x080001cb   Thumb Code     0  startup_gd32f10x_md.o(.text)
    I2C0_ER_IRQHandler                       0x080001cb   Thumb Code     0  startup_gd32f10x_md.o(.text)
    I2C0_EV_IRQHandler                       0x080001cb   Thumb Code     0  startup_gd32f10x_md.o(.text)
    I2C1_ER_IRQHandler                       0x080001cb   Thumb Code     0  startup_gd32f10x_md.o(.text)
    I2C1_EV_IRQHandler                       0x080001cb   Thumb Code     0  startup_gd32f10x_md.o(.text)
    LVD_IRQHandler                           0x080001cb   Thumb Code     0  startup_gd32f10x_md.o(.text)
    RCU_IRQHandler                           0x080001cb   Thumb Code     0  startup_gd32f10x_md.o(.text)
    RTC_Alarm_IRQHandler                     0x080001cb   Thumb Code     0  startup_gd32f10x_md.o(.text)
    RTC_IRQHandler                           0x080001cb   Thumb Code     0  startup_gd32f10x_md.o(.text)
    SPI0_IRQHandler                          0x080001cb   Thumb Code     0  startup_gd32f10x_md.o(.text)
    SPI1_IRQHandler                          0x080001cb   Thumb Code     0  startup_gd32f10x_md.o(.text)
    TAMPER_IRQHandler                        0x080001cb   Thumb Code     0  startup_gd32f10x_md.o(.text)
    TIMER0_BRK_IRQHandler                    0x080001cb   Thumb Code     0  startup_gd32f10x_md.o(.text)
    TIMER0_Channel_IRQHandler                0x080001cb   Thumb Code     0  startup_gd32f10x_md.o(.text)
    TIMER0_TRG_CMT_IRQHandler                0x080001cb   Thumb Code     0  startup_gd32f10x_md.o(.text)
    TIMER1_IRQHandler                        0x080001cb   Thumb Code     0  startup_gd32f10x_md.o(.text)
    TIMER3_IRQHandler                        0x080001cb   Thumb Code     0  startup_gd32f10x_md.o(.text)
    USART0_IRQHandler                        0x080001cb   Thumb Code     0  startup_gd32f10x_md.o(.text)
    USART1_IRQHandler                        0x080001cb   Thumb Code     0  startup_gd32f10x_md.o(.text)
    USART2_IRQHandler                        0x080001cb   Thumb Code     0  startup_gd32f10x_md.o(.text)
    USBD_HP_CAN0_TX_IRQHandler               0x080001cb   Thumb Code     0  startup_gd32f10x_md.o(.text)
    USBD_LP_CAN0_RX0_IRQHandler              0x080001cb   Thumb Code     0  startup_gd32f10x_md.o(.text)
    USBD_WKUP_IRQHandler                     0x080001cb   Thumb Code     0  startup_gd32f10x_md.o(.text)
    WWDGT_IRQHandler                         0x080001cb   Thumb Code     0  startup_gd32f10x_md.o(.text)
    __aeabi_memcpy                           0x080001d5   Thumb Code    36  memcpya.o(.text)
    __aeabi_memcpy4                          0x080001d5   Thumb Code     0  memcpya.o(.text)
    __aeabi_memcpy8                          0x080001d5   Thumb Code     0  memcpya.o(.text)
    __aeabi_memset                           0x080001f9   Thumb Code    14  memseta.o(.text)
    __aeabi_memset4                          0x080001f9   Thumb Code     0  memseta.o(.text)
    __aeabi_memset8                          0x080001f9   Thumb Code     0  memseta.o(.text)
    __aeabi_memclr                           0x08000207   Thumb Code     4  memseta.o(.text)
    __aeabi_memclr4                          0x08000207   Thumb Code     0  memseta.o(.text)
    __aeabi_memclr8                          0x08000207   Thumb Code     0  memseta.o(.text)
    _memset$wrapper                          0x0800020b   Thumb Code    18  memseta.o(.text)
    __scatterload                            0x0800021d   Thumb Code    28  init.o(.text)
    __scatterload_rt2                        0x0800021d   Thumb Code     0  init.o(.text)
    __decompress                             0x08000241   Thumb Code     0  __dczerorl2.o(.text)
    __decompress1                            0x08000241   Thumb Code    86  __dczerorl2.o(.text)
    BusFault_Handler                         0x08000331   Thumb Code     4  gd32f10x_it.o(i.BusFault_Handler)
    CC1101ClrTXBuff                          0x08000335   Thumb Code    14  hardware.o(i.CC1101ClrTXBuff)
    CC1101ReadReg                            0x08000343   Thumb Code    32  hardware.o(i.CC1101ReadReg)
    CC1101ReadStatus                         0x08000363   Thumb Code    32  hardware.o(i.CC1101ReadStatus)
    CC1101SendPacket                         0x08000383   Thumb Code   120  hardware.o(i.CC1101SendPacket)
    CC1101SetAddress                         0x080003fb   Thumb Code    64  hardware.o(i.CC1101SetAddress)
    CC1101SetIdle                            0x0800043b   Thumb Code    10  hardware.o(i.CC1101SetIdle)
    CC1101SetSYNC                            0x08000445   Thumb Code    24  hardware.o(i.CC1101SetSYNC)
    CC1101SetTRMode                          0x0800045d   Thumb Code    42  hardware.o(i.CC1101SetTRMode)
    CC1101WriteCmd                           0x08000487   Thumb Code    20  hardware.o(i.CC1101WriteCmd)
    CC1101WriteMultiReg                      0x0800049b   Thumb Code    48  hardware.o(i.CC1101WriteMultiReg)
    CC1101WriteReg                           0x080004cb   Thumb Code    28  hardware.o(i.CC1101WriteReg)
    CC1101_Init                              0x080004e9   Thumb Code   138  hardware.o(i.CC1101_Init)
    CC_CSN_HIGH                              0x0800057d   Thumb Code    12  hardware.o(i.CC_CSN_HIGH)
    CC_CSN_LOW                               0x0800058d   Thumb Code    12  hardware.o(i.CC_CSN_LOW)
    CoreInit                                 0x0800059d   Thumb Code    54  coretask.o(i.CoreInit)
    DebugMon_Handler                         0x080005e9   Thumb Code     2  gd32f10x_it.o(i.DebugMon_Handler)
    EXTI0_IRQHandler                         0x080005ed   Thumb Code    32  hardware.o(i.EXTI0_IRQHandler)
    HardFault_Handler                        0x08000611   Thumb Code     4  gd32f10x_it.o(i.HardFault_Handler)
    IRA_DecodeHandler                        0x08000615   Thumb Code   384  infrared.o(i.IRA_DecodeHandler)
    IRA_Init                                 0x080007a1   Thumb Code    60  infrared.o(i.IRA_Init)
    MemManage_Handler                        0x080007ed   Thumb Code     4  gd32f10x_it.o(i.MemManage_Handler)
    NMI_Handler                              0x080007f1   Thumb Code     2  gd32f10x_it.o(i.NMI_Handler)
    RF_SendPacket                            0x080007f3   Thumb Code    46  hardware.o(i.RF_SendPacket)
    SPI2_Init                                0x08000821   Thumb Code   100  spi.o(i.SPI2_Init)
    SPI_ExchangeByte                         0x0800088d   Thumb Code    50  spi.o(i.SPI_ExchangeByte)
    SystemInit                               0x080008c5   Thumb Code    84  system_gd32f10x.o(i.SystemInit)
    TIMER0_UP_IRQHandler                     0x08000929   Thumb Code   400  hardware.o(i.TIMER0_UP_IRQHandler)
    TIMER2_IRQHandler                        0x08000acd   Thumb Code   360  hardware.o(i.TIMER2_IRQHandler)
    UsageFault_Handler                       0x08000c59   Thumb Code     4  gd32f10x_it.o(i.UsageFault_Handler)
    __0printf$bare                           0x08000c5d   Thumb Code     8  printfb.o(i.__0printf$bare)
    __1printf$bare                           0x08000c5d   Thumb Code     0  printfb.o(i.__0printf$bare)
    __2printf                                0x08000c5d   Thumb Code     0  printfb.o(i.__0printf$bare)
    __scatterload_copy                       0x08000c6d   Thumb Code    14  handlers.o(i.__scatterload_copy)
    __scatterload_null                       0x08000c7b   Thumb Code     2  handlers.o(i.__scatterload_null)
    __scatterload_zeroinit                   0x08000c7d   Thumb Code    14  handlers.o(i.__scatterload_zeroinit)
    exti_config                              0x08000cad   Thumb Code    12  hardware.o(i.exti_config)
    exti_init                                0x08000cb9   Thumb Code   178  gd32f10x_exti.o(i.exti_init)
    exti_interrupt_flag_clear                0x08000d71   Thumb Code     6  gd32f10x_exti.o(i.exti_interrupt_flag_clear)
    exti_interrupt_flag_get                  0x08000d7d   Thumb Code    32  gd32f10x_exti.o(i.exti_interrupt_flag_get)
    fputc                                    0x08000da1   Thumb Code    32  main.o(i.fputc)
    gd_eval_com_init                         0x08000dc5   Thumb Code   116  gd32f10x_eval.o(i.gd_eval_com_init)
    gd_eval_key_init                         0x08000e51   Thumb Code    98  gd32f10x_eval.o(i.gd_eval_key_init)
    gd_eval_key_state_get                    0x08000ed1   Thumb Code    22  gd32f10x_eval.o(i.gd_eval_key_state_get)
    gpio_bit_reset                           0x08000ef1   Thumb Code     4  gd32f10x_gpio.o(i.gpio_bit_reset)
    gpio_bit_set                             0x08000ef5   Thumb Code     4  gd32f10x_gpio.o(i.gpio_bit_set)
    gpio_config                              0x08000ef9   Thumb Code    98  hardware.o(i.gpio_config)
    gpio_exti_source_select                  0x08000f65   Thumb Code   146  gd32f10x_gpio.o(i.gpio_exti_source_select)
    gpio_init                                0x08000ffd   Thumb Code   148  gd32f10x_gpio.o(i.gpio_init)
    gpio_input_bit_get                       0x08001091   Thumb Code    16  gd32f10x_gpio.o(i.gpio_input_bit_get)
    main                                     0x080010a1   Thumb Code    58  main.o(i.main)
    nvic_configuration                       0x08001101   Thumb Code    40  hardware.o(i.nvic_configuration)
    nvic_irq_enable                          0x08001129   Thumb Code   156  gd32f10x_misc.o(i.nvic_irq_enable)
    nvic_priority_group_set                  0x080011cd   Thumb Code    10  gd32f10x_misc.o(i.nvic_priority_group_set)
    pvPortMalloc                             0x0800168d   Thumb Code   166  heap_2.o(i.pvPortMalloc)
    pxPortInitialiseStack                    0x08001745   Thumb Code    30  port.o(i.pxPortInitialiseStack)
    rcu_clock_freq_get                       0x08001769   Thumb Code   264  gd32f10x_rcu.o(i.rcu_clock_freq_get)
    rcu_config                               0x0800188d   Thumb Code    28  hardware.o(i.rcu_config)
    rcu_periph_clock_enable                  0x080018a9   Thumb Code    28  gd32f10x_rcu.o(i.rcu_periph_clock_enable)
    rcu_periph_reset_disable                 0x080018c9   Thumb Code    28  gd32f10x_rcu.o(i.rcu_periph_reset_disable)
    rcu_periph_reset_enable                  0x080018e9   Thumb Code    28  gd32f10x_rcu.o(i.rcu_periph_reset_enable)
    spi_enable                               0x08001909   Thumb Code    10  gd32f10x_spi.o(i.spi_enable)
    spi_i2s_data_receive                     0x08001913   Thumb Code     8  gd32f10x_spi.o(i.spi_i2s_data_receive)
    spi_i2s_data_transmit                    0x0800191b   Thumb Code     4  gd32f10x_spi.o(i.spi_i2s_data_transmit)
    spi_i2s_flag_get                         0x0800191f   Thumb Code    16  gd32f10x_spi.o(i.spi_i2s_flag_get)
    spi_init                                 0x0800192f   Thumb Code    50  gd32f10x_spi.o(i.spi_init)
    spi_nss_internal_high                    0x08001961   Thumb Code    10  gd32f10x_spi.o(i.spi_nss_internal_high)
    timer_auto_reload_shadow_enable          0x08001a39   Thumb Code    10  gd32f10x_timer.o(i.timer_auto_reload_shadow_enable)
    timer_channel_capture_value_register_read 0x08001a43   Thumb Code    42  gd32f10x_timer.o(i.timer_channel_capture_value_register_read)
    timer_channel_input_capture_prescaler_config 0x08001a6d   Thumb Code    90  gd32f10x_timer.o(i.timer_channel_input_capture_prescaler_config)
    timer_channel_output_config              0x08001ac9   Thumb Code   484  gd32f10x_timer.o(i.timer_channel_output_config)
    timer_channel_output_mode_config         0x08001cb5   Thumb Code    90  gd32f10x_timer.o(i.timer_channel_output_mode_config)
    timer_channel_output_pulse_value_config  0x08001d0f   Thumb Code    38  gd32f10x_timer.o(i.timer_channel_output_pulse_value_config)
    timer_channel_output_shadow_config       0x08001d35   Thumb Code    90  gd32f10x_timer.o(i.timer_channel_output_shadow_config)
    timer_config                             0x08001d91   Thumb Code   476  hardware.o(i.timer_config)
    timer_counter_value_config               0x08001f79   Thumb Code     4  gd32f10x_timer.o(i.timer_counter_value_config)
    timer_deinit                             0x08001f7d   Thumb Code   210  gd32f10x_timer.o(i.timer_deinit)
    timer_disable                            0x08002059   Thumb Code    10  gd32f10x_timer.o(i.timer_disable)
    timer_enable                             0x08002063   Thumb Code    10  gd32f10x_timer.o(i.timer_enable)
    timer_init                               0x0800206d   Thumb Code   158  gd32f10x_timer.o(i.timer_init)
    timer_input_capture_config               0x08002141   Thumb Code   326  gd32f10x_timer.o(i.timer_input_capture_config)
    timer_input_polarity_config              0x08002287   Thumb Code   124  gd32f10x_timer.o(i.timer_input_polarity_config)
    timer_interrupt_enable                   0x08002303   Thumb Code     8  gd32f10x_timer.o(i.timer_interrupt_enable)
    timer_interrupt_flag_clear               0x0800230b   Thumb Code     8  gd32f10x_timer.o(i.timer_interrupt_flag_clear)
    timer_interrupt_flag_get                 0x08002313   Thumb Code    24  gd32f10x_timer.o(i.timer_interrupt_flag_get)
    usart_baudrate_set                       0x0800232d   Thumb Code   136  gd32f10x_usart.o(i.usart_baudrate_set)
    usart_data_transmit                      0x080023bd   Thumb Code     8  gd32f10x_usart.o(i.usart_data_transmit)
    usart_deinit                             0x080023c5   Thumb Code   136  gd32f10x_usart.o(i.usart_deinit)
    usart_enable                             0x08002455   Thumb Code    10  gd32f10x_usart.o(i.usart_enable)
    usart_flag_get                           0x0800245f   Thumb Code    30  gd32f10x_usart.o(i.usart_flag_get)
    usart_receive_config                     0x0800247d   Thumb Code    16  gd32f10x_usart.o(i.usart_receive_config)
    usart_transmit_config                    0x0800248d   Thumb Code    16  gd32f10x_usart.o(i.usart_transmit_config)
    uxListRemove                             0x0800249d   Thumb Code    40  list.o(i.uxListRemove)
    vListInitialise                          0x080024c5   Thumb Code    26  list.o(i.vListInitialise)
    vListInitialiseItem                      0x080024df   Thumb Code     6  list.o(i.vListInitialiseItem)
    vListInsert                              0x080024e5   Thumb Code    52  list.o(i.vListInsert)
    vListInsertEnd                           0x08002519   Thumb Code    24  list.o(i.vListInsertEnd)
    vPortEnterCritical                       0x08002531   Thumb Code    30  port.o(i.vPortEnterCritical)
    vPortExitCritical                        0x08002555   Thumb Code    28  port.o(i.vPortExitCritical)
    vPortFree                                0x08002575   Thumb Code    56  heap_2.o(i.vPortFree)
    vPortSetupTimerInterrupt                 0x080025b5   Thumb Code    14  port.o(i.vPortSetupTimerInterrupt)
    vTaskAttack                              0x080025c9   Thumb Code    74  main.o(i.vTaskAttack)
    vTaskBeAttack                            0x08002625   Thumb Code   140  infrared.o(i.vTaskBeAttack)
    vTaskCore                                0x080026c5   Thumb Code   150  coretask.o(i.vTaskCore)
    vTaskDelay                               0x08002779   Thumb Code    46  tasks.o(i.vTaskDelay)
    vTaskInfrared                            0x080027ad   Thumb Code   290  main.o(i.vTaskInfrared)
    vTaskMissedYield                         0x080028e1   Thumb Code     8  tasks.o(i.vTaskMissedYield)
    vTaskPlaceOnEventList                    0x080028ed   Thumb Code    28  tasks.o(i.vTaskPlaceOnEventList)
    vTaskSetTimeOutState                     0x0800290d   Thumb Code    14  tasks.o(i.vTaskSetTimeOutState)
    vTaskStartScheduler                      0x08002925   Thumb Code    72  tasks.o(i.vTaskStartScheduler)
    vTaskSuspendAll                          0x08002989   Thumb Code    12  tasks.o(i.vTaskSuspendAll)
    vTaskSwitchContext                       0x08002999   Thumb Code    76  tasks.o(i.vTaskSwitchContext)
    xPortStartScheduler                      0x080029f9   Thumb Code    42  port.o(i.xPortStartScheduler)
    xPortSysTickHandler                      0x08002a2d   Thumb Code    46  port.o(i.xPortSysTickHandler)
    xQueueGenericCreate                      0x08002a61   Thumb Code    56  queue.o(i.xQueueGenericCreate)
    xQueueGenericReceive                     0x08002a99   Thumb Code   312  queue.o(i.xQueueGenericReceive)
    xQueueGenericReset                       0x08002bd5   Thumb Code   122  queue.o(i.xQueueGenericReset)
    xQueueGenericSendFromISR                 0x08002c55   Thumb Code   134  queue.o(i.xQueueGenericSendFromISR)
    xTaskCheckForTimeOut                     0x08002cdd   Thumb Code    84  tasks.o(i.xTaskCheckForTimeOut)
    xTaskCreate                              0x08002d39   Thumb Code    96  tasks.o(i.xTaskCreate)
    xTaskIncrementTick                       0x08002d99   Thumb Code   238  tasks.o(i.xTaskIncrementTick)
    xTaskRemoveFromEventList                 0x08002eb5   Thumb Code   104  tasks.o(i.xTaskRemoveFromEventList)
    xTaskResumeAll                           0x08002f35   Thumb Code   196  tasks.o(i.xTaskResumeAll)
    Region$$Table$$Base                      0x08003048   Number         0  anon$$obj.o(Region$$Table)
    Region$$Table$$Limit                     0x08003068   Number         0  anon$$obj.o(Region$$Table)
    Self_info                                0x20000000   Data           3  coretask.o(.data)
    my_attacker_info                         0x20000004   Data           8  coretask.o(.data)
    attacker_info                            0x2000000c   Data           8  coretask.o(.data)
    GameOver                                 0x20000014   Data           1  coretask.o(.data)
    xQueueCoreMsg                            0x20000018   Data           4  coretask.o(.data)
    GameBegin                                0x2000001c   Data           1  main.o(.data)
    xQueueKeyMsg                             0x20000020   Data           4  main.o(.data)
    xQueueInfraredMsg                        0x20000024   Data           4  main.o(.data)
    end_zero                                 0x20000028   Data           1  main.o(.data)
    end_one                                  0x20000029   Data           1  main.o(.data)
    adc_value                                0x2000002a   Data           8  main.o(.data)
    begin                                    0x20000038   Data           4  infrared.o(.data)
    end                                      0x2000003c   Data           4  infrared.o(.data)
    temp                                     0x20000044   Data           4  infrared.o(.data)
    pxCurrentTCB                             0x200000f8   Data           4  tasks.o(.data)
    ctl_flag                                 0x20000150   Data           4  hardware.o(.data)
    i                                        0x20000154   Data           4  hardware.o(.data)
    audio_bit                                0x20000158   Data           4  hardware.o(.data)
    IRAHighCnt                               0x2000015c   Data           4  hardware.o(.data)
    IRALowCnt                                0x20000160   Data           4  hardware.o(.data)
    timer2_modulate                          0x20000164   Data           1  hardware.o(.data)
    InfraLen                                 0x20000165   Data           1  hardware.o(.data)
    IraSta                                   0x20000166   Data           1  hardware.o(.data)
    Dval                                     0x20000168   Data           2  hardware.o(.data)
    IraRec                                   0x2000016c   Data           4  hardware.o(.data)
    IraCnt                                   0x20000170   Data           1  hardware.o(.data)
    attack_flag                              0x20000171   Data           1  hardware.o(.data)
    Cnt1ms                                   0x20000172   Data           1  hardware.o(.data)
    SendFlag                                 0x20000173   Data           1  hardware.o(.data)
    SendTime                                 0x20000174   Data           2  hardware.o(.data)
    RecvWaitTime                             0x20000176   Data           2  hardware.o(.data)
    SendCnt                                  0x20000178   Data           2  hardware.o(.data)
    AckBuffer                                0x2000017a   Data          10  hardware.o(.data)
    RecvCnt                                  0x20000184   Data           1  hardware.o(.data)
    PaTabel                                  0x20000185   Data           8  hardware.o(.data)
    __stdout                                 0x20000190   Data           4  stdout.o(.data)
    report_info                              0x20000194   Data          12  coretask.o(.bss)
    SysInfo                                  0x200001a0   Data         128  coretask.o(.bss)
    sendbuf                                  0x20000220   Data          80  main.o(.bss)
    batk_array                               0x20000270   Data          80  infrared.o(.bss)
    Infra_recvbuf                            0x200047a0   Data         400  hardware.o(.bss)
    __initial_sp                             0x20004d30   Data           0  startup_gd32f10x_md.o(STACK)



==============================================================================

Memory Map of the image

  Image Entry point : 0x08000105

  Load Region LR_IROM1 (Base: 0x08000000, Size: 0x000031fc, Max: 0x00020000, ABSOLUTE, COMPRESSED[0x000030e0])

    Execution Region ER_IROM1 (Base: 0x08000000, Size: 0x00003068, Max: 0x00020000, ABSOLUTE)

    Base Addr    Size         Type   Attr      Idx    E Section Name        Object

    0x08000000   0x00000104   Data   RO         4117    RESET               startup_gd32f10x_md.o
    0x08000104   0x00000000   Code   RO         5040  * .ARM.Collect$$$$00000000  mc_w.l(entry.o)
    0x08000104   0x00000004   Code   RO         5309    .ARM.Collect$$$$00000001  mc_w.l(entry2.o)
    0x08000108   0x00000004   Code   RO         5312    .ARM.Collect$$$$00000004  mc_w.l(entry5.o)
    0x0800010c   0x00000000   Code   RO         5314    .ARM.Collect$$$$00000008  mc_w.l(entry7b.o)
    0x0800010c   0x00000000   Code   RO         5316    .ARM.Collect$$$$0000000A  mc_w.l(entry8b.o)
    0x0800010c   0x00000008   Code   RO         5317    .ARM.Collect$$$$0000000B  mc_w.l(entry9a.o)
    0x08000114   0x00000000   Code   RO         5319    .ARM.Collect$$$$0000000D  mc_w.l(entry10a.o)
    0x08000114   0x00000000   Code   RO         5321    .ARM.Collect$$$$0000000F  mc_w.l(entry11a.o)
    0x08000114   0x00000004   Code   RO         5310    .ARM.Collect$$$$00002712  mc_w.l(entry2.o)
    0x08000118   0x00000096   Code   RO         4752    .emb_text           port.o
    0x080001ae   0x00000002   PAD
    0x080001b0   0x00000024   Code   RO         4118    .text               startup_gd32f10x_md.o
    0x080001d4   0x00000024   Code   RO         5043    .text               mc_w.l(memcpya.o)
    0x080001f8   0x00000024   Code   RO         5045    .text               mc_w.l(memseta.o)
    0x0800021c   0x00000024   Code   RO         5339    .text               mc_w.l(init.o)
    0x08000240   0x00000056   Code   RO         5357    .text               mc_w.l(__dczerorl2.o)
    0x08000296   0x00000002   PAD
    0x08000298   0x00000098   Code   RO          343    i.AppTaskCreate     main.o
    0x08000330   0x00000004   Code   RO          132    i.BusFault_Handler  gd32f10x_it.o
    0x08000334   0x0000000e   Code   RO         4825    i.CC1101ClrTXBuff   hardware.o
    0x08000342   0x00000020   Code   RO         4826    i.CC1101ReadReg     hardware.o
    0x08000362   0x00000020   Code   RO         4827    i.CC1101ReadStatus  hardware.o
    0x08000382   0x00000078   Code   RO         4828    i.CC1101SendPacket  hardware.o
    0x080003fa   0x00000040   Code   RO         4829    i.CC1101SetAddress  hardware.o
    0x0800043a   0x0000000a   Code   RO         4830    i.CC1101SetIdle     hardware.o
    0x08000444   0x00000018   Code   RO         4831    i.CC1101SetSYNC     hardware.o
    0x0800045c   0x0000002a   Code   RO         4832    i.CC1101SetTRMode   hardware.o
    0x08000486   0x00000014   Code   RO         4833    i.CC1101WriteCmd    hardware.o
    0x0800049a   0x00000030   Code   RO         4834    i.CC1101WriteMultiReg  hardware.o
    0x080004ca   0x0000001c   Code   RO         4835    i.CC1101WriteReg    hardware.o
    0x080004e6   0x00000002   PAD
    0x080004e8   0x00000094   Code   RO         4836    i.CC1101_Init       hardware.o
    0x0800057c   0x00000010   Code   RO         4837    i.CC_CSN_HIGH       hardware.o
    0x0800058c   0x00000010   Code   RO         4838    i.CC_CSN_LOW        hardware.o
    0x0800059c   0x0000004c   Code   RO          222    i.CoreInit          coretask.o
    0x080005e8   0x00000002   Code   RO          133    i.DebugMon_Handler  gd32f10x_it.o
    0x080005ea   0x00000002   PAD
    0x080005ec   0x00000024   Code   RO         4839    i.EXTI0_IRQHandler  hardware.o
    0x08000610   0x00000004   Code   RO          134    i.HardFault_Handler  gd32f10x_it.o
    0x08000614   0x0000018c   Code   RO          427    i.IRA_DecodeHandler  infrared.o
    0x080007a0   0x0000004c   Code   RO          428    i.IRA_Init          infrared.o
    0x080007ec   0x00000004   Code   RO          135    i.MemManage_Handler  gd32f10x_it.o
    0x080007f0   0x00000002   Code   RO          136    i.NMI_Handler       gd32f10x_it.o
    0x080007f2   0x0000002e   Code   RO         4842    i.RF_SendPacket     hardware.o
    0x08000820   0x0000006c   Code   RO         5013    i.SPI2_Init         spi.o
    0x0800088c   0x00000038   Code   RO         5014    i.SPI_ExchangeByte  spi.o
    0x080008c4   0x00000064   Code   RO          503    i.SystemInit        system_gd32f10x.o
    0x08000928   0x000001a4   Code   RO         4843    i.TIMER0_UP_IRQHandler  hardware.o
    0x08000acc   0x0000018c   Code   RO         4844    i.TIMER2_IRQHandler  hardware.o
    0x08000c58   0x00000004   Code   RO          140    i.UsageFault_Handler  gd32f10x_it.o
    0x08000c5c   0x00000010   Code   RO         5050    i.__0printf$bare    mc_w.l(printfb.o)
    0x08000c6c   0x0000000e   Code   RO         5351    i.__scatterload_copy  mc_w.l(handlers.o)
    0x08000c7a   0x00000002   Code   RO         5352    i.__scatterload_null  mc_w.l(handlers.o)
    0x08000c7c   0x0000000e   Code   RO         5353    i.__scatterload_zeroinit  mc_w.l(handlers.o)
    0x08000c8a   0x00000022   Code   RO         5057    i._printf_core      mc_w.l(printfb.o)
    0x08000cac   0x0000000c   Code   RO         4845    i.exti_config       hardware.o
    0x08000cb8   0x000000b8   Code   RO         2510    i.exti_init         gd32f10x_exti.o
    0x08000d70   0x0000000c   Code   RO         2513    i.exti_interrupt_flag_clear  gd32f10x_exti.o
    0x08000d7c   0x00000024   Code   RO         2514    i.exti_interrupt_flag_get  gd32f10x_exti.o
    0x08000da0   0x00000024   Code   RO          345    i.fputc             main.o
    0x08000dc4   0x0000008c   Code   RO         4124    i.gd_eval_com_init  gd32f10x_eval.o
    0x08000e50   0x00000080   Code   RO         4125    i.gd_eval_key_init  gd32f10x_eval.o
    0x08000ed0   0x00000020   Code   RO         4126    i.gd_eval_key_state_get  gd32f10x_eval.o
    0x08000ef0   0x00000004   Code   RO         3062    i.gpio_bit_reset    gd32f10x_gpio.o
    0x08000ef4   0x00000004   Code   RO         3063    i.gpio_bit_set      gd32f10x_gpio.o
    0x08000ef8   0x0000006c   Code   RO         4846    i.gpio_config       hardware.o
    0x08000f64   0x00000098   Code   RO         3069    i.gpio_exti_source_select  gd32f10x_gpio.o
    0x08000ffc   0x00000094   Code   RO         3070    i.gpio_init         gd32f10x_gpio.o
    0x08001090   0x00000010   Code   RO         3071    i.gpio_input_bit_get  gd32f10x_gpio.o
    0x080010a0   0x00000060   Code   RO          347    i.main              main.o
    0x08001100   0x00000028   Code   RO         4847    i.nvic_configuration  hardware.o
    0x08001128   0x000000a4   Code   RO         3181    i.nvic_irq_enable   gd32f10x_misc.o
    0x080011cc   0x00000014   Code   RO         3182    i.nvic_priority_group_set  gd32f10x_misc.o
    0x080011e0   0x00000098   Code   RO         4435    i.prvAddCurrentTaskToDelayedList  tasks.o
    0x08001278   0x000000b4   Code   RO         4436    i.prvAddNewTaskToReadyList  tasks.o
    0x0800132c   0x00000064   Code   RO         4437    i.prvCheckTasksWaitingTermination  tasks.o
    0x08001390   0x0000002a   Code   RO         4311    i.prvCopyDataFromQueue  queue.o
    0x080013ba   0x0000006a   Code   RO         4312    i.prvCopyDataToQueue  queue.o
    0x08001424   0x00000012   Code   RO         4438    i.prvDeleteTCB      tasks.o
    0x08001436   0x00000002   PAD
    0x08001438   0x00000038   Code   RO         4714    i.prvHeapInit       heap_2.o
    0x08001470   0x00000028   Code   RO         4439    i.prvIdleTask       tasks.o
    0x08001498   0x00000026   Code   RO         4313    i.prvInitialiseNewQueue  queue.o
    0x080014be   0x00000080   Code   RO         4440    i.prvInitialiseNewTask  tasks.o
    0x0800153e   0x00000002   PAD
    0x08001540   0x00000068   Code   RO         4441    i.prvInitialiseTaskLists  tasks.o
    0x080015a8   0x0000001a   Code   RO         4314    i.prvIsQueueEmpty   queue.o
    0x080015c2   0x00000002   PAD
    0x080015c4   0x00000034   Code   RO         4442    i.prvResetNextTaskUnblockTime  tasks.o
    0x080015f8   0x00000016   Code   RO         4753    i.prvTaskExitError  port.o
    0x0800160e   0x0000007e   Code   RO         4316    i.prvUnlockQueue    queue.o
    0x0800168c   0x000000b8   Code   RO         4715    i.pvPortMalloc      heap_2.o
    0x08001744   0x00000024   Code   RO         4754    i.pxPortInitialiseStack  port.o
    0x08001768   0x00000124   Code   RO         2280    i.rcu_clock_freq_get  gd32f10x_rcu.o
    0x0800188c   0x0000001c   Code   RO         4848    i.rcu_config        hardware.o
    0x080018a8   0x00000020   Code   RO         2297    i.rcu_periph_clock_enable  gd32f10x_rcu.o
    0x080018c8   0x00000020   Code   RO         2300    i.rcu_periph_reset_disable  gd32f10x_rcu.o
    0x080018e8   0x00000020   Code   RO         2301    i.rcu_periph_reset_enable  gd32f10x_rcu.o
    0x08001908   0x0000000a   Code   RO         1765    i.spi_enable        gd32f10x_spi.o
    0x08001912   0x00000008   Code   RO         1767    i.spi_i2s_data_receive  gd32f10x_spi.o
    0x0800191a   0x00000004   Code   RO         1768    i.spi_i2s_data_transmit  gd32f10x_spi.o
    0x0800191e   0x00000010   Code   RO         1770    i.spi_i2s_flag_get  gd32f10x_spi.o
    0x0800192e   0x00000032   Code   RO         1774    i.spi_init          gd32f10x_spi.o
    0x08001960   0x0000000a   Code   RO         1775    i.spi_nss_internal_high  gd32f10x_spi.o
    0x0800196a   0x00000002   PAD
    0x0800196c   0x000000c4   Code   RO          504    i.system_clock_108m_hxtal  system_gd32f10x.o
    0x08001a30   0x00000008   Code   RO          505    i.system_clock_config  system_gd32f10x.o
    0x08001a38   0x0000000a   Code   RO         3415    i.timer_auto_reload_shadow_enable  gd32f10x_timer.o
    0x08001a42   0x0000002a   Code   RO         3422    i.timer_channel_capture_value_register_read  gd32f10x_timer.o
    0x08001a6c   0x0000005a   Code   RO         3428    i.timer_channel_input_capture_prescaler_config  gd32f10x_timer.o
    0x08001ac6   0x00000002   PAD
    0x08001ac8   0x000001ec   Code   RO         3430    i.timer_channel_output_config  gd32f10x_timer.o
    0x08001cb4   0x0000005a   Code   RO         3432    i.timer_channel_output_mode_config  gd32f10x_timer.o
    0x08001d0e   0x00000026   Code   RO         3434    i.timer_channel_output_pulse_value_config  gd32f10x_timer.o
    0x08001d34   0x0000005a   Code   RO         3435    i.timer_channel_output_shadow_config  gd32f10x_timer.o
    0x08001d8e   0x00000002   PAD
    0x08001d90   0x000001e8   Code   RO         4850    i.timer_config      hardware.o
    0x08001f78   0x00000004   Code   RO         3441    i.timer_counter_value_config  gd32f10x_timer.o
    0x08001f7c   0x000000dc   Code   RO         3442    i.timer_deinit      gd32f10x_timer.o
    0x08002058   0x0000000a   Code   RO         3443    i.timer_disable     gd32f10x_timer.o
    0x08002062   0x0000000a   Code   RO         3447    i.timer_enable      gd32f10x_timer.o
    0x0800206c   0x000000d4   Code   RO         3457    i.timer_init        gd32f10x_timer.o
    0x08002140   0x00000146   Code   RO         3458    i.timer_input_capture_config  gd32f10x_timer.o
    0x08002286   0x0000007c   Code   RO         3459    i.timer_input_polarity_config  gd32f10x_timer.o
    0x08002302   0x00000008   Code   RO         3465    i.timer_interrupt_enable  gd32f10x_timer.o
    0x0800230a   0x00000008   Code   RO         3466    i.timer_interrupt_flag_clear  gd32f10x_timer.o
    0x08002312   0x00000018   Code   RO         3467    i.timer_interrupt_flag_get  gd32f10x_timer.o
    0x0800232a   0x00000002   PAD
    0x0800232c   0x00000090   Code   RO         1942    i.usart_baudrate_set  gd32f10x_usart.o
    0x080023bc   0x00000008   Code   RO         1944    i.usart_data_transmit  gd32f10x_usart.o
    0x080023c4   0x00000090   Code   RO         1945    i.usart_deinit      gd32f10x_usart.o
    0x08002454   0x0000000a   Code   RO         1949    i.usart_enable      gd32f10x_usart.o
    0x0800245e   0x0000001e   Code   RO         1951    i.usart_flag_get    gd32f10x_usart.o
    0x0800247c   0x00000010   Code   RO         1972    i.usart_receive_config  gd32f10x_usart.o
    0x0800248c   0x00000010   Code   RO         1982    i.usart_transmit_config  gd32f10x_usart.o
    0x0800249c   0x00000028   Code   RO         4275    i.uxListRemove      list.o
    0x080024c4   0x0000001a   Code   RO         4276    i.vListInitialise   list.o
    0x080024de   0x00000006   Code   RO         4277    i.vListInitialiseItem  list.o
    0x080024e4   0x00000034   Code   RO         4278    i.vListInsert       list.o
    0x08002518   0x00000018   Code   RO         4279    i.vListInsertEnd    list.o
    0x08002530   0x00000024   Code   RO         4756    i.vPortEnterCritical  port.o
    0x08002554   0x00000020   Code   RO         4757    i.vPortExitCritical  port.o
    0x08002574   0x00000040   Code   RO         4716    i.vPortFree         heap_2.o
    0x080025b4   0x00000014   Code   RO         4758    i.vPortSetupTimerInterrupt  port.o
    0x080025c8   0x0000005c   Code   RO          348    i.vTaskAttack       main.o
    0x08002624   0x000000a0   Code   RO          430    i.vTaskBeAttack     infrared.o
    0x080026c4   0x000000b4   Code   RO          224    i.vTaskCore         coretask.o
    0x08002778   0x00000034   Code   RO         4449    i.vTaskDelay        tasks.o
    0x080027ac   0x00000134   Code   RO          350    i.vTaskInfrared     main.o
    0x080028e0   0x0000000c   Code   RO         4453    i.vTaskMissedYield  tasks.o
    0x080028ec   0x00000020   Code   RO         4455    i.vTaskPlaceOnEventList  tasks.o
    0x0800290c   0x00000018   Code   RO         4459    i.vTaskSetTimeOutState  tasks.o
    0x08002924   0x00000064   Code   RO         4460    i.vTaskStartScheduler  tasks.o
    0x08002988   0x00000010   Code   RO         4462    i.vTaskSuspendAll   tasks.o
    0x08002998   0x00000060   Code   RO         4463    i.vTaskSwitchContext  tasks.o
    0x080029f8   0x00000034   Code   RO         4759    i.xPortStartScheduler  port.o
    0x08002a2c   0x00000034   Code   RO         4760    i.xPortSysTickHandler  port.o
    0x08002a60   0x00000038   Code   RO         4321    i.xQueueGenericCreate  queue.o
    0x08002a98   0x0000013c   Code   RO         4322    i.xQueueGenericReceive  queue.o
    0x08002bd4   0x00000080   Code   RO         4323    i.xQueueGenericReset  queue.o
    0x08002c54   0x00000086   Code   RO         4325    i.xQueueGenericSendFromISR  queue.o
    0x08002cda   0x00000002   PAD
    0x08002cdc   0x0000005c   Code   RO         4464    i.xTaskCheckForTimeOut  tasks.o
    0x08002d38   0x00000060   Code   RO         4465    i.xTaskCreate       tasks.o
    0x08002d98   0x0000011c   Code   RO         4470    i.xTaskIncrementTick  tasks.o
    0x08002eb4   0x00000080   Code   RO         4473    i.xTaskRemoveFromEventList  tasks.o
    0x08002f34   0x000000e8   Code   RO         4475    i.xTaskResumeAll    tasks.o
    0x0800301c   0x0000002c   Data   RO         4852    .constdata          hardware.o
    0x08003048   0x00000020   Data   RO         5349    Region$$Table       anon$$obj.o


    Execution Region RW_IRAM1 (Base: 0x20000000, Size: 0x00004d30, Max: 0x00005000, ABSOLUTE, COMPRESSED[0x00000078])

    Base Addr    Size         Type   Attr      Idx    E Section Name        Object

    0x20000000   0x0000001c   Data   RW          226    .data               coretask.o
    0x2000001c   0x0000001c   Data   RW          352    .data               main.o
    0x20000038   0x00000010   Data   RW          432    .data               infrared.o
    0x20000048   0x000000ae   Data   RW         4131    .data               gd32f10x_eval.o
    0x200000f6   0x00000002   PAD
    0x200000f8   0x0000003c   Data   RW         4478    .data               tasks.o
    0x20000134   0x00000018   Data   RW         4720    .data               heap_2.o
    0x2000014c   0x00000004   Data   RW         4761    .data               port.o
    0x20000150   0x0000003d   Data   RW         4853    .data               hardware.o
    0x2000018d   0x00000003   PAD
    0x20000190   0x00000004   Data   RW         5323    .data               mc_w.l(stdout.o)
    0x20000194   0x0000008c   Zero   RW          225    .bss                coretask.o
    0x20000220   0x00000050   Zero   RW          351    .bss                main.o
    0x20000270   0x00000068   Zero   RW          431    .bss                infrared.o
    0x200002d8   0x000000c8   Zero   RW         4477    .bss                tasks.o
    0x200003a0   0x00004400   Zero   RW         4719    .bss                heap_2.o
    0x200047a0   0x00000190   Zero   RW         4851    .bss                hardware.o
    0x20004930   0x00000400   Zero   RW         4115    STACK               startup_gd32f10x_md.o


==============================================================================

Image component sizes


      Code (inc. data)   RO Data    RW Data    ZI Data      Debug   Object Name

       256         52          0         28        140      13020   coretask.o
         0          0          0          0          0       7888   event_groups.o
       300         64          0        174          0       4670   gd32f10x_eval.o
       232         16          0          0          0       6150   gd32f10x_exti.o
       324          6          0          0          0       3315   gd32f10x_gpio.o
        20          0          0          0          0       6269   gd32f10x_it.o
       184         18          0          0          0       1360   gd32f10x_misc.o
       388         40          0          0          0      16044   gd32f10x_rcu.o
        98          0          0          0          0       9506   gd32f10x_spi.o
      1798         72          0          0          0      26533   gd32f10x_timer.o
       368         16          0          0          0       9829   gd32f10x_usart.o
      2188        100         44         61        400      14243   hardware.o
       304         40          0         24      17408       3523   heap_2.o
       632         48          0         16        104       3064   infrared.o
       148          0          0          0          0       2962   list.o
       684        146          0         28         80       5081   main.o
       400         50          0          4          0       8936   port.o
       972         10          0          0          0       8221   queue.o
       164         14          0          0          0       1019   spi.o
        36          8        260          0       1024        836   startup_gd32f10x_md.o
       304         30          0          0          0       1561   system_gd32f10x.o
         0          0          0          0          0      47324   systick.o
      1938        314          0         60        200      23725   tasks.o

    ----------------------------------------------------------------------
     11760       1044        336        400      19356     225079   Object Totals
         0          0         32          0          0          0   (incl. Generated)
        22          0          0          5          0          0   (incl. Padding)

    ----------------------------------------------------------------------

      Code (inc. data)   RO Data    RW Data    ZI Data      Debug   Library Member Name

        86          0          0          0          0          0   __dczerorl2.o
         0          0          0          0          0          0   entry.o
         0          0          0          0          0          0   entry10a.o
         0          0          0          0          0          0   entry11a.o
         8          4          0          0          0          0   entry2.o
         4          0          0          0          0          0   entry5.o
         0          0          0          0          0          0   entry7b.o
         0          0          0          0          0          0   entry8b.o
         8          4          0          0          0          0   entry9a.o
        30          0          0          0          0          0   handlers.o
        36          8          0          0          0         68   init.o
        36          0          0          0          0         68   memcpya.o
        36          0          0          0          0        108   memseta.o
        50          8          0          0          0        152   printfb.o
         0          0          0          4          0          0   stdout.o

    ----------------------------------------------------------------------
       296         24          0          4          0        396   Library Totals
         2          0          0          0          0          0   (incl. Padding)

    ----------------------------------------------------------------------

      Code (inc. data)   RO Data    RW Data    ZI Data      Debug   Library Name

       294         24          0          4          0        396   mc_w.l

    ----------------------------------------------------------------------
       296         24          0          4          0        396   Library Totals

    ----------------------------------------------------------------------

==============================================================================


      Code (inc. data)   RO Data    RW Data    ZI Data      Debug   

     12056       1068        336        404      19356     218687   Grand Totals
     12056       1068        336        120      19356     218687   ELF Image Totals (compressed)
     12056       1068        336        120          0          0   ROM Totals

==============================================================================

    Total RO  Size (Code + RO Data)                12392 (  12.10kB)
    Total RW  Size (RW Data + ZI Data)             19760 (  19.30kB)
    Total ROM Size (Code + RO Data + RW Data)      12512 (  12.22kB)

==============================================================================

