Component: ARM Compiler 5.05 update 1 (build 106) Tool: armlink [4d0efa]

==============================================================================

Section Cross References

    systick.o(i.delay_1ms) refers to systick.o(.data) for delay
    systick.o(i.delay_decrement) refers to systick.o(.data) for delay
    gd32f10x_it.o(i.SysTick_Handler) refers to main.o(i.led_spark) for led_spark
    gd32f10x_it.o(i.SysTick_Handler) refers to systick.o(i.delay_decrement) for delay_decrement
    coretask.o(i.CoreInit) refers to coretask.o(.data) for Sys_info
    coretask.o(i.CoreInit) refers to coretask.o(.bss) for beattacked_info
    main.o(i.AppTaskCreate) refers to tasks.o(i.xTaskCreate) for xTaskCreate
    main.o(i.AppTaskCreate) refers to main.o(i.vTaskAttack) for vTaskAttack
    main.o(i.AppTaskCreate) refers to main.o(i.vTaskInfrared) for vTaskInfrared
    main.o(i.AppTaskCreate) refers to main.o(i.vTaskCore) for vTaskCore
    main.o(i.fputc) refers to gd32f10x_usart.o(i.usart_data_transmit) for usart_data_transmit
    main.o(i.fputc) refers to gd32f10x_usart.o(i.usart_flag_get) for usart_flag_get
    main.o(i.led_spark) refers to gd32f10x_eval.o(i.gd_eval_led_on) for gd_eval_led_on
    main.o(i.led_spark) refers to gd32f10x_eval.o(i.gd_eval_led_off) for gd_eval_led_off
    main.o(i.led_spark) refers to main.o(.data) for timingdelaylocal
    main.o(i.main) refers to hardware.o(i.rcu_config) for rcu_config
    main.o(i.main) refers to gd32f10x_eval.o(i.gd_eval_com_init) for gd_eval_com_init
    main.o(i.main) refers to hardware.o(i.gpio_config) for gpio_config
    main.o(i.main) refers to hardware.o(i.exti_config) for exti_config
    main.o(i.main) refers to hardware.o(i.nvic_configuration) for nvic_configuration
    main.o(i.main) refers to hardware.o(i.timer_config) for timer_config
    main.o(i.main) refers to hardware.o(i.CC1101_Init) for CC1101_Init
    main.o(i.main) refers to printfb.o(i.__0printf$bare) for __2printf
    main.o(i.main) refers to main.o(i.AppTaskCreate) for AppTaskCreate
    main.o(i.main) refers to tasks.o(i.vTaskStartScheduler) for vTaskStartScheduler
    main.o(i.vTaskAttack) refers to gd32f10x_eval.o(i.gd_eval_key_state_get) for gd_eval_key_state_get
    main.o(i.vTaskAttack) refers to tasks.o(i.vTaskDelay) for vTaskDelay
    main.o(i.vTaskAttack) refers to gd32f10x_timer.o(i.timer_enable) for timer_enable
    main.o(i.vTaskAttack) refers to printfb.o(i.__0printf$bare) for __2printf
    main.o(i.vTaskAttack) refers to hardware.o(.data) for attack_flag
    main.o(i.vTaskCore) refers to printfb.o(i.__0printf$bare) for __2printf
    main.o(i.vTaskCore) refers to tasks.o(i.vTaskDelay) for vTaskDelay
    main.o(i.vTaskInfrared) refers to queue.o(i.xQueueGenericCreate) for xQueueGenericCreate
    main.o(i.vTaskInfrared) refers to queue.o(i.xQueueGenericReceive) for xQueueGenericReceive
    main.o(i.vTaskInfrared) refers to gd32f10x_timer.o(i.timer_channel_output_pulse_value_config) for timer_channel_output_pulse_value_config
    main.o(i.vTaskInfrared) refers to gd32f10x_timer.o(i.timer_disable) for timer_disable
    main.o(i.vTaskInfrared) refers to printfb.o(i.__0printf$bare) for __2printf
    main.o(i.vTaskInfrared) refers to tasks.o(i.vTaskDelay) for vTaskDelay
    main.o(i.vTaskInfrared) refers to main.o(.data) for UID
    main.o(i.vTaskInfrared) refers to hardware.o(.data) for ctl_flag
    system_gd32f10x.o(i.SystemCoreClockUpdate) refers to system_gd32f10x.o(.data) for SystemCoreClock
    system_gd32f10x.o(i.SystemInit) refers to system_gd32f10x.o(i.system_clock_config) for system_clock_config
    system_gd32f10x.o(i.system_clock_config) refers to system_gd32f10x.o(i.system_clock_108m_hxtal) for system_clock_108m_hxtal
    gd32f10x_bkp.o(i.bkp_deinit) refers to gd32f10x_rcu.o(i.rcu_bkp_reset_enable) for rcu_bkp_reset_enable
    gd32f10x_bkp.o(i.bkp_deinit) refers to gd32f10x_rcu.o(i.rcu_bkp_reset_disable) for rcu_bkp_reset_disable
    gd32f10x_dac.o(i.dac_deinit) refers to gd32f10x_rcu.o(i.rcu_periph_reset_enable) for rcu_periph_reset_enable
    gd32f10x_dac.o(i.dac_deinit) refers to gd32f10x_rcu.o(i.rcu_periph_reset_disable) for rcu_periph_reset_disable
    gd32f10x_fmc.o(i.fmc_bank0_erase) refers to gd32f10x_fmc.o(i.fmc_bank0_ready_wait) for fmc_bank0_ready_wait
    gd32f10x_fmc.o(i.fmc_bank0_ready_wait) refers to gd32f10x_fmc.o(i.fmc_bank0_state_get) for fmc_bank0_state_get
    gd32f10x_fmc.o(i.fmc_bank1_erase) refers to gd32f10x_fmc.o(i.fmc_bank1_ready_wait) for fmc_bank1_ready_wait
    gd32f10x_fmc.o(i.fmc_bank1_ready_wait) refers to gd32f10x_fmc.o(i.fmc_bank1_state_get) for fmc_bank1_state_get
    gd32f10x_fmc.o(i.fmc_halfword_program) refers to gd32f10x_fmc.o(i.fmc_bank0_ready_wait) for fmc_bank0_ready_wait
    gd32f10x_fmc.o(i.fmc_halfword_program) refers to gd32f10x_fmc.o(i.fmc_bank1_ready_wait) for fmc_bank1_ready_wait
    gd32f10x_fmc.o(i.fmc_mass_erase) refers to gd32f10x_fmc.o(i.fmc_bank0_ready_wait) for fmc_bank0_ready_wait
[...]
    Removing gd32f10x_adc.o(i.adc_interrupt_flag_get), (88 bytes).
    Removing gd32f10x_adc.o(i.adc_mode_config), (28 bytes).
    Removing gd32f10x_adc.o(i.adc_regular_channel_config), (172 bytes).
    Removing gd32f10x_adc.o(i.adc_regular_data_read), (8 bytes).
    Removing gd32f10x_adc.o(i.adc_regular_software_startconv_flag_get), (16 bytes).
    Removing gd32f10x_adc.o(i.adc_software_trigger_enable), (30 bytes).
    Removing gd32f10x_adc.o(i.adc_special_function_config), (90 bytes).
    Removing gd32f10x_adc.o(i.adc_sync_mode_convert_value_read), (12 bytes).
    Removing gd32f10x_adc.o(i.adc_tempsensor_vrefint_disable), (20 bytes).
    Removing gd32f10x_adc.o(i.adc_tempsensor_vrefint_enable), (20 bytes).
    Removing gd32f10x_adc.o(i.adc_watchdog_disable), (16 bytes).
    Removing gd32f10x_adc.o(i.adc_watchdog_group_channel_enable), (64 bytes).
    Removing gd32f10x_adc.o(i.adc_watchdog_single_channel_enable), (32 bytes).
    Removing gd32f10x_adc.o(i.adc_watchdog_threshold_config), (14 bytes).
    Removing gd32f10x_can.o(.rev16_text), (4 bytes).
    Removing gd32f10x_can.o(.revsh_text), (4 bytes).
    Removing gd32f10x_can.o(i.can1_filter_start_bank), (56 bytes).
    Removing gd32f10x_can.o(i.can_debug_freeze_disable), (32 bytes).
    Removing gd32f10x_can.o(i.can_debug_freeze_enable), (32 bytes).
    Removing gd32f10x_can.o(i.can_deinit), (32 bytes).
    Removing gd32f10x_can.o(i.can_error_get), (12 bytes).
    Removing gd32f10x_can.o(i.can_fifo_release), (26 bytes).
    Removing gd32f10x_can.o(i.can_filter_init), (272 bytes).
    Removing gd32f10x_can.o(i.can_flag_clear), (26 bytes).
    Removing gd32f10x_can.o(i.can_flag_get), (30 bytes).
    Removing gd32f10x_can.o(i.can_init), (296 bytes).
    Removing gd32f10x_can.o(i.can_interrupt_disable), (8 bytes).
    Removing gd32f10x_can.o(i.can_interrupt_enable), (8 bytes).
    Removing gd32f10x_can.o(i.can_interrupt_flag_clear), (26 bytes).
    Removing gd32f10x_can.o(i.can_interrupt_flag_get), (52 bytes).
    Removing gd32f10x_can.o(i.can_message_receive), (228 bytes).
    Removing gd32f10x_can.o(i.can_message_transmit), (336 bytes).
    Removing gd32f10x_can.o(i.can_receive_error_number_get), (8 bytes).
    Removing gd32f10x_can.o(i.can_receive_message_length_get), (26 bytes).
    Removing gd32f10x_can.o(i.can_time_trigger_mode_disable), (48 bytes).
    Removing gd32f10x_can.o(i.can_time_trigger_mode_enable), (48 bytes).
    Removing gd32f10x_can.o(i.can_transmission_stop), (40 bytes).
    Removing gd32f10x_can.o(i.can_transmit_error_number_get), (10 bytes).
    Removing gd32f10x_can.o(i.can_transmit_states), (124 bytes).
    Removing gd32f10x_can.o(i.can_wakeup), (48 bytes).
    Removing gd32f10x_can.o(i.can_working_mode_set), (168 bytes).
    Removing gd32f10x_dbg.o(.rev16_text), (4 bytes).
    Removing gd32f10x_dbg.o(.revsh_text), (4 bytes).
    Removing gd32f10x_dbg.o(i.dbg_id_get), (12 bytes).
    Removing gd32f10x_dbg.o(i.dbg_low_power_disable), (16 bytes).
    Removing gd32f10x_dbg.o(i.dbg_low_power_enable), (16 bytes).
    Removing gd32f10x_dbg.o(i.dbg_periph_disable), (16 bytes).
    Removing gd32f10x_dbg.o(i.dbg_periph_enable), (16 bytes).
    Removing gd32f10x_dbg.o(i.dbg_trace_pin_disable), (20 bytes).
    Removing gd32f10x_dbg.o(i.dbg_trace_pin_enable), (20 bytes).
    Removing gd32f10x_dbg.o(i.dbg_trace_pin_mode_set), (28 bytes).
    Removing gd32f10x_enet.o(.rev16_text), (4 bytes).
    Removing gd32f10x_enet.o(.revsh_text), (4 bytes).
    Removing gd32f10x_gpio.o(.rev16_text), (4 bytes).
    Removing gd32f10x_gpio.o(.revsh_text), (4 bytes).
    Removing gd32f10x_gpio.o(i.gpio_afio_deinit), (20 bytes).
    Removing gd32f10x_gpio.o(i.gpio_bit_write), (10 bytes).
    Removing gd32f10x_gpio.o(i.gpio_deinit), (196 bytes).
    Removing gd32f10x_gpio.o(i.gpio_event_output_config), (28 bytes).
    Removing gd32f10x_gpio.o(i.gpio_event_output_disable), (20 bytes).
    Removing gd32f10x_gpio.o(i.gpio_event_output_enable), (20 bytes).
    Removing gd32f10x_gpio.o(i.gpio_input_port_get), (8 bytes).
    Removing gd32f10x_gpio.o(i.gpio_output_bit_get), (16 bytes).
    Removing gd32f10x_gpio.o(i.gpio_output_port_get), (8 bytes).
    Removing gd32f10x_gpio.o(i.gpio_pin_lock), (18 bytes).
    Removing gd32f10x_gpio.o(i.gpio_pin_remap_config), (144 bytes).
    Removing gd32f10x_gpio.o(i.gpio_port_write), (4 bytes).
    Removing gd32f10x_misc.o(.rev16_text), (4 bytes).
    Removing gd32f10x_misc.o(.revsh_text), (4 bytes).
    Removing gd32f10x_misc.o(i.nvic_irq_disable), (24 bytes).
    Removing gd32f10x_misc.o(i.nvic_vector_table_set), (20 bytes).
    Removing gd32f10x_misc.o(i.system_lowpower_reset), (16 bytes).
    Removing gd32f10x_misc.o(i.system_lowpower_set), (16 bytes).
    Removing gd32f10x_misc.o(i.systick_clksource_set), (40 bytes).
    Removing gd32f10x_dma.o(.rev16_text), (4 bytes).
    Removing gd32f10x_dma.o(.revsh_text), (4 bytes).
    Removing gd32f10x_dma.o(i.dma_channel_disable), (50 bytes).
    Removing gd32f10x_dma.o(i.dma_channel_enable), (50 bytes).
    Removing gd32f10x_dma.o(i.dma_circulation_disable), (50 bytes).
    Removing gd32f10x_dma.o(i.dma_circulation_enable), (50 bytes).
    Removing gd32f10x_dma.o(i.dma_deinit), (112 bytes).
    Removing gd32f10x_dma.o(i.dma_flag_clear), (16 bytes).
    Removing gd32f10x_dma.o(i.dma_flag_get), (24 bytes).
    Removing gd32f10x_dma.o(i.dma_init), (308 bytes).
    Removing gd32f10x_dma.o(i.dma_interrupt_disable), (50 bytes).
    Removing gd32f10x_dma.o(i.dma_interrupt_enable), (50 bytes).
    Removing gd32f10x_dma.o(i.dma_interrupt_flag_clear), (16 bytes).
    Removing gd32f10x_dma.o(i.dma_interrupt_flag_get), (130 bytes).
    Removing gd32f10x_dma.o(i.dma_memory_address_config), (36 bytes).
    Removing gd32f10x_dma.o(i.dma_memory_increase_disable), (50 bytes).
    Removing gd32f10x_dma.o(i.dma_memory_increase_enable), (50 bytes).
    Removing gd32f10x_dma.o(i.dma_memory_to_memory_disable), (50 bytes).
    Removing gd32f10x_dma.o(i.dma_memory_to_memory_enable), (50 bytes).
    Removing gd32f10x_dma.o(i.dma_memory_width_config), (58 bytes).
    Removing gd32f10x_dma.o(i.dma_periph_address_config), (36 bytes).
    Removing gd32f10x_dma.o(i.dma_periph_and_channel_check), (24 bytes).
    Removing gd32f10x_dma.o(i.dma_periph_increase_disable), (50 bytes).
    Removing gd32f10x_dma.o(i.dma_periph_increase_enable), (50 bytes).
    Removing gd32f10x_dma.o(i.dma_periph_width_config), (58 bytes).
    Removing gd32f10x_dma.o(i.dma_priority_config), (58 bytes).
    Removing gd32f10x_dma.o(i.dma_transfer_direction_config), (84 bytes).
    Removing gd32f10x_dma.o(i.dma_transfer_number_config), (38 bytes).
    Removing gd32f10x_dma.o(i.dma_transfer_number_get), (34 bytes).
    Removing gd32f10x_timer.o(.rev16_text), (4 bytes).
    Removing gd32f10x_timer.o(.revsh_text), (4 bytes).
    Removing gd32f10x_timer.o(i.timer_auto_reload_shadow_disable), (10 bytes).
    Removing gd32f10x_timer.o(i.timer_automatic_output_disable), (10 bytes).
    Removing gd32f10x_timer.o(i.timer_automatic_output_enable), (10 bytes).
    Removing gd32f10x_timer.o(i.timer_autoreload_value_config), (4 bytes).
    Removing gd32f10x_timer.o(i.timer_break_config), (30 bytes).
    Removing gd32f10x_timer.o(i.timer_break_disable), (10 bytes).
    Removing gd32f10x_timer.o(i.timer_break_enable), (10 bytes).
    Removing gd32f10x_timer.o(i.timer_channel_capture_value_register_read), (42 bytes).
    Removing gd32f10x_timer.o(i.timer_channel_complementary_output_polarity_config), (70 bytes).
    Removing gd32f10x_timer.o(i.timer_channel_complementary_output_state_config), (70 bytes).
    Removing gd32f10x_timer.o(i.timer_channel_control_shadow_config), (24 bytes).
    Removing gd32f10x_timer.o(i.timer_channel_control_shadow_update_config), (26 bytes).
    Removing gd32f10x_timer.o(i.timer_channel_dma_request_source_select), (26 bytes).
    Removing gd32f10x_timer.o(i.timer_channel_input_capture_prescaler_config), (90 bytes).
    Removing gd32f10x_timer.o(i.timer_channel_output_clear_config), (90 bytes).
    Removing gd32f10x_timer.o(i.timer_channel_output_fast_config), (90 bytes).
    Removing gd32f10x_timer.o(i.timer_channel_output_polarity_config), (92 bytes).
    Removing gd32f10x_timer.o(i.timer_channel_output_state_config), (92 bytes).
    Removing gd32f10x_timer.o(i.timer_counter_alignment), (16 bytes).
    Removing gd32f10x_timer.o(i.timer_counter_down_direction), (10 bytes).
    Removing gd32f10x_timer.o(i.timer_counter_read), (8 bytes).
    Removing gd32f10x_timer.o(i.timer_counter_up_direction), (10 bytes).
    Removing gd32f10x_timer.o(i.timer_counter_value_config), (4 bytes).
    Removing gd32f10x_timer.o(i.timer_dma_disable), (8 bytes).
    Removing gd32f10x_timer.o(i.timer_dma_enable), (8 bytes).
    Removing gd32f10x_timer.o(i.timer_dma_transfer_config), (24 bytes).
    Removing gd32f10x_timer.o(i.timer_event_software_generate), (8 bytes).
    Removing gd32f10x_timer.o(i.timer_external_clock_mode0_config), (40 bytes).
    Removing gd32f10x_timer.o(i.timer_external_clock_mode1_config), (32 bytes).
    Removing gd32f10x_timer.o(i.timer_external_clock_mode1_disable), (10 bytes).
    Removing gd32f10x_timer.o(i.timer_external_trigger_as_external_clock_config), (164 bytes).
    Removing gd32f10x_timer.o(i.timer_external_trigger_config), (30 bytes).
    Removing gd32f10x_timer.o(i.timer_flag_clear), (8 bytes).
    Removing gd32f10x_timer.o(i.timer_flag_get), (16 bytes).
    Removing gd32f10x_timer.o(i.timer_hall_mode_config), (26 bytes).
    Removing gd32f10x_timer.o(i.timer_input_capture_config), (326 bytes).
    Removing gd32f10x_timer.o(i.timer_input_pwm_capture_config), (356 bytes).
    Removing gd32f10x_timer.o(i.timer_input_trigger_source_select), (16 bytes).
    Removing gd32f10x_timer.o(i.timer_internal_clock_config), (10 bytes).
    Removing gd32f10x_timer.o(i.timer_internal_trigger_as_external_clock_config), (32 bytes).
    Removing gd32f10x_timer.o(i.timer_interrupt_disable), (8 bytes).
    Removing gd32f10x_timer.o(i.timer_master_output_trigger_source_select), (16 bytes).
    Removing gd32f10x_timer.o(i.timer_master_slave_mode_config), (26 bytes).
    Removing gd32f10x_timer.o(i.timer_prescaler_config), (14 bytes).
    Removing gd32f10x_timer.o(i.timer_prescaler_read), (10 bytes).
    Removing gd32f10x_timer.o(i.timer_primary_output_config), (24 bytes).
    Removing gd32f10x_timer.o(i.timer_quadrature_decoder_mode_config), (64 bytes).
    Removing gd32f10x_timer.o(i.timer_repetition_value_config), (4 bytes).
    Removing gd32f10x_timer.o(i.timer_single_pulse_mode_config), (26 bytes).
    Removing gd32f10x_timer.o(i.timer_slave_mode_select), (16 bytes).
    Removing gd32f10x_timer.o(i.timer_update_event_disable), (10 bytes).
    Removing gd32f10x_timer.o(i.timer_update_event_enable), (10 bytes).
    Removing gd32f10x_timer.o(i.timer_update_source_config), (26 bytes).
    Removing gd32f10x_sdio.o(.rev16_text), (4 bytes).
    Removing gd32f10x_sdio.o(.revsh_text), (4 bytes).
    Removing gd32f10x_sdio.o(i.sdio_bus_mode_set), (28 bytes).
    Removing gd32f10x_sdio.o(i.sdio_ceata_command_completion_disable), (20 bytes).
    Removing gd32f10x_sdio.o(i.sdio_ceata_command_completion_enable), (20 bytes).
    Removing gd32f10x_sdio.o(i.sdio_ceata_command_disable), (20 bytes).
    Removing gd32f10x_sdio.o(i.sdio_ceata_command_enable), (20 bytes).
    Removing gd32f10x_sdio.o(i.sdio_ceata_interrupt_disable), (20 bytes).
    Removing gd32f10x_sdio.o(i.sdio_ceata_interrupt_enable), (20 bytes).
    Removing gd32f10x_sdio.o(i.sdio_clock_config), (36 bytes).
    Removing gd32f10x_sdio.o(i.sdio_clock_disable), (20 bytes).
    Removing gd32f10x_sdio.o(i.sdio_clock_enable), (20 bytes).
    Removing gd32f10x_sdio.o(i.sdio_command_index_get), (12 bytes).
    Removing gd32f10x_sdio.o(i.sdio_command_response_config), (44 bytes).
    Removing gd32f10x_sdio.o(i.sdio_csm_disable), (20 bytes).
    Removing gd32f10x_sdio.o(i.sdio_csm_enable), (20 bytes).
    Removing gd32f10x_sdio.o(i.sdio_data_config), (52 bytes).
    Removing gd32f10x_sdio.o(i.sdio_data_counter_get), (12 bytes).
    Removing gd32f10x_sdio.o(i.sdio_data_read), (12 bytes).
    Removing gd32f10x_sdio.o(i.sdio_data_transfer_config), (28 bytes).
    Removing gd32f10x_sdio.o(i.sdio_data_write), (12 bytes).
    Removing gd32f10x_sdio.o(i.sdio_deinit), (28 bytes).
    Removing gd32f10x_sdio.o(i.sdio_dma_disable), (20 bytes).
    Removing gd32f10x_sdio.o(i.sdio_dma_enable), (20 bytes).
    Removing gd32f10x_sdio.o(i.sdio_dsm_disable), (20 bytes).
    Removing gd32f10x_sdio.o(i.sdio_dsm_enable), (20 bytes).
    Removing gd32f10x_sdio.o(i.sdio_fifo_counter_get), (12 bytes).
    Removing gd32f10x_sdio.o(i.sdio_flag_clear), (12 bytes).
    Removing gd32f10x_sdio.o(i.sdio_flag_get), (20 bytes).
    Removing gd32f10x_sdio.o(i.sdio_hardware_clock_disable), (20 bytes).
    Removing gd32f10x_sdio.o(i.sdio_hardware_clock_enable), (20 bytes).
    Removing gd32f10x_sdio.o(i.sdio_interrupt_disable), (16 bytes).
    Removing gd32f10x_sdio.o(i.sdio_interrupt_enable), (16 bytes).
    Removing gd32f10x_sdio.o(i.sdio_interrupt_flag_clear), (12 bytes).
    Removing gd32f10x_sdio.o(i.sdio_interrupt_flag_get), (36 bytes).
    Removing gd32f10x_sdio.o(i.sdio_operation_disable), (20 bytes).
    Removing gd32f10x_sdio.o(i.sdio_operation_enable), (20 bytes).
    Removing gd32f10x_sdio.o(i.sdio_power_state_get), (12 bytes).
    Removing gd32f10x_sdio.o(i.sdio_power_state_set), (12 bytes).
    Removing gd32f10x_sdio.o(i.sdio_readwait_disable), (20 bytes).
    Removing gd32f10x_sdio.o(i.sdio_readwait_enable), (20 bytes).
    Removing gd32f10x_sdio.o(i.sdio_readwait_type_set), (40 bytes).
    Removing gd32f10x_sdio.o(i.sdio_response_get), (56 bytes).
    Removing gd32f10x_sdio.o(i.sdio_stop_readwait_disable), (20 bytes).
    Removing gd32f10x_sdio.o(i.sdio_stop_readwait_enable), (20 bytes).
    Removing gd32f10x_sdio.o(i.sdio_suspend_disable), (20 bytes).
    Removing gd32f10x_sdio.o(i.sdio_suspend_enable), (20 bytes).
    Removing gd32f10x_sdio.o(i.sdio_wait_type_set), (28 bytes).
    Removing startup_gd32f10x_md.o(HEAP), (1024 bytes).
    Removing gd32f10x_eval.o(.rev16_text), (4 bytes).
    Removing gd32f10x_eval.o(.revsh_text), (4 bytes).
    Removing gd32f10x_eval.o(i.gd_eval_led_init), (64 bytes).
    Removing gd32f10x_eval.o(i.gd_eval_led_off), (24 bytes).
    Removing gd32f10x_eval.o(i.gd_eval_led_on), (24 bytes).
    Removing gd32f10x_eval.o(i.gd_eval_led_toggle), (56 bytes).
    Removing event_groups.o(i.prvTestWaitCondition), (30 bytes).
    Removing event_groups.o(i.vEventGroupClearBitsCallback), (16 bytes).
    Removing event_groups.o(i.vEventGroupDelete), (42 bytes).
    Removing event_groups.o(i.vEventGroupSetBitsCallback), (16 bytes).
    Removing event_groups.o(i.xEventGroupClearBits), (32 bytes).
    Removing event_groups.o(i.xEventGroupCreate), (26 bytes).
    Removing event_groups.o(i.xEventGroupGetBitsFromISR), (44 bytes).
    Removing event_groups.o(i.xEventGroupSetBits), (146 bytes).
    Removing event_groups.o(i.xEventGroupSync), (164 bytes).
    Removing event_groups.o(i.xEventGroupWaitBits), (200 bytes).
    Removing queue.o(i.prvIsQueueFull), (30 bytes).
    Removing queue.o(i.uxQueueMessagesWaiting), (18 bytes).
    Removing queue.o(i.uxQueueMessagesWaitingFromISR), (6 bytes).
    Removing queue.o(i.uxQueueSpacesAvailable), (24 bytes).
    Removing queue.o(i.vQueueDelete), (14 bytes).
    Removing queue.o(i.xQueueGenericSend), (280 bytes).
    Removing queue.o(i.xQueueGiveFromISR), (120 bytes).
    Removing queue.o(i.xQueueIsQueueEmptyFromISR), (14 bytes).
    Removing queue.o(i.xQueueIsQueueFullFromISR), (18 bytes).
    Removing queue.o(i.xQueuePeekFromISR), (74 bytes).
    Removing queue.o(i.xQueueReceiveFromISR), (130 bytes).
    Removing tasks.o(i.pcTaskGetName), (24 bytes).
    Removing tasks.o(i.prvTaskIsTaskSuspended), (64 bytes).
    Removing tasks.o(i.ulTaskNotifyTake), (116 bytes).
    Removing tasks.o(i.uxTaskGetNumberOfTasks), (12 bytes).
    Removing tasks.o(i.uxTaskPriorityGet), (36 bytes).
    Removing tasks.o(i.uxTaskPriorityGetFromISR), (56 bytes).
    Removing tasks.o(i.uxTaskResetEventItemValue), (28 bytes).
    Removing tasks.o(i.vTaskDelayUntil), (116 bytes).
    Removing tasks.o(i.vTaskDelete), (204 bytes).
    Removing tasks.o(i.vTaskEndScheduler), (36 bytes).
    Removing tasks.o(i.vTaskNotifyGiveFromISR), (180 bytes).
    Removing tasks.o(i.vTaskPlaceOnUnorderedEventList), (44 bytes).
    Removing tasks.o(i.vTaskPrioritySet), (232 bytes).
    Removing tasks.o(i.vTaskResume), (120 bytes).
    Removing tasks.o(i.vTaskSuspend), (188 bytes).
    Removing tasks.o(i.xTaskGenericNotify), (196 bytes).
    Removing tasks.o(i.xTaskGenericNotifyFromISR), (252 bytes).
    Removing tasks.o(i.xTaskGetTickCount), (12 bytes).
    Removing tasks.o(i.xTaskGetTickCountFromISR), (12 bytes).
    Removing tasks.o(i.xTaskNotifyStateClear), (52 bytes).
    Removing tasks.o(i.xTaskNotifyWait), (160 bytes).
    Removing tasks.o(i.xTaskRemoveFromUnorderedEventList), (112 bytes).
    Removing tasks.o(i.xTaskResumeFromISR), (152 bytes).
    Removing heap_2.o(i.vPortInitialiseBlocks), (2 bytes).
    Removing heap_2.o(i.xPortGetFreeHeapSize), (12 bytes).
    Removing port.o(i.vPortEndScheduler), (2 bytes).
    Removing hardware.o(.rev16_text), (4 bytes).
    Removing hardware.o(.revsh_text), (4 bytes).
    Removing hardware.o(i.CC1101ClrTXBuff), (14 bytes).
    Removing hardware.o(i.CC1101SendPacket), (120 bytes).
    Removing hardware.o(i.CC1101SetIdle), (10 bytes).
    Removing hardware.o(i.CC1101SetTRMode), (42 bytes).
    Removing hardware.o(i.NVIC_SetPriority), (40 bytes).
    Removing hardware.o(i.RF_SendPacket), (64 bytes).
    Removing hardware.o(i.systick_config), (80 bytes).
    Removing spi.o(.rev16_text), (4 bytes).
    Removing spi.o(.revsh_text), (4 bytes).
    Removing dadd.o(.text), (334 bytes).
    Removing dmul.o(.text), (228 bytes).
    Removing ddiv.o(.text), (222 bytes).
    Removing dfixul.o(.text), (48 bytes).
    Removing cdrcmple.o(.text), (48 bytes).
    Removing depilogue.o(.text), (186 bytes).

626 unused section(s) (total 26051 bytes) removed from the image.

==============================================================================

Image Symbol Table

    Local Symbols

    Symbol Name                              Value     Ov Type        Size  Object(Section)

    ../clib/../cmprslib/zerorunl2.c          0x00000000   Number         0  __dczerorl2.o ABSOLUTE
    ../clib/microlib/division.c              0x00000000   Number         0  uldiv.o ABSOLUTE
    ../clib/microlib/division.c              0x00000000   Number         0  uidiv.o ABSOLUTE
    ../clib/microlib/init/entry.s            0x00000000   Number         0  entry11a.o ABSOLUTE
    ../clib/microlib/init/entry.s            0x00000000   Number         0  entry7b.o ABSOLUTE
    ../clib/microlib/init/entry.s            0x00000000   Number         0  entry8a.o ABSOLUTE
    ../clib/microlib/init/entry.s            0x00000000   Number         0  entry8b.o ABSOLUTE
    ../clib/microlib/init/entry.s            0x00000000   Number         0  entry2.o ABSOLUTE
    ../clib/microlib/init/entry.s            0x00000000   Number         0  entry9b.o ABSOLUTE
    ../clib/microlib/init/entry.s            0x00000000   Number         0  entry10b.o ABSOLUTE
    ../clib/microlib/init/entry.s            0x00000000   Number         0  entry10a.o ABSOLUTE
    ../clib/microlib/init/entry.s            0x00000000   Number         0  entry.o ABSOLUTE
    ../clib/microlib/init/entry.s            0x00000000   Number         0  entry9a.o ABSOLUTE
    ../clib/microlib/init/entry.s            0x00000000   Number         0  entry5.o ABSOLUTE
    ../clib/microlib/init/entry.s            0x00000000   Number         0  entry7a.o ABSOLUTE
    ../clib/microlib/init/entry.s            0x00000000   Number         0  entry11b.o ABSOLUTE
    ../clib/microlib/longlong.c              0x00000000   Number         0  llshl.o ABSOLUTE
    ../clib/microlib/longlong.c              0x00000000   Number         0  llsshr.o ABSOLUTE
    ../clib/microlib/longlong.c              0x00000000   Number         0  llushr.o ABSOLUTE
    ../clib/microlib/printf/printf.c         0x00000000   Number         0  printf2.o ABSOLUTE
    ../clib/microlib/printf/printf.c         0x00000000   Number         0  printfa.o ABSOLUTE
    ../clib/microlib/printf/printf.c         0x00000000   Number         0  printf8.o ABSOLUTE
    ../clib/microlib/printf/printf.c         0x00000000   Number         0  printf6.o ABSOLUTE
    ../clib/microlib/printf/printf.c         0x00000000   Number         0  printf5.o ABSOLUTE
    ../clib/microlib/printf/printf.c         0x00000000   Number         0  printf4.o ABSOLUTE
    ../clib/microlib/printf/printf.c         0x00000000   Number         0  printf3.o ABSOLUTE
    ../clib/microlib/printf/printf.c         0x00000000   Number         0  printf1.o ABSOLUTE
    ../clib/microlib/printf/printf.c         0x00000000   Number         0  printf0.o ABSOLUTE
    ../clib/microlib/printf/printf.c         0x00000000   Number         0  printfb.o ABSOLUTE
    ../clib/microlib/printf/printf.c         0x00000000   Number         0  printf7.o ABSOLUTE
    ../clib/microlib/stdio/streams.c         0x00000000   Number         0  stdout.o ABSOLUTE
    ../clib/microlib/string/memcpy.c         0x00000000   Number         0  memcpyb.o ABSOLUTE
    ../clib/microlib/string/memcpy.c         0x00000000   Number         0  memcpya.o ABSOLUTE
    ../clib/microlib/string/memset.c         0x00000000   Number         0  memseta.o ABSOLUTE
    ../clib/microlib/stubs.s                 0x00000000   Number         0  iusefp.o ABSOLUTE
    ../fplib/microlib/fpadd.c                0x00000000   Number         0  dadd.o ABSOLUTE
    ../fplib/microlib/fpdiv.c                0x00000000   Number         0  ddiv.o ABSOLUTE
    ../fplib/microlib/fpepilogue.c           0x00000000   Number         0  depilogue.o ABSOLUTE
    ../fplib/microlib/fpfix.c                0x00000000   Number         0  dfixul.o ABSOLUTE
    ../fplib/microlib/fpmul.c                0x00000000   Number         0  dmul.o ABSOLUTE
    ..\..\Firmware\CMSIS\GD\GD32F10x\Source\ARM\startup_gd32f10x_md.s 0x00000000   Number         0  startup_gd32f10x_md.o ABSOLUTE
    ..\..\Firmware\CMSIS\GD\GD32F10x\Source\system_gd32f10x.c 0x00000000   Number         0  system_gd32f10x.o ABSOLUTE
    ..\..\Firmware\GD32F10x_standard_peripheral\Source\gd32f10x_adc.c 0x00000000   Number         0  gd32f10x_adc.o ABSOLUTE
    ..\..\Firmware\GD32F10x_standard_peripheral\Source\gd32f10x_bkp.c 0x00000000   Number         0  gd32f10x_bkp.o ABSOLUTE
    ..\..\Firmware\GD32F10x_standard_peripheral\Source\gd32f10x_can.c 0x00000000   Number         0  gd32f10x_can.o ABSOLUTE
    ..\..\Firmware\GD32F10x_standard_peripheral\Source\gd32f10x_crc.c 0x00000000   Number         0  gd32f10x_crc.o ABSOLUTE
    ..\..\Firmware\GD32F10x_standard_peripheral\Source\gd32f10x_dac.c 0x00000000   Number         0  gd32f10x_dac.o ABSOLUTE
    ..\..\Firmware\GD32F10x_standard_peripheral\Source\gd32f10x_dbg.c 0x00000000   Number         0  gd32f10x_dbg.o ABSOLUTE
    ..\..\Firmware\GD32F10x_standard_peripheral\Source\gd32f10x_dma.c 0x00000000   Number         0  gd32f10x_dma.o ABSOLUTE
    ..\..\Firmware\GD32F10x_standard_peripheral\Source\gd32f10x_enet.c 0x00000000   Number         0  gd32f10x_enet.o ABSOLUTE
    ..\..\Firmware\GD32F10x_standard_peripheral\Source\gd32f10x_exmc.c 0x00000000   Number         0  gd32f10x_exmc.o ABSOLUTE
    ..\..\Firmware\GD32F10x_standard_peripheral\Source\gd32f10x_exti.c 0x00000000   Number         0  gd32f10x_exti.o ABSOLUTE
    ..\..\Firmware\GD32F10x_standard_peripheral\Source\gd32f10x_fmc.c 0x00000000   Number         0  gd32f10x_fmc.o ABSOLUTE
    ..\..\Firmware\GD32F10x_standard_peripheral\Source\gd32f10x_fwdgt.c 0x00000000   Number         0  gd32f10x_fwdgt.o ABSOLUTE
    ..\..\Firmware\GD32F10x_standard_peripheral\Source\gd32f10x_gpio.c 0x00000000   Number         0  gd32f10x_gpio.o ABSOLUTE
    ..\..\Firmware\GD32F10x_standard_peripheral\Source\gd32f10x_i2c.c 0x00000000   Number         0  gd32f10x_i2c.o ABSOLUTE
    ..\..\Firmware\GD32F10x_standard_peripheral\Source\gd32f10x_misc.c 0x00000000   Number         0  gd32f10x_misc.o ABSOLUTE
    ..\..\Firmware\GD32F10x_standard_peripheral\Source\gd32f10x_pmu.c 0x00000000   Number         0  gd32f10x_pmu.o ABSOLUTE
    ..\..\Firmware\GD32F10x_standard_peripheral\Source\gd32f10x_rcu.c 0x00000000   Number         0  gd32f10x_rcu.o ABSOLUTE
    ..\..\Firmware\GD32F10x_standard_peripheral\Source\gd32f10x_rtc.c 0x00000000   Number         0  gd32f10x_rtc.o ABSOLUTE
    ..\..\Firmware\GD32F10x_standard_peripheral\Source\gd32f10x_sdio.c 0x00000000   Number         0  gd32f10x_sdio.o ABSOLUTE
    ..\..\Firmware\GD32F10x_standard_peripheral\Source\gd32f10x_spi.c 0x00000000   Number         0  gd32f10x_spi.o ABSOLUTE
    ..\..\Firmware\GD32F10x_standard_peripheral\Source\gd32f10x_timer.c 0x00000000   Number         0  gd32f10x_timer.o ABSOLUTE
    ..\..\Firmware\GD32F10x_standard_peripheral\Source\gd32f10x_usart.c 0x00000000   Number         0  gd32f10x_usart.o ABSOLUTE
    ..\..\Firmware\GD32F10x_standard_peripheral\Source\gd32f10x_wwdgt.c 0x00000000   Number         0  gd32f10x_wwdgt.o ABSOLUTE
    ..\..\FreeRTOS\Source\croutine.c         0x00000000   Number         0  croutine.o ABSOLUTE
    ..\..\FreeRTOS\Source\event_groups.c     0x00000000   Number         0  event_groups.o ABSOLUTE
    ..\..\FreeRTOS\Source\list.c             0x00000000   Number         0  list.o ABSOLUTE
    ..\..\FreeRTOS\Source\portable\MemMang\heap_2.c 0x00000000   Number         0  heap_2.o ABSOLUTE
    ..\..\FreeRTOS\Source\portable\RVDS\ARM_CM3\port.c 0x00000000   Number         0  port.o ABSOLUTE
    ..\..\FreeRTOS\Source\queue.c            0x00000000   Number         0  queue.o ABSOLUTE
    ..\..\FreeRTOS\Source\tasks.c            0x00000000   Number         0  tasks.o ABSOLUTE
    ..\..\FreeRTOS\Source\timers.c           0x00000000   Number         0  timers.o ABSOLUTE
    ..\..\Utilities\gd32f10x_eval.c          0x00000000   Number         0  gd32f10x_eval.o ABSOLUTE
    ..\HardWare\hardware.c                   0x00000000   Number         0  hardware.o ABSOLUTE
    ..\HardWare\spi.c                        0x00000000   Number         0  spi.o ABSOLUTE
    ..\USER\CoreTask.c                       0x00000000   Number         0  coretask.o ABSOLUTE
    ..\\..\\Firmware\\CMSIS\\GD\\GD32F10x\\Source\\system_gd32f10x.c 0x00000000   Number         0  system_gd32f10x.o ABSOLUTE
    ..\\..\\Firmware\\GD32F10x_standard_peripheral\\Source\\gd32f10x_adc.c 0x00000000   Number         0  gd32f10x_adc.o ABSOLUTE
    ..\\..\\Firmware\\GD32F10x_standard_peripheral\\Source\\gd32f10x_bkp.c 0x00000000   Number         0  gd32f10x_bkp.o ABSOLUTE
    ..\\..\\Firmware\\GD32F10x_standard_peripheral\\Source\\gd32f10x_can.c 0x00000000   Number         0  gd32f10x_can.o ABSOLUTE
    ..\\..\\Firmware\\GD32F10x_standard_peripheral\\Source\\gd32f10x_crc.c 0x00000000   Number         0  gd32f10x_crc.o ABSOLUTE
    ..\\..\\Firmware\\GD32F10x_standard_peripheral\\Source\\gd32f10x_dac.c 0x00000000   Number         0  gd32f10x_dac.o ABSOLUTE
    ..\\..\\Firmware\\GD32F10x_standard_peripheral\\Source\\gd32f10x_dbg.c 0x00000000   Number         0  gd32f10x_dbg.o ABSOLUTE
    ..\\..\\Firmware\\GD32F10x_standard_peripheral\\Source\\gd32f10x_dma.c 0x00000000   Number         0  gd32f10x_dma.o ABSOLUTE
    ..\\..\\Firmware\\GD32F10x_standard_peripheral\\Source\\gd32f10x_enet.c 0x00000000   Number         0  gd32f10x_enet.o ABSOLUTE
    ..\\..\\Firmware\\GD32F10x_standard_peripheral\\Source\\gd32f10x_exmc.c 0x00000000   Number         0  gd32f10x_exmc.o ABSOLUTE
    ..\\..\\Firmware\\GD32F10x_standard_peripheral\\Source\\gd32f10x_exti.c 0x00000000   Number         0  gd32f10x_exti.o ABSOLUTE
    ..\\..\\Firmware\\GD32F10x_standard_peripheral\\Source\\gd32f10x_fmc.c 0x00000000   Number         0  gd32f10x_fmc.o ABSOLUTE
    ..\\..\\Firmware\\GD32F10x_standard_peripheral\\Source\\gd32f10x_fwdgt.c 0x00000000   Number         0  gd32f10x_fwdgt.o ABSOLUTE
    ..\\..\\Firmware\\GD32F10x_standard_peripheral\\Source\\gd32f10x_gpio.c 0x00000000   Number         0  gd32f10x_gpio.o ABSOLUTE
    ..\\..\\Firmware\\GD32F10x_standard_peripheral\\Source\\gd32f10x_i2c.c 0x00000000   Number         0  gd32f10x_i2c.o ABSOLUTE
    ..\\..\\Firmware\\GD32F10x_standard_peripheral\\Source\\gd32f10x_misc.c 0x00000000   Number         0  gd32f10x_misc.o ABSOLUTE
    ..\\..\\Firmware\\GD32F10x_standard_peripheral\\Source\\gd32f10x_pmu.c 0x00000000   Number         0  gd32f10x_pmu.o ABSOLUTE
    ..\\..\\Firmware\\GD32F10x_standard_peripheral\\Source\\gd32f10x_rcu.c 0x00000000   Number         0  gd32f10x_rcu.o ABSOLUTE
    ..\\..\\Firmware\\GD32F10x_standard_peripheral\\Source\\gd32f10x_rtc.c 0x00000000   Number         0  gd32f10x_rtc.o ABSOLUTE
    ..\\..\\Firmware\\GD32F10x_standard_peripheral\\Source\\gd32f10x_sdio.c 0x00000000   Number         0  gd32f10x_sdio.o ABSOLUTE
    ..\\..\\Firmware\\GD32F10x_standard_peripheral\\Source\\gd32f10x_spi.c 0x00000000   Number         0  gd32f10x_spi.o ABSOLUTE
    ..\\..\\Firmware\\GD32F10x_standard_peripheral\\Source\\gd32f10x_timer.c 0x00000000   Number         0  gd32f10x_timer.o ABSOLUTE
    ..\\..\\Firmware\\GD32F10x_standard_peripheral\\Source\\gd32f10x_usart.c 0x00000000   Number         0  gd32f10x_usart.o ABSOLUTE
    ..\\..\\Firmware\\GD32F10x_standard_peripheral\\Source\\gd32f10x_wwdgt.c 0x00000000   Number         0  gd32f10x_wwdgt.o ABSOLUTE
    ..\\..\\FreeRTOS\\Source\\portable\\RVDS\\ARM_CM3\\port.c 0x00000000   Number         0  port.o ABSOLUTE
    ..\\..\\Utilities\\gd32f10x_eval.c       0x00000000   Number         0  gd32f10x_eval.o ABSOLUTE
    ..\\HardWare\\hardware.c                 0x00000000   Number         0  hardware.o ABSOLUTE
    ..\\HardWare\\spi.c                      0x00000000   Number         0  spi.o ABSOLUTE
    ..\\USER\\CoreTask.c                     0x00000000   Number         0  coretask.o ABSOLUTE
    ..\\gd32f10x_it.c                        0x00000000   Number         0  gd32f10x_it.o ABSOLUTE
    ..\\main.c                               0x00000000   Number         0  main.o ABSOLUTE
    ..\\systick.c                            0x00000000   Number         0  systick.o ABSOLUTE
    ..\gd32f10x_it.c                         0x00000000   Number         0  gd32f10x_it.o ABSOLUTE
    ..\main.c                                0x00000000   Number         0  main.o ABSOLUTE
    ..\systick.c                             0x00000000   Number         0  systick.o ABSOLUTE
    cdrcmple.s                               0x00000000   Number         0  cdrcmple.o ABSOLUTE
    dc.s                                     0x00000000   Number         0  dc.o ABSOLUTE
    handlers.s                               0x00000000   Number         0  handlers.o ABSOLUTE
    init.s                                   0x00000000   Number         0  init.o ABSOLUTE
    RESET                                    0x08000000   Section      260  startup_gd32f10x_md.o(RESET)
    .ARM.Collect$$$$00000000                 0x08000104   Section        0  entry.o(.ARM.Collect$$$$00000000)
    .ARM.Collect$$$$00000001                 0x08000104   Section        4  entry2.o(.ARM.Collect$$$$00000001)
    .ARM.Collect$$$$00000004                 0x08000108   Section        4  entry5.o(.ARM.Collect$$$$00000004)
    .ARM.Collect$$$$00000008                 0x0800010c   Section        0  entry7b.o(.ARM.Collect$$$$00000008)
    .ARM.Collect$$$$0000000A                 0x0800010c   Section        0  entry8b.o(.ARM.Collect$$$$0000000A)
    .ARM.Collect$$$$0000000B                 0x0800010c   Section        8  entry9a.o(.ARM.Collect$$$$0000000B)
    .ARM.Collect$$$$0000000D                 0x08000114   Section        0  entry10a.o(.ARM.Collect$$$$0000000D)
    .ARM.Collect$$$$0000000F                 0x08000114   Section        0  entry11a.o(.ARM.Collect$$$$0000000F)
    .ARM.Collect$$$$00002712                 0x08000114   Section        4  entry2.o(.ARM.Collect$$$$00002712)
    __lit__00000000                          0x08000114   Data           4  entry2.o(.ARM.Collect$$$$00002712)
    .emb_text                                0x08000118   Section      150  port.o(.emb_text)
    .text                                    0x080001b0   Section       36  startup_gd32f10x_md.o(.text)
    .text                                    0x080001d4   Section        0  memcpya.o(.text)
    .text                                    0x080001f8   Section       36  init.o(.text)
    .text                                    0x0800021c   Section        0  __dczerorl2.o(.text)
    i.AppTaskCreate                          0x08000274   Section        0  main.o(i.AppTaskCreate)
    AppTaskCreate                            0x08000275   Thumb Code    64  main.o(i.AppTaskCreate)
    i.BusFault_Handler                       0x080002e4   Section        0  gd32f10x_it.o(i.BusFault_Handler)
    i.CC1101ReadReg                          0x080002e8   Section        0  hardware.o(i.CC1101ReadReg)
    i.CC1101ReadStatus                       0x08000308   Section        0  hardware.o(i.CC1101ReadStatus)
    i.CC1101SetAddress                       0x08000328   Section        0  hardware.o(i.CC1101SetAddress)
    i.CC1101SetSYNC                          0x08000368   Section        0  hardware.o(i.CC1101SetSYNC)
    i.CC1101WriteCmd                         0x08000380   Section        0  hardware.o(i.CC1101WriteCmd)
    i.CC1101WriteMultiReg                    0x08000394   Section        0  hardware.o(i.CC1101WriteMultiReg)
    i.CC1101WriteReg                         0x080003c4   Section        0  hardware.o(i.CC1101WriteReg)
    i.CC1101_Init                            0x080003e0   Section        0  hardware.o(i.CC1101_Init)
    i.CC_CSN_HIGH                            0x08000474   Section        0  hardware.o(i.CC_CSN_HIGH)
    i.CC_CSN_LOW                             0x08000484   Section        0  hardware.o(i.CC_CSN_LOW)
    i.DebugMon_Handler                       0x08000494   Section        0  gd32f10x_it.o(i.DebugMon_Handler)
    i.EXTI0_IRQHandler                       0x08000498   Section        0  hardware.o(i.EXTI0_IRQHandler)
    i.HardFault_Handler                      0x080004bc   Section        0  gd32f10x_it.o(i.HardFault_Handler)
    i.MemManage_Handler                      0x080004c0   Section        0  gd32f10x_it.o(i.MemManage_Handler)
    i.NMI_Handler                            0x080004c4   Section        0  gd32f10x_it.o(i.NMI_Handler)
    i.SPI2_Init                              0x080004c8   Section        0  spi.o(i.SPI2_Init)
    i.SPI_ExchangeByte                       0x08000534   Section        0  spi.o(i.SPI_ExchangeByte)
    i.SystemInit                             0x0800056c   Section        0  system_gd32f10x.o(i.SystemInit)
    i.TIMER0_UP_IRQHandler                   0x080005d0   Section        0  hardware.o(i.TIMER0_UP_IRQHandler)
    i.TIMER2_IRQHandler                      0x08000630   Section        0  hardware.o(i.TIMER2_IRQHandler)
    i.UsageFault_Handler                     0x080006c8   Section        0  gd32f10x_it.o(i.UsageFault_Handler)
    i.__0printf$bare                         0x080006cc   Section        0  printfb.o(i.__0printf$bare)
    i.__scatterload_copy                     0x080006dc   Section       14  handlers.o(i.__scatterload_copy)
    i.__scatterload_null                     0x080006ea   Section        2  handlers.o(i.__scatterload_null)
    i.__scatterload_zeroinit                 0x080006ec   Section       14  handlers.o(i.__scatterload_zeroinit)
    i._printf_core                           0x080006fa   Section        0  printfb.o(i._printf_core)
    _printf_core                             0x080006fb   Thumb Code    34  printfb.o(i._printf_core)
    i.exti_config                            0x0800071c   Section        0  hardware.o(i.exti_config)
    i.exti_init                              0x08000728   Section        0  gd32f10x_exti.o(i.exti_init)
    i.exti_interrupt_flag_clear              0x080007e0   Section        0  gd32f10x_exti.o(i.exti_interrupt_flag_clear)
    i.exti_interrupt_flag_get                0x080007ec   Section        0  gd32f10x_exti.o(i.exti_interrupt_flag_get)
    i.fputc                                  0x08000810   Section        0  main.o(i.fputc)
    i.gd_eval_com_init                       0x08000834   Section        0  gd32f10x_eval.o(i.gd_eval_com_init)
    i.gd_eval_key_init                       0x080008c0   Section        0  gd32f10x_eval.o(i.gd_eval_key_init)
    i.gd_eval_key_state_get                  0x08000940   Section        0  gd32f10x_eval.o(i.gd_eval_key_state_get)
    i.gpio_bit_reset                         0x08000960   Section        0  gd32f10x_gpio.o(i.gpio_bit_reset)
    i.gpio_bit_set                           0x08000964   Section        0  gd32f10x_gpio.o(i.gpio_bit_set)
    i.gpio_config                            0x08000968   Section        0  hardware.o(i.gpio_config)
    i.gpio_exti_source_select                0x080009b0   Section        0  gd32f10x_gpio.o(i.gpio_exti_source_select)
    i.gpio_init                              0x08000a48   Section        0  gd32f10x_gpio.o(i.gpio_init)
    i.gpio_input_bit_get                     0x08000adc   Section        0  gd32f10x_gpio.o(i.gpio_input_bit_get)
    i.main                                   0x08000aec   Section        0  main.o(i.main)
    i.nvic_configuration                     0x08000b48   Section        0  hardware.o(i.nvic_configuration)
    i.nvic_irq_enable                        0x08000b70   Section        0  gd32f10x_misc.o(i.nvic_irq_enable)
    i.nvic_priority_group_set                0x08000c14   Section        0  gd32f10x_misc.o(i.nvic_priority_group_set)
    i.prvAddCurrentTaskToDelayedList         0x08000c28   Section        0  tasks.o(i.prvAddCurrentTaskToDelayedList)
    prvAddCurrentTaskToDelayedList           0x08000c29   Thumb Code   124  tasks.o(i.prvAddCurrentTaskToDelayedList)
    i.prvAddNewTaskToReadyList               0x08000cc0   Section        0  tasks.o(i.prvAddNewTaskToReadyList)
    prvAddNewTaskToReadyList                 0x08000cc1   Thumb Code   150  tasks.o(i.prvAddNewTaskToReadyList)
    i.prvCheckTasksWaitingTermination        0x08000d74   Section        0  tasks.o(i.prvCheckTasksWaitingTermination)
    prvCheckTasksWaitingTermination          0x08000d75   Thumb Code    86  tasks.o(i.prvCheckTasksWaitingTermination)
    i.prvCopyDataFromQueue                   0x08000dd8   Section        0  queue.o(i.prvCopyDataFromQueue)
    prvCopyDataFromQueue                     0x08000dd9   Thumb Code    42  queue.o(i.prvCopyDataFromQueue)
    i.prvCopyDataToQueue                     0x08000e02   Section        0  queue.o(i.prvCopyDataToQueue)
    prvCopyDataToQueue                       0x08000e03   Thumb Code   106  queue.o(i.prvCopyDataToQueue)
    i.prvDeleteTCB                           0x08000e6c   Section        0  tasks.o(i.prvDeleteTCB)
    prvDeleteTCB                             0x08000e6d   Thumb Code    18  tasks.o(i.prvDeleteTCB)
    i.prvHeapInit                            0x08000e80   Section        0  heap_2.o(i.prvHeapInit)
    prvHeapInit                              0x08000e81   Thumb Code    42  heap_2.o(i.prvHeapInit)
    i.prvIdleTask                            0x08000eb8   Section        0  tasks.o(i.prvIdleTask)
    prvIdleTask                              0x08000eb9   Thumb Code    32  tasks.o(i.prvIdleTask)
    i.prvInitialiseNewQueue                  0x08000ee0   Section        0  queue.o(i.prvInitialiseNewQueue)
    prvInitialiseNewQueue                    0x08000ee1   Thumb Code    38  queue.o(i.prvInitialiseNewQueue)
    i.prvInitialiseNewTask                   0x08000f06   Section        0  tasks.o(i.prvInitialiseNewTask)
    prvInitialiseNewTask                     0x08000f07   Thumb Code   128  tasks.o(i.prvInitialiseNewTask)
    i.prvInitialiseTaskLists                 0x08000f88   Section        0  tasks.o(i.prvInitialiseTaskLists)
    prvInitialiseTaskLists                   0x08000f89   Thumb Code    70  tasks.o(i.prvInitialiseTaskLists)
    i.prvIsQueueEmpty                        0x08000ff0   Section        0  queue.o(i.prvIsQueueEmpty)
    prvIsQueueEmpty                          0x08000ff1   Thumb Code    26  queue.o(i.prvIsQueueEmpty)
    i.prvResetNextTaskUnblockTime            0x0800100c   Section        0  tasks.o(i.prvResetNextTaskUnblockTime)
    prvResetNextTaskUnblockTime              0x0800100d   Thumb Code    42  tasks.o(i.prvResetNextTaskUnblockTime)
    i.prvTaskExitError                       0x08001040   Section        0  port.o(i.prvTaskExitError)
    prvTaskExitError                         0x08001041   Thumb Code    22  port.o(i.prvTaskExitError)
    i.prvUnlockQueue                         0x08001056   Section        0  queue.o(i.prvUnlockQueue)
    prvUnlockQueue                           0x08001057   Thumb Code   126  queue.o(i.prvUnlockQueue)
    i.pvPortMalloc                           0x080010d4   Section        0  heap_2.o(i.pvPortMalloc)
    i.pxPortInitialiseStack                  0x0800118c   Section        0  port.o(i.pxPortInitialiseStack)
    i.rcu_clock_freq_get                     0x080011b0   Section        0  gd32f10x_rcu.o(i.rcu_clock_freq_get)
    i.rcu_config                             0x080012d4   Section        0  hardware.o(i.rcu_config)
    i.rcu_periph_clock_enable                0x080012f0   Section        0  gd32f10x_rcu.o(i.rcu_periph_clock_enable)
    i.rcu_periph_reset_disable               0x08001310   Section        0  gd32f10x_rcu.o(i.rcu_periph_reset_disable)
    i.rcu_periph_reset_enable                0x08001330   Section        0  gd32f10x_rcu.o(i.rcu_periph_reset_enable)
    i.spi_enable                             0x08001350   Section        0  gd32f10x_spi.o(i.spi_enable)
    i.spi_i2s_data_receive                   0x0800135a   Section        0  gd32f10x_spi.o(i.spi_i2s_data_receive)
    i.spi_i2s_data_transmit                  0x08001362   Section        0  gd32f10x_spi.o(i.spi_i2s_data_transmit)
    i.spi_i2s_flag_get                       0x08001366   Section        0  gd32f10x_spi.o(i.spi_i2s_flag_get)
    i.spi_init                               0x08001376   Section        0  gd32f10x_spi.o(i.spi_init)
    i.spi_nss_internal_high                  0x080013a8   Section        0  gd32f10x_spi.o(i.spi_nss_internal_high)
    i.system_clock_108m_hxtal                0x080013b4   Section        0  system_gd32f10x.o(i.system_clock_108m_hxtal)
    system_clock_108m_hxtal                  0x080013b5   Thumb Code   182  system_gd32f10x.o(i.system_clock_108m_hxtal)
    i.system_clock_config                    0x08001478   Section        0  system_gd32f10x.o(i.system_clock_config)
    system_clock_config                      0x08001479   Thumb Code     8  system_gd32f10x.o(i.system_clock_config)
    i.timer_auto_reload_shadow_enable        0x08001480   Section        0  gd32f10x_timer.o(i.timer_auto_reload_shadow_enable)
    i.timer_channel_output_config            0x0800148c   Section        0  gd32f10x_timer.o(i.timer_channel_output_config)
    i.timer_channel_output_mode_config       0x08001678   Section        0  gd32f10x_timer.o(i.timer_channel_output_mode_config)
    i.timer_channel_output_pulse_value_config 0x080016d2   Section        0  gd32f10x_timer.o(i.timer_channel_output_pulse_value_config)
    i.timer_channel_output_shadow_config     0x080016f8   Section        0  gd32f10x_timer.o(i.timer_channel_output_shadow_config)
    i.timer_config                           0x08001754   Section        0  hardware.o(i.timer_config)
    i.timer_deinit                           0x0800191c   Section        0  gd32f10x_timer.o(i.timer_deinit)
    i.timer_disable                          0x080019f8   Section        0  gd32f10x_timer.o(i.timer_disable)
    i.timer_enable                           0x08001a02   Section        0  gd32f10x_timer.o(i.timer_enable)
    i.timer_init                             0x08001a0c   Section        0  gd32f10x_timer.o(i.timer_init)
    i.timer_interrupt_enable                 0x08001ae0   Section        0  gd32f10x_timer.o(i.timer_interrupt_enable)
    i.timer_interrupt_flag_clear             0x08001ae8   Section        0  gd32f10x_timer.o(i.timer_interrupt_flag_clear)
    i.timer_interrupt_flag_get               0x08001af0   Section        0  gd32f10x_timer.o(i.timer_interrupt_flag_get)
    i.usart_baudrate_set                     0x08001b08   Section        0  gd32f10x_usart.o(i.usart_baudrate_set)
    i.usart_data_transmit                    0x08001b98   Section        0  gd32f10x_usart.o(i.usart_data_transmit)
    i.usart_deinit                           0x08001ba0   Section        0  gd32f10x_usart.o(i.usart_deinit)
    i.usart_enable                           0x08001c30   Section        0  gd32f10x_usart.o(i.usart_enable)
    i.usart_flag_get                         0x08001c3a   Section        0  gd32f10x_usart.o(i.usart_flag_get)
    i.usart_receive_config                   0x08001c58   Section        0  gd32f10x_usart.o(i.usart_receive_config)
    i.usart_transmit_config                  0x08001c68   Section        0  gd32f10x_usart.o(i.usart_transmit_config)
    i.uxListRemove                           0x08001c78   Section        0  list.o(i.uxListRemove)
    i.vListInitialise                        0x08001ca0   Section        0  list.o(i.vListInitialise)
    i.vListInitialiseItem                    0x08001cba   Section        0  list.o(i.vListInitialiseItem)
    i.vListInsert                            0x08001cc0   Section        0  list.o(i.vListInsert)
    i.vListInsertEnd                         0x08001cf4   Section        0  list.o(i.vListInsertEnd)
    i.vPortEnterCritical                     0x08001d0c   Section        0  port.o(i.vPortEnterCritical)
    i.vPortExitCritical                      0x08001d30   Section        0  port.o(i.vPortExitCritical)
    i.vPortFree                              0x08001d50   Section        0  heap_2.o(i.vPortFree)
    i.vPortSetupTimerInterrupt               0x08001d90   Section        0  port.o(i.vPortSetupTimerInterrupt)
    i.vTaskAttack                            0x08001da4   Section        0  main.o(i.vTaskAttack)
    i.vTaskCore                              0x08001e1c   Section        0  main.o(i.vTaskCore)
    i.vTaskDelay                             0x08001e40   Section        0  tasks.o(i.vTaskDelay)
    i.vTaskInfrared                          0x08001e74   Section        0  main.o(i.vTaskInfrared)
    i.vTaskMissedYield                       0x08001f98   Section        0  tasks.o(i.vTaskMissedYield)
    i.vTaskPlaceOnEventList                  0x08001fa4   Section        0  tasks.o(i.vTaskPlaceOnEventList)
    i.vTaskSetTimeOutState                   0x08001fc4   Section        0  tasks.o(i.vTaskSetTimeOutState)
    i.vTaskStartScheduler                    0x08001fdc   Section        0  tasks.o(i.vTaskStartScheduler)
    i.vTaskSuspendAll                        0x08002040   Section        0  tasks.o(i.vTaskSuspendAll)
    i.vTaskSwitchContext                     0x08002050   Section        0  tasks.o(i.vTaskSwitchContext)
    i.xPortStartScheduler                    0x080020b0   Section        0  port.o(i.xPortStartScheduler)
    i.xPortSysTickHandler                    0x080020e4   Section        0  port.o(i.xPortSysTickHandler)
    i.xQueueGenericCreate                    0x08002118   Section        0  queue.o(i.xQueueGenericCreate)
    i.xQueueGenericReceive                   0x08002150   Section        0  queue.o(i.xQueueGenericReceive)
    i.xQueueGenericReset                     0x0800228c   Section        0  queue.o(i.xQueueGenericReset)
    i.xQueueGenericSendFromISR               0x0800230c   Section        0  queue.o(i.xQueueGenericSendFromISR)
    i.xTaskCheckForTimeOut                   0x08002394   Section        0  tasks.o(i.xTaskCheckForTimeOut)
    i.xTaskCreate                            0x080023f0   Section        0  tasks.o(i.xTaskCreate)
    i.xTaskIncrementTick                     0x08002450   Section        0  tasks.o(i.xTaskIncrementTick)
    i.xTaskRemoveFromEventList               0x0800256c   Section        0  tasks.o(i.xTaskRemoveFromEventList)
    i.xTaskResumeAll                         0x080025ec   Section        0  tasks.o(i.xTaskResumeAll)
    .constdata                               0x080026d4   Section       44  hardware.o(.constdata)
    CC1101InitData                           0x080026d4   Data          44  hardware.o(.constdata)
    .data                                    0x20000000   Section       24  main.o(.data)
    timingdelaylocal                         0x20000014   Data           4  main.o(.data)
    .data                                    0x20000018   Section      140  gd32f10x_eval.o(.data)
    GPIO_PORT                                0x20000018   Data          16  gd32f10x_eval.o(.data)
    GPIO_PIN                                 0x20000028   Data          16  gd32f10x_eval.o(.data)
    COM_CLK                                  0x20000038   Data           4  gd32f10x_eval.o(.data)
    COM_TX_PIN                               0x2000003c   Data           8  gd32f10x_eval.o(.data)
    COM_RX_PIN                               0x20000044   Data           8  gd32f10x_eval.o(.data)
    COM_GPIO_PORT                            0x2000004c   Data           8  gd32f10x_eval.o(.data)
    COM_GPIO_CLK                             0x20000054   Data           4  gd32f10x_eval.o(.data)
    GPIO_CLK                                 0x20000058   Data           8  gd32f10x_eval.o(.data)
    KEY_PORT                                 0x20000060   Data          16  gd32f10x_eval.o(.data)
    KEY_PIN                                  0x20000070   Data          16  gd32f10x_eval.o(.data)
    KEY_CLK                                  0x20000080   Data           8  gd32f10x_eval.o(.data)
    KEY_EXTI_LINE                            0x20000088   Data          16  gd32f10x_eval.o(.data)
    KEY_PORT_SOURCE                          0x20000098   Data           4  gd32f10x_eval.o(.data)
    KEY_PIN_SOURCE                           0x2000009c   Data           4  gd32f10x_eval.o(.data)
    KEY_IRQn                                 0x200000a0   Data           4  gd32f10x_eval.o(.data)
    .data                                    0x200000a4   Section       60  tasks.o(.data)
    pxDelayedTaskList                        0x200000a8   Data           4  tasks.o(.data)
    pxOverflowDelayedTaskList                0x200000ac   Data           4  tasks.o(.data)
    uxDeletedTasksWaitingCleanUp             0x200000b0   Data           4  tasks.o(.data)
    uxCurrentNumberOfTasks                   0x200000b4   Data           4  tasks.o(.data)
    xTickCount                               0x200000b8   Data           4  tasks.o(.data)
    uxTopReadyPriority                       0x200000bc   Data           4  tasks.o(.data)
    xSchedulerRunning                        0x200000c0   Data           4  tasks.o(.data)
    uxPendedTicks                            0x200000c4   Data           4  tasks.o(.data)
    xYieldPending                            0x200000c8   Data           4  tasks.o(.data)
    xNumOfOverflows                          0x200000cc   Data           4  tasks.o(.data)
    uxTaskNumber                             0x200000d0   Data           4  tasks.o(.data)
    xNextTaskUnblockTime                     0x200000d4   Data           4  tasks.o(.data)
    xIdleTaskHandle                          0x200000d8   Data           4  tasks.o(.data)
    uxSchedulerSuspended                     0x200000dc   Data           4  tasks.o(.data)
    .data                                    0x200000e0   Section       24  heap_2.o(.data)
    xStart                                   0x200000e0   Data           8  heap_2.o(.data)
    xEnd                                     0x200000e8   Data           8  heap_2.o(.data)
    xFreeBytesRemaining                      0x200000f0   Data           4  heap_2.o(.data)
    xHeapHasBeenInitialised                  0x200000f4   Data           4  heap_2.o(.data)
    .data                                    0x200000f8   Section        4  port.o(.data)
    uxCriticalNesting                        0x200000f8   Data           4  port.o(.data)
    .data                                    0x200000fc   Section       41  hardware.o(.data)
    .data                                    0x20000128   Section        4  stdout.o(.data)
    .bss                                     0x2000012c   Section      200  tasks.o(.bss)
    pxReadyTasksLists                        0x2000012c   Data         100  tasks.o(.bss)
    xDelayedTaskList1                        0x20000190   Data          20  tasks.o(.bss)
    xDelayedTaskList2                        0x200001a4   Data          20  tasks.o(.bss)
    xPendingReadyList                        0x200001b8   Data          20  tasks.o(.bss)
    xTasksWaitingTermination                 0x200001cc   Data          20  tasks.o(.bss)
    xSuspendedTaskList                       0x200001e0   Data          20  tasks.o(.bss)
    .bss                                     0x200001f4   Section    17408  heap_2.o(.bss)
    ucHeap                                   0x200001f4   Data       17408  heap_2.o(.bss)
    STACK                                    0x200045f8   Section     1024  startup_gd32f10x_md.o(STACK)

    Global Symbols

    Symbol Name                              Value     Ov Type        Size  Object(Section)

    BuildAttributes$$THM_ISAv4$P$D$K$B$S$PE$A:L22UL41UL21$X:L11$S22US41US21$IEEE1$IW$USESV6$~STKCKD$USESV7$~SHL$OSPACE$ROPI$EBA8$MICROLIB$REQ8$PRES8$EABIv2 0x00000000   Number         0  anon$$obj.o ABSOLUTE
    __ARM_use_no_argv                        0x00000000   Number         0  main.o ABSOLUTE
    __cpp_initialize__aeabi_                  - Undefined Weak Reference
    __cxa_finalize                            - Undefined Weak Reference
    _clock_init                               - Undefined Weak Reference
    _microlib_exit                            - Undefined Weak Reference
    __Vectors_Size                           0x00000104   Number         0  startup_gd32f10x_md.o ABSOLUTE
    __Vectors                                0x08000000   Data           4  startup_gd32f10x_md.o(RESET)
    __Vectors_End                            0x08000104   Data           0  startup_gd32f10x_md.o(RESET)
    __main                                   0x08000105   Thumb Code     0  entry.o(.ARM.Collect$$$$00000000)
    _main_stk                                0x08000105   Thumb Code     0  entry2.o(.ARM.Collect$$$$00000001)
    _main_scatterload                        0x08000109   Thumb Code     0  entry5.o(.ARM.Collect$$$$00000004)
    __main_after_scatterload                 0x0800010d   Thumb Code     0  entry5.o(.ARM.Collect$$$$00000004)
    _main_clock                              0x0800010d   Thumb Code     0  entry7b.o(.ARM.Collect$$$$00000008)
    _main_cpp_init                           0x0800010d   Thumb Code     0  entry8b.o(.ARM.Collect$$$$0000000A)
    _main_init                               0x0800010d   Thumb Code     0  entry9a.o(.ARM.Collect$$$$0000000B)
    __rt_final_cpp                           0x08000115   Thumb Code     0  entry10a.o(.ARM.Collect$$$$0000000D)
    __rt_final_exit                          0x08000115   Thumb Code     0  entry11a.o(.ARM.Collect$$$$0000000F)
    vPortSVCHandler                          0x08000119   Thumb Code    32  port.o(.emb_text)
    __asm___6_port_c_39a90d8d__prvStartFirstTask 0x0800013d   Thumb Code    28  port.o(.emb_text)
    xPortPendSVHandler                       0x0800015d   Thumb Code    72  port.o(.emb_text)
    vPortGetIPSR                             0x080001a9   Thumb Code     6  port.o(.emb_text)
    Reset_Handler                            0x080001b1   Thumb Code     8  startup_gd32f10x_md.o(.text)
    ADC0_1_IRQHandler                        0x080001cb   Thumb Code     0  startup_gd32f10x_md.o(.text)
    CAN0_EWMC_IRQHandler                     0x080001cb   Thumb Code     0  startup_gd32f10x_md.o(.text)
    CAN0_RX1_IRQHandler                      0x080001cb   Thumb Code     0  startup_gd32f10x_md.o(.text)
    DMA0_Channel0_IRQHandler                 0x080001cb   Thumb Code     0  startup_gd32f10x_md.o(.text)
    DMA0_Channel1_IRQHandler                 0x080001cb   Thumb Code     0  startup_gd32f10x_md.o(.text)
    DMA0_Channel2_IRQHandler                 0x080001cb   Thumb Code     0  startup_gd32f10x_md.o(.text)
    DMA0_Channel3_IRQHandler                 0x080001cb   Thumb Code     0  startup_gd32f10x_md.o(.text)
    DMA0_Channel4_IRQHandler                 0x080001cb   Thumb Code     0  startup_gd32f10x_md.o(.text)
    DMA0_Channel5_IRQHandler                 0x080001cb   Thumb Code     0  startup_gd32f10x_md.o(.text)
    DMA0_Channel6_IRQHandler                 0x080001cb   Thumb Code     0  startup_gd32f10x_md.o(.text)
    EXMC_IRQHandler                          0x080001cb   Thumb Code     0  startup_gd32f10x_md.o(.text)
    EXTI10_15_IRQHandler                     0x080001cb   Thumb Code     0  startup_gd32f10x_md.o(.text)
    EXTI1_IRQHandler                         0x080001cb   Thumb Code     0  startup_gd32f10x_md.o(.text)
    EXTI2_IRQHandler                         0x080001cb   Thumb Code     0  startup_gd32f10x_md.o(.text)
    EXTI3_IRQHandler                         0x080001cb   Thumb Code     0  startup_gd32f10x_md.o(.text)
    EXTI4_IRQHandler                         0x080001cb   Thumb Code     0  startup_gd32f10x_md.o(.text)
    EXTI5_9_IRQHandler                       0x080001cb   Thumb Code     0  startup_gd32f10x_md.o(.text)
    FMC_IRQHandler                           0x080001cb   Thumb Code     0  startup_gd32f10x_md.o(.text)
    I2C0_ER_IRQHandler                       0x080001cb   Thumb Code     0  startup_gd32f10x_md.o(.text)
    I2C0_EV_IRQHandler                       0x080001cb   Thumb Code     0  startup_gd32f10x_md.o(.text)
    I2C1_ER_IRQHandler                       0x080001cb   Thumb Code     0  startup_gd32f10x_md.o(.text)
    I2C1_EV_IRQHandler                       0x080001cb   Thumb Code     0  startup_gd32f10x_md.o(.text)
    LVD_IRQHandler                           0x080001cb   Thumb Code     0  startup_gd32f10x_md.o(.text)
    RCU_IRQHandler                           0x080001cb   Thumb Code     0  startup_gd32f10x_md.o(.text)
    RTC_Alarm_IRQHandler                     0x080001cb   Thumb Code     0  startup_gd32f10x_md.o(.text)
    RTC_IRQHandler                           0x080001cb   Thumb Code     0  startup_gd32f10x_md.o(.text)
    SPI0_IRQHandler                          0x080001cb   Thumb Code     0  startup_gd32f10x_md.o(.text)
    SPI1_IRQHandler                          0x080001cb   Thumb Code     0  startup_gd32f10x_md.o(.text)
    TAMPER_IRQHandler                        0x080001cb   Thumb Code     0  startup_gd32f10x_md.o(.text)
    TIMER0_BRK_IRQHandler                    0x080001cb   Thumb Code     0  startup_gd32f10x_md.o(.text)
    TIMER0_Channel_IRQHandler                0x080001cb   Thumb Code     0  startup_gd32f10x_md.o(.text)
    TIMER0_TRG_CMT_IRQHandler                0x080001cb   Thumb Code     0  startup_gd32f10x_md.o(.text)
    TIMER1_IRQHandler                        0x080001cb   Thumb Code     0  startup_gd32f10x_md.o(.text)
    TIMER3_IRQHandler                        0x080001cb   Thumb Code     0  startup_gd32f10x_md.o(.text)
    USART0_IRQHandler                        0x080001cb   Thumb Code     0  startup_gd32f10x_md.o(.text)
    USART1_IRQHandler                        0x080001cb   Thumb Code     0  startup_gd32f10x_md.o(.text)
    USART2_IRQHandler                        0x080001cb   Thumb Code     0  startup_gd32f10x_md.o(.text)
    USBD_HP_CAN0_TX_IRQHandler               0x080001cb   Thumb Code     0  startup_gd32f10x_md.o(.text)
    USBD_LP_CAN0_RX0_IRQHandler              0x080001cb   Thumb Code     0  startup_gd32f10x_md.o(.text)
    USBD_WKUP_IRQHandler                     0x080001cb   Thumb Code     0  startup_gd32f10x_md.o(.text)
    WWDGT_IRQHandler                         0x080001cb   Thumb Code     0  startup_gd32f10x_md.o(.text)
    __aeabi_memcpy                           0x080001d5   Thumb Code    36  memcpya.o(.text)
    __aeabi_memcpy4                          0x080001d5   Thumb Code     0  memcpya.o(.text)
    __aeabi_memcpy8                          0x080001d5   Thumb Code     0  memcpya.o(.text)
    __scatterload                            0x080001f9   Thumb Code    28  init.o(.text)
    __scatterload_rt2                        0x080001f9   Thumb Code     0  init.o(.text)
    __decompress                             0x0800021d   Thumb Code     0  __dczerorl2.o(.text)
    __decompress1                            0x0800021d   Thumb Code    86  __dczerorl2.o(.text)
    BusFault_Handler                         0x080002e5   Thumb Code     4  gd32f10x_it.o(i.BusFault_Handler)
    CC1101ReadReg                            0x080002e9   Thumb Code    32  hardware.o(i.CC1101ReadReg)
    CC1101ReadStatus                         0x08000309   Thumb Code    32  hardware.o(i.CC1101ReadStatus)
    CC1101SetAddress                         0x08000329   Thumb Code    64  hardware.o(i.CC1101SetAddress)
    CC1101SetSYNC                            0x08000369   Thumb Code    24  hardware.o(i.CC1101SetSYNC)
    CC1101WriteCmd                           0x08000381   Thumb Code    20  hardware.o(i.CC1101WriteCmd)
    CC1101WriteMultiReg                      0x08000395   Thumb Code    48  hardware.o(i.CC1101WriteMultiReg)
    CC1101WriteReg                           0x080003c5   Thumb Code    28  hardware.o(i.CC1101WriteReg)
    CC1101_Init                              0x080003e1   Thumb Code   138  hardware.o(i.CC1101_Init)
    CC_CSN_HIGH                              0x08000475   Thumb Code    12  hardware.o(i.CC_CSN_HIGH)
    CC_CSN_LOW                               0x08000485   Thumb Code    12  hardware.o(i.CC_CSN_LOW)
    DebugMon_Handler                         0x08000495   Thumb Code     2  gd32f10x_it.o(i.DebugMon_Handler)
    EXTI0_IRQHandler                         0x08000499   Thumb Code    32  hardware.o(i.EXTI0_IRQHandler)
    HardFault_Handler                        0x080004bd   Thumb Code     4  gd32f10x_it.o(i.HardFault_Handler)
    MemManage_Handler                        0x080004c1   Thumb Code     4  gd32f10x_it.o(i.MemManage_Handler)
    NMI_Handler                              0x080004c5   Thumb Code     2  gd32f10x_it.o(i.NMI_Handler)
    SPI2_Init                                0x080004c9   Thumb Code   100  spi.o(i.SPI2_Init)
    SPI_ExchangeByte                         0x08000535   Thumb Code    50  spi.o(i.SPI_ExchangeByte)
    SystemInit                               0x0800056d   Thumb Code    84  system_gd32f10x.o(i.SystemInit)
    TIMER0_UP_IRQHandler                     0x080005d1   Thumb Code    82  hardware.o(i.TIMER0_UP_IRQHandler)
    TIMER2_IRQHandler                        0x08000631   Thumb Code   136  hardware.o(i.TIMER2_IRQHandler)
    UsageFault_Handler                       0x080006c9   Thumb Code     4  gd32f10x_it.o(i.UsageFault_Handler)
    __0printf$bare                           0x080006cd   Thumb Code     8  printfb.o(i.__0printf$bare)
    __1printf$bare                           0x080006cd   Thumb Code     0  printfb.o(i.__0printf$bare)
    __2printf                                0x080006cd   Thumb Code     0  printfb.o(i.__0printf$bare)
    __scatterload_copy                       0x080006dd   Thumb Code    14  handlers.o(i.__scatterload_copy)
    __scatterload_null                       0x080006eb   Thumb Code     2  handlers.o(i.__scatterload_null)
    __scatterload_zeroinit                   0x080006ed   Thumb Code    14  handlers.o(i.__scatterload_zeroinit)
    exti_config                              0x0800071d   Thumb Code    12  hardware.o(i.exti_config)
    exti_init                                0x08000729   Thumb Code   178  gd32f10x_exti.o(i.exti_init)
    exti_interrupt_flag_clear                0x080007e1   Thumb Code     6  gd32f10x_exti.o(i.exti_interrupt_flag_clear)
    exti_interrupt_flag_get                  0x080007ed   Thumb Code    32  gd32f10x_exti.o(i.exti_interrupt_flag_get)
    fputc                                    0x08000811   Thumb Code    32  main.o(i.fputc)
    gd_eval_com_init                         0x08000835   Thumb Code   116  gd32f10x_eval.o(i.gd_eval_com_init)
    gd_eval_key_init                         0x080008c1   Thumb Code    98  gd32f10x_eval.o(i.gd_eval_key_init)
    gd_eval_key_state_get                    0x08000941   Thumb Code    22  gd32f10x_eval.o(i.gd_eval_key_state_get)
    gpio_bit_reset                           0x08000961   Thumb Code     4  gd32f10x_gpio.o(i.gpio_bit_reset)
    gpio_bit_set                             0x08000965   Thumb Code     4  gd32f10x_gpio.o(i.gpio_bit_set)
    gpio_config                              0x08000969   Thumb Code    64  hardware.o(i.gpio_config)
    gpio_exti_source_select                  0x080009b1   Thumb Code   146  gd32f10x_gpio.o(i.gpio_exti_source_select)
    gpio_init                                0x08000a49   Thumb Code   148  gd32f10x_gpio.o(i.gpio_init)
    gpio_input_bit_get                       0x08000add   Thumb Code    16  gd32f10x_gpio.o(i.gpio_input_bit_get)
    main                                     0x08000aed   Thumb Code    54  main.o(i.main)
    nvic_configuration                       0x08000b49   Thumb Code    40  hardware.o(i.nvic_configuration)
    nvic_irq_enable                          0x08000b71   Thumb Code   156  gd32f10x_misc.o(i.nvic_irq_enable)
    nvic_priority_group_set                  0x08000c15   Thumb Code    10  gd32f10x_misc.o(i.nvic_priority_group_set)
    pvPortMalloc                             0x080010d5   Thumb Code   166  heap_2.o(i.pvPortMalloc)
    pxPortInitialiseStack                    0x0800118d   Thumb Code    30  port.o(i.pxPortInitialiseStack)
    rcu_clock_freq_get                       0x080011b1   Thumb Code   264  gd32f10x_rcu.o(i.rcu_clock_freq_get)
    rcu_config                               0x080012d5   Thumb Code    28  hardware.o(i.rcu_config)
    rcu_periph_clock_enable                  0x080012f1   Thumb Code    28  gd32f10x_rcu.o(i.rcu_periph_clock_enable)
    rcu_periph_reset_disable                 0x08001311   Thumb Code    28  gd32f10x_rcu.o(i.rcu_periph_reset_disable)
    rcu_periph_reset_enable                  0x08001331   Thumb Code    28  gd32f10x_rcu.o(i.rcu_periph_reset_enable)
    spi_enable                               0x08001351   Thumb Code    10  gd32f10x_spi.o(i.spi_enable)
    spi_i2s_data_receive                     0x0800135b   Thumb Code     8  gd32f10x_spi.o(i.spi_i2s_data_receive)
    spi_i2s_data_transmit                    0x08001363   Thumb Code     4  gd32f10x_spi.o(i.spi_i2s_data_transmit)
    spi_i2s_flag_get                         0x08001367   Thumb Code    16  gd32f10x_spi.o(i.spi_i2s_flag_get)
    spi_init                                 0x08001377   Thumb Code    50  gd32f10x_spi.o(i.spi_init)
    spi_nss_internal_high                    0x080013a9   Thumb Code    10  gd32f10x_spi.o(i.spi_nss_internal_high)
    timer_auto_reload_shadow_enable          0x08001481   Thumb Code    10  gd32f10x_timer.o(i.timer_auto_reload_shadow_enable)
    timer_channel_output_config              0x0800148d   Thumb Code   484  gd32f10x_timer.o(i.timer_channel_output_config)
    timer_channel_output_mode_config         0x08001679   Thumb Code    90  gd32f10x_timer.o(i.timer_channel_output_mode_config)
    timer_channel_output_pulse_value_config  0x080016d3   Thumb Code    38  gd32f10x_timer.o(i.timer_channel_output_pulse_value_config)
    timer_channel_output_shadow_config       0x080016f9   Thumb Code    90  gd32f10x_timer.o(i.timer_channel_output_shadow_config)
    timer_config                             0x08001755   Thumb Code   444  hardware.o(i.timer_config)
    timer_deinit                             0x0800191d   Thumb Code   210  gd32f10x_timer.o(i.timer_deinit)
    timer_disable                            0x080019f9   Thumb Code    10  gd32f10x_timer.o(i.timer_disable)
    timer_enable                             0x08001a03   Thumb Code    10  gd32f10x_timer.o(i.timer_enable)
    timer_init                               0x08001a0d   Thumb Code   158  gd32f10x_timer.o(i.timer_init)
    timer_interrupt_enable                   0x08001ae1   Thumb Code     8  gd32f10x_timer.o(i.timer_interrupt_enable)
    timer_interrupt_flag_clear               0x08001ae9   Thumb Code     8  gd32f10x_timer.o(i.timer_interrupt_flag_clear)
    timer_interrupt_flag_get                 0x08001af1   Thumb Code    24  gd32f10x_timer.o(i.timer_interrupt_flag_get)
    usart_baudrate_set                       0x08001b09   Thumb Code   136  gd32f10x_usart.o(i.usart_baudrate_set)
    usart_data_transmit                      0x08001b99   Thumb Code     8  gd32f10x_usart.o(i.usart_data_transmit)
    usart_deinit                             0x08001ba1   Thumb Code   136  gd32f10x_usart.o(i.usart_deinit)
    usart_enable                             0x08001c31   Thumb Code    10  gd32f10x_usart.o(i.usart_enable)
    usart_flag_get                           0x08001c3b   Thumb Code    30  gd32f10x_usart.o(i.usart_flag_get)
    usart_receive_config                     0x08001c59   Thumb Code    16  gd32f10x_usart.o(i.usart_receive_config)
    usart_transmit_config                    0x08001c69   Thumb Code    16  gd32f10x_usart.o(i.usart_transmit_config)
    uxListRemove                             0x08001c79   Thumb Code    40  list.o(i.uxListRemove)
    vListInitialise                          0x08001ca1   Thumb Code    26  list.o(i.vListInitialise)
    vListInitialiseItem                      0x08001cbb   Thumb Code     6  list.o(i.vListInitialiseItem)
    vListInsert                              0x08001cc1   Thumb Code    52  list.o(i.vListInsert)
    vListInsertEnd                           0x08001cf5   Thumb Code    24  list.o(i.vListInsertEnd)
    vPortEnterCritical                       0x08001d0d   Thumb Code    30  port.o(i.vPortEnterCritical)
    vPortExitCritical                        0x08001d31   Thumb Code    28  port.o(i.vPortExitCritical)
    vPortFree                                0x08001d51   Thumb Code    56  heap_2.o(i.vPortFree)
    vPortSetupTimerInterrupt                 0x08001d91   Thumb Code    14  port.o(i.vPortSetupTimerInterrupt)
    vTaskAttack                              0x08001da5   Thumb Code    82  main.o(i.vTaskAttack)
    vTaskCore                                0x08001e1d   Thumb Code    18  main.o(i.vTaskCore)
    vTaskDelay                               0x08001e41   Thumb Code    46  tasks.o(i.vTaskDelay)
    vTaskInfrared                            0x08001e75   Thumb Code   256  main.o(i.vTaskInfrared)
    vTaskMissedYield                         0x08001f99   Thumb Code     8  tasks.o(i.vTaskMissedYield)
    vTaskPlaceOnEventList                    0x08001fa5   Thumb Code    28  tasks.o(i.vTaskPlaceOnEventList)
    vTaskSetTimeOutState                     0x08001fc5   Thumb Code    14  tasks.o(i.vTaskSetTimeOutState)
    vTaskStartScheduler                      0x08001fdd   Thumb Code    72  tasks.o(i.vTaskStartScheduler)
    vTaskSuspendAll                          0x08002041   Thumb Code    12  tasks.o(i.vTaskSuspendAll)
    vTaskSwitchContext                       0x08002051   Thumb Code    76  tasks.o(i.vTaskSwitchContext)
    xPortStartScheduler                      0x080020b1   Thumb Code    42  port.o(i.xPortStartScheduler)
    xPortSysTickHandler                      0x080020e5   Thumb Code    46  port.o(i.xPortSysTickHandler)
    xQueueGenericCreate                      0x08002119   Thumb Code    56  queue.o(i.xQueueGenericCreate)
    xQueueGenericReceive                     0x08002151   Thumb Code   312  queue.o(i.xQueueGenericReceive)
    xQueueGenericReset                       0x0800228d   Thumb Code   122  queue.o(i.xQueueGenericReset)
    xQueueGenericSendFromISR                 0x0800230d   Thumb Code   134  queue.o(i.xQueueGenericSendFromISR)
    xTaskCheckForTimeOut                     0x08002395   Thumb Code    84  tasks.o(i.xTaskCheckForTimeOut)
    xTaskCreate                              0x080023f1   Thumb Code    96  tasks.o(i.xTaskCreate)
    xTaskIncrementTick                       0x08002451   Thumb Code   238  tasks.o(i.xTaskIncrementTick)
    xTaskRemoveFromEventList                 0x0800256d   Thumb Code   104  tasks.o(i.xTaskRemoveFromEventList)
    xTaskResumeAll                           0x080025ed   Thumb Code   196  tasks.o(i.xTaskResumeAll)
    Region$$Table$$Base                      0x08002700   Number         0  anon$$obj.o(Region$$Table)
    Region$$Table$$Limit                     0x08002720   Number         0  anon$$obj.o(Region$$Table)
    xQueueKeyMsg                             0x20000000   Data           4  main.o(.data)
    xQueueInfraredMsg                        0x20000004   Data           4  main.o(.data)
    UID                                      0x20000008   Data           1  main.o(.data)
    adc_value                                0x2000000a   Data           8  main.o(.data)
    pxCurrentTCB                             0x200000a4   Data           4  tasks.o(.data)
    ctl_flag                                 0x200000fc   Data           4  hardware.o(.data)
    i                                        0x20000100   Data           4  hardware.o(.data)
    audio_bit                                0x20000104   Data           4  hardware.o(.data)
    attack_flag                              0x20000108   Data           1  hardware.o(.data)
    Cnt1ms                                   0x20000109   Data           1  hardware.o(.data)
    SendFlag                                 0x2000010a   Data           1  hardware.o(.data)
    SendTime                                 0x2000010c   Data           2  hardware.o(.data)
    RecvWaitTime                             0x2000010e   Data           2  hardware.o(.data)
    SendCnt                                  0x20000110   Data           2  hardware.o(.data)
    AckBuffer                                0x20000112   Data          10  hardware.o(.data)
    RecvCnt                                  0x2000011c   Data           1  hardware.o(.data)
    PaTabel                                  0x2000011d   Data           8  hardware.o(.data)
    __stdout                                 0x20000128   Data           4  stdout.o(.data)
    __initial_sp                             0x200049f8   Data           0  startup_gd32f10x_md.o(STACK)



==============================================================================

Memory Map of the image

  Image Entry point : 0x08000105

  Load Region LR_IROM1 (Base: 0x08000000, Size: 0x0000284c, Max: 0x00020000, ABSOLUTE, COMPRESSED[0x00002794])

    Execution Region ER_IROM1 (Base: 0x08000000, Size: 0x00002720, Max: 0x00020000, ABSOLUTE)

    Base Addr    Size         Type   Attr      Idx    E Section Name        Object

    0x08000000   0x00000104   Data   RO         4019    RESET               startup_gd32f10x_md.o
    0x08000104   0x00000000   Code   RO         4935  * .ARM.Collect$$$$00000000  mc_w.l(entry.o)
    0x08000104   0x00000004   Code   RO         5204    .ARM.Collect$$$$00000001  mc_w.l(entry2.o)
    0x08000108   0x00000004   Code   RO         5207    .ARM.Collect$$$$00000004  mc_w.l(entry5.o)
    0x0800010c   0x00000000   Code   RO         5209    .ARM.Collect$$$$00000008  mc_w.l(entry7b.o)
    0x0800010c   0x00000000   Code   RO         5211    .ARM.Collect$$$$0000000A  mc_w.l(entry8b.o)
    0x0800010c   0x00000008   Code   RO         5212    .ARM.Collect$$$$0000000B  mc_w.l(entry9a.o)
    0x08000114   0x00000000   Code   RO         5214    .ARM.Collect$$$$0000000D  mc_w.l(entry10a.o)
    0x08000114   0x00000000   Code   RO         5216    .ARM.Collect$$$$0000000F  mc_w.l(entry11a.o)
    0x08000114   0x00000004   Code   RO         5205    .ARM.Collect$$$$00002712  mc_w.l(entry2.o)
    0x08000118   0x00000096   Code   RO         4654    .emb_text           port.o
    0x080001ae   0x00000002   PAD
    0x080001b0   0x00000024   Code   RO         4020    .text               startup_gd32f10x_md.o
    0x080001d4   0x00000024   Code   RO         4938    .text               mc_w.l(memcpya.o)
    0x080001f8   0x00000024   Code   RO         5234    .text               mc_w.l(init.o)
    0x0800021c   0x00000056   Code   RO         5252    .text               mc_w.l(__dczerorl2.o)
    0x08000272   0x00000002   PAD
    0x08000274   0x00000070   Code   RO          321    i.AppTaskCreate     main.o
    0x080002e4   0x00000004   Code   RO          132    i.BusFault_Handler  gd32f10x_it.o
    0x080002e8   0x00000020   Code   RO         4728    i.CC1101ReadReg     hardware.o
    0x08000308   0x00000020   Code   RO         4729    i.CC1101ReadStatus  hardware.o
    0x08000328   0x00000040   Code   RO         4731    i.CC1101SetAddress  hardware.o
    0x08000368   0x00000018   Code   RO         4733    i.CC1101SetSYNC     hardware.o
    0x08000380   0x00000014   Code   RO         4735    i.CC1101WriteCmd    hardware.o
    0x08000394   0x00000030   Code   RO         4736    i.CC1101WriteMultiReg  hardware.o
    0x080003c4   0x0000001c   Code   RO         4737    i.CC1101WriteReg    hardware.o
    0x080003e0   0x00000094   Code   RO         4738    i.CC1101_Init       hardware.o
    0x08000474   0x00000010   Code   RO         4739    i.CC_CSN_HIGH       hardware.o
    0x08000484   0x00000010   Code   RO         4740    i.CC_CSN_LOW        hardware.o
    0x08000494   0x00000002   Code   RO          133    i.DebugMon_Handler  gd32f10x_it.o
    0x08000496   0x00000002   PAD
    0x08000498   0x00000024   Code   RO         4741    i.EXTI0_IRQHandler  hardware.o
    0x080004bc   0x00000004   Code   RO          134    i.HardFault_Handler  gd32f10x_it.o
    0x080004c0   0x00000004   Code   RO          135    i.MemManage_Handler  gd32f10x_it.o
    0x080004c4   0x00000002   Code   RO          136    i.NMI_Handler       gd32f10x_it.o
    0x080004c6   0x00000002   PAD
    0x080004c8   0x0000006c   Code   RO         4908    i.SPI2_Init         spi.o
    0x08000534   0x00000038   Code   RO         4909    i.SPI_ExchangeByte  spi.o
    0x0800056c   0x00000064   Code   RO          411    i.SystemInit        system_gd32f10x.o
    0x080005d0   0x00000060   Code   RO         4744    i.TIMER0_UP_IRQHandler  hardware.o
    0x08000630   0x00000098   Code   RO         4745    i.TIMER2_IRQHandler  hardware.o
    0x080006c8   0x00000004   Code   RO          140    i.UsageFault_Handler  gd32f10x_it.o
    0x080006cc   0x00000010   Code   RO         4945    i.__0printf$bare    mc_w.l(printfb.o)
    0x080006dc   0x0000000e   Code   RO         5246    i.__scatterload_copy  mc_w.l(handlers.o)
    0x080006ea   0x00000002   Code   RO         5247    i.__scatterload_null  mc_w.l(handlers.o)
    0x080006ec   0x0000000e   Code   RO         5248    i.__scatterload_zeroinit  mc_w.l(handlers.o)
    0x080006fa   0x00000022   Code   RO         4952    i._printf_core      mc_w.l(printfb.o)
    0x0800071c   0x0000000c   Code   RO         4746    i.exti_config       hardware.o
    0x08000728   0x000000b8   Code   RO         2418    i.exti_init         gd32f10x_exti.o
    0x080007e0   0x0000000c   Code   RO         2421    i.exti_interrupt_flag_clear  gd32f10x_exti.o
    0x080007ec   0x00000024   Code   RO         2422    i.exti_interrupt_flag_get  gd32f10x_exti.o
    0x08000810   0x00000024   Code   RO          323    i.fputc             main.o
    0x08000834   0x0000008c   Code   RO         4026    i.gd_eval_com_init  gd32f10x_eval.o
    0x080008c0   0x00000080   Code   RO         4027    i.gd_eval_key_init  gd32f10x_eval.o
    0x08000940   0x00000020   Code   RO         4028    i.gd_eval_key_state_get  gd32f10x_eval.o
    0x08000960   0x00000004   Code   RO         2970    i.gpio_bit_reset    gd32f10x_gpio.o
    0x08000964   0x00000004   Code   RO         2971    i.gpio_bit_set      gd32f10x_gpio.o
    0x08000968   0x00000048   Code   RO         4747    i.gpio_config       hardware.o
    0x080009b0   0x00000098   Code   RO         2977    i.gpio_exti_source_select  gd32f10x_gpio.o
    0x08000a48   0x00000094   Code   RO         2978    i.gpio_init         gd32f10x_gpio.o
    0x08000adc   0x00000010   Code   RO         2979    i.gpio_input_bit_get  gd32f10x_gpio.o
    0x08000aec   0x0000005c   Code   RO          325    i.main              main.o
    0x08000b48   0x00000028   Code   RO         4748    i.nvic_configuration  hardware.o
    0x08000b70   0x000000a4   Code   RO         3089    i.nvic_irq_enable   gd32f10x_misc.o
    0x08000c14   0x00000014   Code   RO         3090    i.nvic_priority_group_set  gd32f10x_misc.o
    0x08000c28   0x00000098   Code   RO         4337    i.prvAddCurrentTaskToDelayedList  tasks.o
    0x08000cc0   0x000000b4   Code   RO         4338    i.prvAddNewTaskToReadyList  tasks.o
    0x08000d74   0x00000064   Code   RO         4339    i.prvCheckTasksWaitingTermination  tasks.o
    0x08000dd8   0x0000002a   Code   RO         4213    i.prvCopyDataFromQueue  queue.o
    0x08000e02   0x0000006a   Code   RO         4214    i.prvCopyDataToQueue  queue.o
    0x08000e6c   0x00000012   Code   RO         4340    i.prvDeleteTCB      tasks.o
    0x08000e7e   0x00000002   PAD
    0x08000e80   0x00000038   Code   RO         4616    i.prvHeapInit       heap_2.o
    0x08000eb8   0x00000028   Code   RO         4341    i.prvIdleTask       tasks.o
    0x08000ee0   0x00000026   Code   RO         4215    i.prvInitialiseNewQueue  queue.o
    0x08000f06   0x00000080   Code   RO         4342    i.prvInitialiseNewTask  tasks.o
    0x08000f86   0x00000002   PAD
    0x08000f88   0x00000068   Code   RO         4343    i.prvInitialiseTaskLists  tasks.o
    0x08000ff0   0x0000001a   Code   RO         4216    i.prvIsQueueEmpty   queue.o
    0x0800100a   0x00000002   PAD
    0x0800100c   0x00000034   Code   RO         4344    i.prvResetNextTaskUnblockTime  tasks.o
    0x08001040   0x00000016   Code   RO         4655    i.prvTaskExitError  port.o
    0x08001056   0x0000007e   Code   RO         4218    i.prvUnlockQueue    queue.o
    0x080010d4   0x000000b8   Code   RO         4617    i.pvPortMalloc      heap_2.o
    0x0800118c   0x00000024   Code   RO         4656    i.pxPortInitialiseStack  port.o
    0x080011b0   0x00000124   Code   RO         2188    i.rcu_clock_freq_get  gd32f10x_rcu.o
    0x080012d4   0x0000001c   Code   RO         4749    i.rcu_config        hardware.o
    0x080012f0   0x00000020   Code   RO         2205    i.rcu_periph_clock_enable  gd32f10x_rcu.o
    0x08001310   0x00000020   Code   RO         2208    i.rcu_periph_reset_disable  gd32f10x_rcu.o
    0x08001330   0x00000020   Code   RO         2209    i.rcu_periph_reset_enable  gd32f10x_rcu.o
    0x08001350   0x0000000a   Code   RO         1673    i.spi_enable        gd32f10x_spi.o
    0x0800135a   0x00000008   Code   RO         1675    i.spi_i2s_data_receive  gd32f10x_spi.o
    0x08001362   0x00000004   Code   RO         1676    i.spi_i2s_data_transmit  gd32f10x_spi.o
    0x08001366   0x00000010   Code   RO         1678    i.spi_i2s_flag_get  gd32f10x_spi.o
    0x08001376   0x00000032   Code   RO         1682    i.spi_init          gd32f10x_spi.o
    0x080013a8   0x0000000a   Code   RO         1683    i.spi_nss_internal_high  gd32f10x_spi.o
    0x080013b2   0x00000002   PAD
    0x080013b4   0x000000c4   Code   RO          412    i.system_clock_108m_hxtal  system_gd32f10x.o
    0x08001478   0x00000008   Code   RO          413    i.system_clock_config  system_gd32f10x.o
    0x08001480   0x0000000a   Code   RO         3323    i.timer_auto_reload_shadow_enable  gd32f10x_timer.o
    0x0800148a   0x00000002   PAD
    0x0800148c   0x000001ec   Code   RO         3338    i.timer_channel_output_config  gd32f10x_timer.o
    0x08001678   0x0000005a   Code   RO         3340    i.timer_channel_output_mode_config  gd32f10x_timer.o
    0x080016d2   0x00000026   Code   RO         3342    i.timer_channel_output_pulse_value_config  gd32f10x_timer.o
    0x080016f8   0x0000005a   Code   RO         3343    i.timer_channel_output_shadow_config  gd32f10x_timer.o
    0x08001752   0x00000002   PAD
    0x08001754   0x000001c8   Code   RO         4751    i.timer_config      hardware.o
    0x0800191c   0x000000dc   Code   RO         3350    i.timer_deinit      gd32f10x_timer.o
    0x080019f8   0x0000000a   Code   RO         3351    i.timer_disable     gd32f10x_timer.o
    0x08001a02   0x0000000a   Code   RO         3355    i.timer_enable      gd32f10x_timer.o
    0x08001a0c   0x000000d4   Code   RO         3365    i.timer_init        gd32f10x_timer.o
    0x08001ae0   0x00000008   Code   RO         3372    i.timer_interrupt_enable  gd32f10x_timer.o
    0x08001ae8   0x00000008   Code   RO         3373    i.timer_interrupt_flag_clear  gd32f10x_timer.o
    0x08001af0   0x00000018   Code   RO         3374    i.timer_interrupt_flag_get  gd32f10x_timer.o
    0x08001b08   0x00000090   Code   RO         1850    i.usart_baudrate_set  gd32f10x_usart.o
    0x08001b98   0x00000008   Code   RO         1852    i.usart_data_transmit  gd32f10x_usart.o
    0x08001ba0   0x00000090   Code   RO         1853    i.usart_deinit      gd32f10x_usart.o
    0x08001c30   0x0000000a   Code   RO         1857    i.usart_enable      gd32f10x_usart.o
    0x08001c3a   0x0000001e   Code   RO         1859    i.usart_flag_get    gd32f10x_usart.o
    0x08001c58   0x00000010   Code   RO         1880    i.usart_receive_config  gd32f10x_usart.o
    0x08001c68   0x00000010   Code   RO         1890    i.usart_transmit_config  gd32f10x_usart.o
    0x08001c78   0x00000028   Code   RO         4177    i.uxListRemove      list.o
    0x08001ca0   0x0000001a   Code   RO         4178    i.vListInitialise   list.o
    0x08001cba   0x00000006   Code   RO         4179    i.vListInitialiseItem  list.o
    0x08001cc0   0x00000034   Code   RO         4180    i.vListInsert       list.o
    0x08001cf4   0x00000018   Code   RO         4181    i.vListInsertEnd    list.o
    0x08001d0c   0x00000024   Code   RO         4658    i.vPortEnterCritical  port.o
    0x08001d30   0x00000020   Code   RO         4659    i.vPortExitCritical  port.o
    0x08001d50   0x00000040   Code   RO         4618    i.vPortFree         heap_2.o
    0x08001d90   0x00000014   Code   RO         4660    i.vPortSetupTimerInterrupt  port.o
    0x08001da4   0x00000078   Code   RO          326    i.vTaskAttack       main.o
    0x08001e1c   0x00000024   Code   RO          328    i.vTaskCore         main.o
    0x08001e40   0x00000034   Code   RO         4351    i.vTaskDelay        tasks.o
    0x08001e74   0x00000124   Code   RO          329    i.vTaskInfrared     main.o
    0x08001f98   0x0000000c   Code   RO         4355    i.vTaskMissedYield  tasks.o
    0x08001fa4   0x00000020   Code   RO         4357    i.vTaskPlaceOnEventList  tasks.o
    0x08001fc4   0x00000018   Code   RO         4361    i.vTaskSetTimeOutState  tasks.o
    0x08001fdc   0x00000064   Code   RO         4362    i.vTaskStartScheduler  tasks.o
    0x08002040   0x00000010   Code   RO         4364    i.vTaskSuspendAll   tasks.o
    0x08002050   0x00000060   Code   RO         4365    i.vTaskSwitchContext  tasks.o
    0x080020b0   0x00000034   Code   RO         4661    i.xPortStartScheduler  port.o
    0x080020e4   0x00000034   Code   RO         4662    i.xPortSysTickHandler  port.o
    0x08002118   0x00000038   Code   RO         4223    i.xQueueGenericCreate  queue.o
    0x08002150   0x0000013c   Code   RO         4224    i.xQueueGenericReceive  queue.o
    0x0800228c   0x00000080   Code   RO         4225    i.xQueueGenericReset  queue.o
    0x0800230c   0x00000086   Code   RO         4227    i.xQueueGenericSendFromISR  queue.o
    0x08002392   0x00000002   PAD
    0x08002394   0x0000005c   Code   RO         4366    i.xTaskCheckForTimeOut  tasks.o
    0x080023f0   0x00000060   Code   RO         4367    i.xTaskCreate       tasks.o
    0x08002450   0x0000011c   Code   RO         4372    i.xTaskIncrementTick  tasks.o
    0x0800256c   0x00000080   Code   RO         4375    i.xTaskRemoveFromEventList  tasks.o
    0x080025ec   0x000000e8   Code   RO         4377    i.xTaskResumeAll    tasks.o
    0x080026d4   0x0000002c   Data   RO         4752    .constdata          hardware.o
    0x08002700   0x00000020   Data   RO         5244    Region$$Table       anon$$obj.o


    Execution Region RW_IRAM1 (Base: 0x20000000, Size: 0x000049f8, Max: 0x00005000, ABSOLUTE, COMPRESSED[0x00000074])

    Base Addr    Size         Type   Attr      Idx    E Section Name        Object

    0x20000000   0x00000018   Data   RW          330    .data               main.o
    0x20000018   0x0000008c   Data   RW         4033    .data               gd32f10x_eval.o
    0x200000a4   0x0000003c   Data   RW         4380    .data               tasks.o
    0x200000e0   0x00000018   Data   RW         4622    .data               heap_2.o
    0x200000f8   0x00000004   Data   RW         4663    .data               port.o
    0x200000fc   0x00000029   Data   RW         4753    .data               hardware.o
    0x20000125   0x00000003   PAD
    0x20000128   0x00000004   Data   RW         5218    .data               mc_w.l(stdout.o)
    0x2000012c   0x000000c8   Zero   RW         4379    .bss                tasks.o
    0x200001f4   0x00004400   Zero   RW         4621    .bss                heap_2.o
    0x200045f4   0x00000004   PAD
    0x200045f8   0x00000400   Zero   RW         4017    STACK               startup_gd32f10x_md.o


==============================================================================

Image component sizes


      Code (inc. data)   RO Data    RW Data    ZI Data      Debug   Object Name

         0          0          0          0          0      11172   coretask.o
         0          0          0          0          0       7916   event_groups.o
       300         64          0        140          0       4626   gd32f10x_eval.o
       232         16          0          0          0       6194   gd32f10x_exti.o
       324          6          0          0          0       3363   gd32f10x_gpio.o
        20          0          0          0          0       2385   gd32f10x_it.o
       184         18          0          0          0       1380   gd32f10x_misc.o
       388         40          0          0          0      16096   gd32f10x_rcu.o
        98          0          0          0          0       9598   gd32f10x_spi.o
      1212         72          0          0          0      23150   gd32f10x_timer.o
       368         16          0          0          0       9905   gd32f10x_usart.o
      1320         72         44         41          0      11097   hardware.o
       304         40          0         24      17408       3575   heap_2.o
       148          0          0          0          0       3030   list.o
       688        182          0         24          0       5329   main.o
       400         50          0          4          0       9048   port.o
       972         10          0          0          0       8321   queue.o
       164         14          0          0          0       1039   spi.o
        36          8        260          0       1024        848   startup_gd32f10x_md.o
       304         30          0          0          0       1593   system_gd32f10x.o
         0          0          0          0          0      47400   systick.o
      1938        314          0         60        200      23961   tasks.o

    ----------------------------------------------------------------------
      9420        952        336        296      18636     211026   Object Totals
         0          0         32          0          0          0   (incl. Generated)
        20          0          0          3          4          0   (incl. Padding)

    ----------------------------------------------------------------------

      Code (inc. data)   RO Data    RW Data    ZI Data      Debug   Library Member Name

        86          0          0          0          0          0   __dczerorl2.o
         0          0          0          0          0          0   entry.o
         0          0          0          0          0          0   entry10a.o
         0          0          0          0          0          0   entry11a.o
         8          4          0          0          0          0   entry2.o
         4          0          0          0          0          0   entry5.o
         0          0          0          0          0          0   entry7b.o
         0          0          0          0          0          0   entry8b.o
         8          4          0          0          0          0   entry9a.o
        30          0          0          0          0          0   handlers.o
        36          8          0          0          0         68   init.o
        36          0          0          0          0         68   memcpya.o
        50          8          0          0          0        152   printfb.o
         0          0          0          4          0          0   stdout.o

    ----------------------------------------------------------------------
       260         24          0          4          0        288   Library Totals
         2          0          0          0          0          0   (incl. Padding)

    ----------------------------------------------------------------------

      Code (inc. data)   RO Data    RW Data    ZI Data      Debug   Library Name

       258         24          0          4          0        288   mc_w.l

    ----------------------------------------------------------------------
       260         24          0          4          0        288   Library Totals

    ----------------------------------------------------------------------

==============================================================================


      Code (inc. data)   RO Data    RW Data    ZI Data      Debug   

      9680        976        336        300      18636     205306   Grand Totals
      9680        976        336        116      18636     205306   ELF Image Totals (compressed)
      9680        976        336        116          0          0   ROM Totals

==============================================================================

    Total RO  Size (Code + RO Data)                10016 (   9.78kB)
    Total RW  Size (RW Data + ZI Data)             18936 (  18.49kB)
    Total ROM Size (Code + RO Data + RW Data)      10132 (   9.89kB)

==============================================================================

