Component: ARM Compiler 5.05 update 1 (build 106) Tool: armlink [4d0efa]

==============================================================================

Section Cross References

    systick.o(i.delay_1ms) refers to systick.o(.data) for delay
    systick.o(i.delay_decrement) refers to systick.o(.data) for delay
    gd32f10x_it.o(i.SysTick_Handler) refers to main.o(i.led_spark) for led_spark
    gd32f10x_it.o(i.SysTick_Handler) refers to systick.o(i.delay_decrement) for delay_decrement
    coretask.o(i.CoreInit) refers to coretask.o(.data) for Self_info
    coretask.o(i.CoreInit) refers to coretask.o(.bss) for report_info
    coretask.o(i.CoreInit) refers to infrared.o(.bss) for batk_array
    coretask.o(i.CoreInit) refers to infrared.o(.data) for end
    coretask.o(i.org_report) refers to hardware.o(i.RF_SendPacket) for RF_SendPacket
    coretask.o(i.org_report) refers to coretask.o(.data) for GameOver
    coretask.o(i.vTaskCore) refers to queue.o(i.xQueueGenericCreate) for xQueueGenericCreate
    coretask.o(i.vTaskCore) refers to hardware.o(i.RF_SendPacket) for RF_SendPacket
    coretask.o(i.vTaskCore) refers to tasks.o(i.vTaskDelay) for vTaskDelay
    coretask.o(i.vTaskCore) refers to coretask.o(.data) for xQueueCoreMsg
    coretask.o(i.vTaskCore) refers to infrared.o(.data) for begin
    coretask.o(i.vTaskCore) refers to coretask.o(.bss) for report_info
    coretask.o(i.vTaskCore) refers to infrared.o(.bss) for batk_array
    main.o(i.AppTaskCreate) refers to tasks.o(i.xTaskCreate) for xTaskCreate
    main.o(i.AppTaskCreate) refers to main.o(i.vTaskAttack) for vTaskAttack
    main.o(i.AppTaskCreate) refers to main.o(i.vTaskInfrared) for vTaskInfrared
    main.o(i.AppTaskCreate) refers to infrared.o(i.vTaskBeAttack) for vTaskBeAttack
    main.o(i.AppTaskCreate) refers to coretask.o(i.vTaskCore) for vTaskCore
    main.o(i.fputc) refers to gd32f10x_usart.o(i.usart_data_transmit) for usart_data_transmit
    main.o(i.fputc) refers to gd32f10x_usart.o(i.usart_flag_get) for usart_flag_get
    main.o(i.led_spark) refers to gd32f10x_eval.o(i.gd_eval_led_on) for gd_eval_led_on
    main.o(i.led_spark) refers to gd32f10x_eval.o(i.gd_eval_led_off) for gd_eval_led_off
    main.o(i.led_spark) refers to main.o(.data) for timingdelaylocal
    main.o(i.main) refers to hardware.o(i.rcu_config) for rcu_config
    main.o(i.main) refers to gd32f10x_eval.o(i.gd_eval_com_init) for gd_eval_com_init
    main.o(i.main) refers to hardware.o(i.gpio_config) for gpio_config
    main.o(i.main) refers to hardware.o(i.exti_config) for exti_config
    main.o(i.main) refers to hardware.o(i.nvic_configuration) for nvic_configuration
    main.o(i.main) refers to hardware.o(i.timer_config) for timer_config
    main.o(i.main) refers to hardware.o(i.LED_OP) for LED_OP
    main.o(i.main) refers to coretask.o(i.CoreInit) for CoreInit
    main.o(i.main) refers to main.o(i.AppTaskCreate) for AppTaskCreate
    main.o(i.main) refers to tasks.o(i.vTaskStartScheduler) for vTaskStartScheduler
    main.o(i.main) refers to hardware.o(.data) for rfid_flag
    main.o(i.vTaskAttack) refers to gd32f10x_eval.o(i.gd_eval_key_state_get) for gd_eval_key_state_get
    main.o(i.vTaskAttack) refers to tasks.o(i.vTaskDelay) for vTaskDelay
    main.o(i.vTaskAttack) refers to gd32f10x_timer.o(i.timer_channel_output_pulse_value_config) for timer_channel_output_pulse_value_config
    main.o(i.vTaskAttack) refers to gd32f10x_timer.o(i.timer_enable) for timer_enable
    main.o(i.vTaskAttack) refers to coretask.o(.data) for GameOver
    main.o(i.vTaskAttack) refers to hardware.o(.data) for timer2_modulate
    main.o(i.vTaskInfrared) refers to queue.o(i.xQueueGenericCreate) for xQueueGenericCreate
    main.o(i.vTaskInfrared) refers to queue.o(i.xQueueGenericReceive) for xQueueGenericReceive
    main.o(i.vTaskInfrared) refers to gd32f10x_timer.o(i.timer_channel_output_pulse_value_config) for timer_channel_output_pulse_value_config
    main.o(i.vTaskInfrared) refers to hardware.o(i.LED_OP) for LED_OP
    main.o(i.vTaskInfrared) refers to tasks.o(i.vTaskDelay) for vTaskDelay
    main.o(i.vTaskInfrared) refers to coretask.o(.data) for MY_UID
    main.o(i.vTaskInfrared) refers to main.o(.data) for xQueueInfraredMsg
    main.o(i.vTaskInfrared) refers to hardware.o(.data) for ctl_flag
    main.o(i.vTaskInfrared) refers to main.o(.bss) for sendbuf
    infrared.o(i.IRA_DecodeHandler) refers to gd32f10x_timer.o(i.timer_channel_output_pulse_value_config) for timer_channel_output_pulse_value_config
    infrared.o(i.IRA_DecodeHandler) refers to infrared.o(.data) for temp
    infrared.o(i.IRA_DecodeHandler) refers to infrared.o(.bss) for IRA
    infrared.o(i.IRA_Init) refers to infrared.o(.bss) for IRA
    infrared.o(i.IRA_Init) refers to infrared.o(.data) for begin
    infrared.o(i.Remote_Scan) refers to hardware.o(.data) for IraSta
    infrared.o(i.vTaskBeAttack) refers to infrared.o(i.IRA_Init) for IRA_Init
[...]
    Removing gd32f10x_dbg.o(.rev16_text), (4 bytes).
    Removing gd32f10x_dbg.o(.revsh_text), (4 bytes).
    Removing gd32f10x_dbg.o(i.dbg_id_get), (12 bytes).
    Removing gd32f10x_dbg.o(i.dbg_low_power_disable), (16 bytes).
    Removing gd32f10x_dbg.o(i.dbg_low_power_enable), (16 bytes).
    Removing gd32f10x_dbg.o(i.dbg_periph_disable), (16 bytes).
    Removing gd32f10x_dbg.o(i.dbg_periph_enable), (16 bytes).
    Removing gd32f10x_dbg.o(i.dbg_trace_pin_disable), (20 bytes).
    Removing gd32f10x_dbg.o(i.dbg_trace_pin_enable), (20 bytes).
    Removing gd32f10x_dbg.o(i.dbg_trace_pin_mode_set), (28 bytes).
    Removing gd32f10x_enet.o(.rev16_text), (4 bytes).
    Removing gd32f10x_enet.o(.revsh_text), (4 bytes).
    Removing gd32f10x_gpio.o(.rev16_text), (4 bytes).
    Removing gd32f10x_gpio.o(.revsh_text), (4 bytes).
    Removing gd32f10x_gpio.o(i.gpio_afio_deinit), (20 bytes).
    Removing gd32f10x_gpio.o(i.gpio_bit_write), (10 bytes).
    Removing gd32f10x_gpio.o(i.gpio_deinit), (196 bytes).
    Removing gd32f10x_gpio.o(i.gpio_event_output_config), (28 bytes).
    Removing gd32f10x_gpio.o(i.gpio_event_output_disable), (20 bytes).
    Removing gd32f10x_gpio.o(i.gpio_event_output_enable), (20 bytes).
    Removing gd32f10x_gpio.o(i.gpio_input_port_get), (8 bytes).
    Removing gd32f10x_gpio.o(i.gpio_output_bit_get), (16 bytes).
    Removing gd32f10x_gpio.o(i.gpio_output_port_get), (8 bytes).
    Removing gd32f10x_gpio.o(i.gpio_pin_lock), (18 bytes).
    Removing gd32f10x_gpio.o(i.gpio_pin_remap_config), (144 bytes).
    Removing gd32f10x_gpio.o(i.gpio_port_write), (4 bytes).
    Removing gd32f10x_misc.o(.rev16_text), (4 bytes).
    Removing gd32f10x_misc.o(.revsh_text), (4 bytes).
    Removing gd32f10x_misc.o(i.nvic_irq_disable), (24 bytes).
    Removing gd32f10x_misc.o(i.nvic_vector_table_set), (20 bytes).
    Removing gd32f10x_misc.o(i.system_lowpower_reset), (16 bytes).
    Removing gd32f10x_misc.o(i.system_lowpower_set), (16 bytes).
    Removing gd32f10x_misc.o(i.systick_clksource_set), (40 bytes).
    Removing gd32f10x_dma.o(.rev16_text), (4 bytes).
    Removing gd32f10x_dma.o(.revsh_text), (4 bytes).
    Removing gd32f10x_dma.o(i.dma_channel_disable), (50 bytes).
    Removing gd32f10x_dma.o(i.dma_channel_enable), (50 bytes).
    Removing gd32f10x_dma.o(i.dma_circulation_disable), (50 bytes).
    Removing gd32f10x_dma.o(i.dma_circulation_enable), (50 bytes).
    Removing gd32f10x_dma.o(i.dma_deinit), (112 bytes).
    Removing gd32f10x_dma.o(i.dma_flag_clear), (16 bytes).
    Removing gd32f10x_dma.o(i.dma_flag_get), (24 bytes).
    Removing gd32f10x_dma.o(i.dma_init), (308 bytes).
    Removing gd32f10x_dma.o(i.dma_interrupt_disable), (50 bytes).
    Removing gd32f10x_dma.o(i.dma_interrupt_enable), (50 bytes).
    Removing gd32f10x_dma.o(i.dma_interrupt_flag_clear), (16 bytes).
    Removing gd32f10x_dma.o(i.dma_interrupt_flag_get), (130 bytes).
    Removing gd32f10x_dma.o(i.dma_memory_address_config), (36 bytes).
    Removing gd32f10x_dma.o(i.dma_memory_increase_disable), (50 bytes).
    Removing gd32f10x_dma.o(i.dma_memory_increase_enable), (50 bytes).
    Removing gd32f10x_dma.o(i.dma_memory_to_memory_disable), (50 bytes).
    Removing gd32f10x_dma.o(i.dma_memory_to_memory_enable), (50 bytes).
    Removing gd32f10x_dma.o(i.dma_memory_width_config), (58 bytes).
    Removing gd32f10x_dma.o(i.dma_periph_address_config), (36 bytes).
    Removing gd32f10x_dma.o(i.dma_periph_and_channel_check), (24 bytes).
    Removing gd32f10x_dma.o(i.dma_periph_increase_disable), (50 bytes).
    Removing gd32f10x_dma.o(i.dma_periph_increase_enable), (50 bytes).
    Removing gd32f10x_dma.o(i.dma_periph_width_config), (58 bytes).
    Removing gd32f10x_dma.o(i.dma_priority_config), (58 bytes).
    Removing gd32f10x_dma.o(i.dma_transfer_direction_config), (84 bytes).
    Removing gd32f10x_dma.o(i.dma_transfer_number_config), (38 bytes).
    Removing gd32f10x_dma.o(i.dma_transfer_number_get), (34 bytes).
    Removing gd32f10x_timer.o(.rev16_text), (4 bytes).
    Removing gd32f10x_timer.o(.revsh_text), (4 bytes).
    Removing gd32f10x_timer.o(i.timer_auto_reload_shadow_disable), (10 bytes).
    Removing gd32f10x_timer.o(i.timer_automatic_output_disable), (10 bytes).
    Removing gd32f10x_timer.o(i.timer_automatic_output_enable), (10 bytes).
    Removing gd32f10x_timer.o(i.timer_autoreload_value_config), (4 bytes).
    Removing gd32f10x_timer.o(i.timer_break_config), (30 bytes).
    Removing gd32f10x_timer.o(i.timer_break_disable), (10 bytes).
    Removing gd32f10x_timer.o(i.timer_break_enable), (10 bytes).
    Removing gd32f10x_timer.o(i.timer_channel_complementary_output_polarity_config), (70 bytes).
    Removing gd32f10x_timer.o(i.timer_channel_complementary_output_state_config), (70 bytes).
    Removing gd32f10x_timer.o(i.timer_channel_control_shadow_config), (24 bytes).
    Removing gd32f10x_timer.o(i.timer_channel_control_shadow_update_config), (26 bytes).
    Removing gd32f10x_timer.o(i.timer_channel_dma_request_source_select), (26 bytes).
    Removing gd32f10x_timer.o(i.timer_channel_output_clear_config), (90 bytes).
    Removing gd32f10x_timer.o(i.timer_channel_output_fast_config), (90 bytes).
    Removing gd32f10x_timer.o(i.timer_channel_output_polarity_config), (92 bytes).
    Removing gd32f10x_timer.o(i.timer_channel_output_state_config), (92 bytes).
    Removing gd32f10x_timer.o(i.timer_counter_alignment), (16 bytes).
    Removing gd32f10x_timer.o(i.timer_counter_down_direction), (10 bytes).
    Removing gd32f10x_timer.o(i.timer_counter_read), (8 bytes).
    Removing gd32f10x_timer.o(i.timer_counter_up_direction), (10 bytes).
    Removing gd32f10x_timer.o(i.timer_dma_disable), (8 bytes).
    Removing gd32f10x_timer.o(i.timer_dma_enable), (8 bytes).
    Removing gd32f10x_timer.o(i.timer_dma_transfer_config), (24 bytes).
    Removing gd32f10x_timer.o(i.timer_event_software_generate), (8 bytes).
    Removing gd32f10x_timer.o(i.timer_external_clock_mode0_config), (40 bytes).
    Removing gd32f10x_timer.o(i.timer_external_clock_mode1_config), (32 bytes).
    Removing gd32f10x_timer.o(i.timer_external_clock_mode1_disable), (10 bytes).
    Removing gd32f10x_timer.o(i.timer_external_trigger_as_external_clock_config), (164 bytes).
    Removing gd32f10x_timer.o(i.timer_external_trigger_config), (30 bytes).
    Removing gd32f10x_timer.o(i.timer_flag_clear), (8 bytes).
    Removing gd32f10x_timer.o(i.timer_flag_get), (16 bytes).
    Removing gd32f10x_timer.o(i.timer_hall_mode_config), (26 bytes).
    Removing gd32f10x_timer.o(i.timer_input_pwm_capture_config), (356 bytes).
    Removing gd32f10x_timer.o(i.timer_input_trigger_source_select), (16 bytes).
    Removing gd32f10x_timer.o(i.timer_internal_clock_config), (10 bytes).
    Removing gd32f10x_timer.o(i.timer_internal_trigger_as_external_clock_config), (32 bytes).
    Removing gd32f10x_timer.o(i.timer_interrupt_disable), (8 bytes).
    Removing gd32f10x_timer.o(i.timer_master_output_trigger_source_select), (16 bytes).
    Removing gd32f10x_timer.o(i.timer_master_slave_mode_config), (26 bytes).
    Removing gd32f10x_timer.o(i.timer_prescaler_config), (14 bytes).
    Removing gd32f10x_timer.o(i.timer_prescaler_read), (10 bytes).
    Removing gd32f10x_timer.o(i.timer_primary_output_config), (24 bytes).
    Removing gd32f10x_timer.o(i.timer_quadrature_decoder_mode_config), (64 bytes).
    Removing gd32f10x_timer.o(i.timer_repetition_value_config), (4 bytes).
    Removing gd32f10x_timer.o(i.timer_single_pulse_mode_config), (26 bytes).
    Removing gd32f10x_timer.o(i.timer_slave_mode_select), (16 bytes).
    Removing gd32f10x_timer.o(i.timer_update_event_disable), (10 bytes).
    Removing gd32f10x_timer.o(i.timer_update_event_enable), (10 bytes).
    Removing gd32f10x_timer.o(i.timer_update_source_config), (26 bytes).
    Removing gd32f10x_sdio.o(.rev16_text), (4 bytes).
    Removing gd32f10x_sdio.o(.revsh_text), (4 bytes).
    Removing gd32f10x_sdio.o(i.sdio_bus_mode_set), (28 bytes).
    Removing gd32f10x_sdio.o(i.sdio_ceata_command_completion_disable), (20 bytes).
    Removing gd32f10x_sdio.o(i.sdio_ceata_command_completion_enable), (20 bytes).
    Removing gd32f10x_sdio.o(i.sdio_ceata_command_disable), (20 bytes).
    Removing gd32f10x_sdio.o(i.sdio_ceata_command_enable), (20 bytes).
    Removing gd32f10x_sdio.o(i.sdio_ceata_interrupt_disable), (20 bytes).
    Removing gd32f10x_sdio.o(i.sdio_ceata_interrupt_enable), (20 bytes).
    Removing gd32f10x_sdio.o(i.sdio_clock_config), (36 bytes).
    Removing gd32f10x_sdio.o(i.sdio_clock_disable), (20 bytes).
    Removing gd32f10x_sdio.o(i.sdio_clock_enable), (20 bytes).
    Removing gd32f10x_sdio.o(i.sdio_command_index_get), (12 bytes).
    Removing gd32f10x_sdio.o(i.sdio_command_response_config), (44 bytes).
    Removing gd32f10x_sdio.o(i.sdio_csm_disable), (20 bytes).
    Removing gd32f10x_sdio.o(i.sdio_csm_enable), (20 bytes).
    Removing gd32f10x_sdio.o(i.sdio_data_config), (52 bytes).
    Removing gd32f10x_sdio.o(i.sdio_data_counter_get), (12 bytes).
    Removing gd32f10x_sdio.o(i.sdio_data_read), (12 bytes).
    Removing gd32f10x_sdio.o(i.sdio_data_transfer_config), (28 bytes).
    Removing gd32f10x_sdio.o(i.sdio_data_write), (12 bytes).
    Removing gd32f10x_sdio.o(i.sdio_deinit), (28 bytes).
    Removing gd32f10x_sdio.o(i.sdio_dma_disable), (20 bytes).
    Removing gd32f10x_sdio.o(i.sdio_dma_enable), (20 bytes).
    Removing gd32f10x_sdio.o(i.sdio_dsm_disable), (20 bytes).
    Removing gd32f10x_sdio.o(i.sdio_dsm_enable), (20 bytes).
    Removing gd32f10x_sdio.o(i.sdio_fifo_counter_get), (12 bytes).
    Removing gd32f10x_sdio.o(i.sdio_flag_clear), (12 bytes).
    Removing gd32f10x_sdio.o(i.sdio_flag_get), (20 bytes).
    Removing gd32f10x_sdio.o(i.sdio_hardware_clock_disable), (20 bytes).
    Removing gd32f10x_sdio.o(i.sdio_hardware_clock_enable), (20 bytes).
    Removing gd32f10x_sdio.o(i.sdio_interrupt_disable), (16 bytes).
    Removing gd32f10x_sdio.o(i.sdio_interrupt_enable), (16 bytes).
    Removing gd32f10x_sdio.o(i.sdio_interrupt_flag_clear), (12 bytes).
    Removing gd32f10x_sdio.o(i.sdio_interrupt_flag_get), (36 bytes).
    Removing gd32f10x_sdio.o(i.sdio_operation_disable), (20 bytes).
    Removing gd32f10x_sdio.o(i.sdio_operation_enable), (20 bytes).
    Removing gd32f10x_sdio.o(i.sdio_power_state_get), (12 bytes).
    Removing gd32f10x_sdio.o(i.sdio_power_state_set), (12 bytes).
    Removing gd32f10x_sdio.o(i.sdio_readwait_disable), (20 bytes).
    Removing gd32f10x_sdio.o(i.sdio_readwait_enable), (20 bytes).
    Removing gd32f10x_sdio.o(i.sdio_readwait_type_set), (40 bytes).
    Removing gd32f10x_sdio.o(i.sdio_response_get), (56 bytes).
    Removing gd32f10x_sdio.o(i.sdio_stop_readwait_disable), (20 bytes).
    Removing gd32f10x_sdio.o(i.sdio_stop_readwait_enable), (20 bytes).
    Removing gd32f10x_sdio.o(i.sdio_suspend_disable), (20 bytes).
    Removing gd32f10x_sdio.o(i.sdio_suspend_enable), (20 bytes).
    Removing gd32f10x_sdio.o(i.sdio_wait_type_set), (28 bytes).
    Removing startup_gd32f10x_md.o(HEAP), (1024 bytes).
    Removing gd32f10x_eval.o(.rev16_text), (4 bytes).
    Removing gd32f10x_eval.o(.revsh_text), (4 bytes).
    Removing gd32f10x_eval.o(i.gd_eval_led_init), (64 bytes).
    Removing gd32f10x_eval.o(i.gd_eval_led_off), (24 bytes).
    Removing gd32f10x_eval.o(i.gd_eval_led_on), (24 bytes).
    Removing gd32f10x_eval.o(i.gd_eval_led_toggle), (56 bytes).
    Removing event_groups.o(i.prvTestWaitCondition), (30 bytes).
    Removing event_groups.o(i.vEventGroupClearBitsCallback), (16 bytes).
    Removing event_groups.o(i.vEventGroupDelete), (42 bytes).
    Removing event_groups.o(i.vEventGroupSetBitsCallback), (16 bytes).
    Removing event_groups.o(i.xEventGroupClearBits), (32 bytes).
    Removing event_groups.o(i.xEventGroupCreate), (26 bytes).
    Removing event_groups.o(i.xEventGroupGetBitsFromISR), (44 bytes).
    Removing event_groups.o(i.xEventGroupSetBits), (146 bytes).
    Removing event_groups.o(i.xEventGroupSync), (164 bytes).
    Removing event_groups.o(i.xEventGroupWaitBits), (200 bytes).
    Removing queue.o(i.prvIsQueueFull), (30 bytes).
    Removing queue.o(i.uxQueueMessagesWaiting), (18 bytes).
    Removing queue.o(i.uxQueueMessagesWaitingFromISR), (6 bytes).
    Removing queue.o(i.uxQueueSpacesAvailable), (24 bytes).
    Removing queue.o(i.vQueueDelete), (14 bytes).
    Removing queue.o(i.xQueueGenericSend), (280 bytes).
    Removing queue.o(i.xQueueGiveFromISR), (120 bytes).
    Removing queue.o(i.xQueueIsQueueEmptyFromISR), (14 bytes).
    Removing queue.o(i.xQueueIsQueueFullFromISR), (18 bytes).
    Removing queue.o(i.xQueuePeekFromISR), (74 bytes).
    Removing queue.o(i.xQueueReceiveFromISR), (130 bytes).
    Removing tasks.o(i.pcTaskGetName), (24 bytes).
    Removing tasks.o(i.prvTaskIsTaskSuspended), (64 bytes).
    Removing tasks.o(i.ulTaskNotifyTake), (116 bytes).
    Removing tasks.o(i.uxTaskGetNumberOfTasks), (12 bytes).
    Removing tasks.o(i.uxTaskPriorityGet), (36 bytes).
    Removing tasks.o(i.uxTaskPriorityGetFromISR), (56 bytes).
    Removing tasks.o(i.uxTaskResetEventItemValue), (28 bytes).
    Removing tasks.o(i.vTaskDelayUntil), (116 bytes).
    Removing tasks.o(i.vTaskDelete), (204 bytes).
    Removing tasks.o(i.vTaskEndScheduler), (36 bytes).
    Removing tasks.o(i.vTaskNotifyGiveFromISR), (180 bytes).
    Removing tasks.o(i.vTaskPlaceOnUnorderedEventList), (44 bytes).
    Removing tasks.o(i.vTaskPrioritySet), (232 bytes).
    Removing tasks.o(i.vTaskResume), (120 bytes).
    Removing tasks.o(i.vTaskSuspend), (188 bytes).
    Removing tasks.o(i.xTaskGenericNotify), (196 bytes).
    Removing tasks.o(i.xTaskGenericNotifyFromISR), (252 bytes).
    Removing tasks.o(i.xTaskGetTickCount), (12 bytes).
    Removing tasks.o(i.xTaskGetTickCountFromISR), (12 bytes).
    Removing tasks.o(i.xTaskNotifyStateClear), (52 bytes).
    Removing tasks.o(i.xTaskNotifyWait), (160 bytes).
    Removing tasks.o(i.xTaskRemoveFromUnorderedEventList), (112 bytes).
    Removing tasks.o(i.xTaskResumeFromISR), (152 bytes).
    Removing heap_2.o(i.vPortInitialiseBlocks), (2 bytes).
    Removing heap_2.o(i.xPortGetFreeHeapSize), (12 bytes).
    Removing port.o(i.vPortEndScheduler), (2 bytes).
    Removing hardware.o(.rev16_text), (4 bytes).
    Removing hardware.o(.revsh_text), (4 bytes).
    Removing hardware.o(i.CC1101ReadStatus), (32 bytes).
    Removing hardware.o(i.CC1101SetAddress), (64 bytes).
    Removing hardware.o(i.CC1101SetSYNC), (24 bytes).
    Removing hardware.o(i.CC1101_Init), (148 bytes).
    Removing hardware.o(i.NVIC_SetPriority), (40 bytes).
    Removing hardware.o(i.RF_RecvHandler), (2 bytes).
    Removing hardware.o(i.systick_config), (80 bytes).
    Removing hardware.o(.constdata), (44 bytes).
    Removing spi.o(.rev16_text), (4 bytes).
    Removing spi.o(.revsh_text), (4 bytes).
    Removing spi.o(i.SPI2_Init), (108 bytes).

630 unused section(s) (total 25298 bytes) removed from the image.

==============================================================================

Image Symbol Table

    Local Symbols

    Symbol Name                              Value     Ov Type        Size  Object(Section)

    ../clib/../cmprslib/zerorunl2.c          0x00000000   Number         0  __dczerorl2.o ABSOLUTE
    ../clib/microlib/init/entry.s            0x00000000   Number         0  entry10b.o ABSOLUTE
    ../clib/microlib/init/entry.s            0x00000000   Number         0  entry8b.o ABSOLUTE
    ../clib/microlib/init/entry.s            0x00000000   Number         0  entry9a.o ABSOLUTE
    ../clib/microlib/init/entry.s            0x00000000   Number         0  entry7a.o ABSOLUTE
    ../clib/microlib/init/entry.s            0x00000000   Number         0  entry7b.o ABSOLUTE
    ../clib/microlib/init/entry.s            0x00000000   Number         0  entry2.o ABSOLUTE
    ../clib/microlib/init/entry.s            0x00000000   Number         0  entry8a.o ABSOLUTE
    ../clib/microlib/init/entry.s            0x00000000   Number         0  entry5.o ABSOLUTE
    ../clib/microlib/init/entry.s            0x00000000   Number         0  entry10a.o ABSOLUTE
    ../clib/microlib/init/entry.s            0x00000000   Number         0  entry9b.o ABSOLUTE
    ../clib/microlib/init/entry.s            0x00000000   Number         0  entry11a.o ABSOLUTE
    ../clib/microlib/init/entry.s            0x00000000   Number         0  entry11b.o ABSOLUTE
    ../clib/microlib/init/entry.s            0x00000000   Number         0  entry.o ABSOLUTE
    ../clib/microlib/string/memcpy.c         0x00000000   Number         0  memcpya.o ABSOLUTE
    ../clib/microlib/string/memcpy.c         0x00000000   Number         0  memcpyb.o ABSOLUTE
    ../clib/microlib/string/memset.c         0x00000000   Number         0  memseta.o ABSOLUTE
    ..\..\Firmware\CMSIS\GD\GD32F10x\Source\ARM\startup_gd32f10x_md.s 0x00000000   Number         0  startup_gd32f10x_md.o ABSOLUTE
    ..\..\Firmware\CMSIS\GD\GD32F10x\Source\system_gd32f10x.c 0x00000000   Number         0  system_gd32f10x.o ABSOLUTE
    ..\..\Firmware\GD32F10x_standard_peripheral\Source\gd32f10x_adc.c 0x00000000   Number         0  gd32f10x_adc.o ABSOLUTE
    ..\..\Firmware\GD32F10x_standard_peripheral\Source\gd32f10x_bkp.c 0x00000000   Number         0  gd32f10x_bkp.o ABSOLUTE
    ..\..\Firmware\GD32F10x_standard_peripheral\Source\gd32f10x_can.c 0x00000000   Number         0  gd32f10x_can.o ABSOLUTE
    ..\..\Firmware\GD32F10x_standard_peripheral\Source\gd32f10x_crc.c 0x00000000   Number         0  gd32f10x_crc.o ABSOLUTE
    ..\..\Firmware\GD32F10x_standard_peripheral\Source\gd32f10x_dac.c 0x00000000   Number         0  gd32f10x_dac.o ABSOLUTE
    ..\..\Firmware\GD32F10x_standard_peripheral\Source\gd32f10x_dbg.c 0x00000000   Number         0  gd32f10x_dbg.o ABSOLUTE
    ..\..\Firmware\GD32F10x_standard_peripheral\Source\gd32f10x_dma.c 0x00000000   Number         0  gd32f10x_dma.o ABSOLUTE
    ..\..\Firmware\GD32F10x_standard_peripheral\Source\gd32f10x_enet.c 0x00000000   Number         0  gd32f10x_enet.o ABSOLUTE
    ..\..\Firmware\GD32F10x_standard_peripheral\Source\gd32f10x_exmc.c 0x00000000   Number         0  gd32f10x_exmc.o ABSOLUTE
    ..\..\Firmware\GD32F10x_standard_peripheral\Source\gd32f10x_exti.c 0x00000000   Number         0  gd32f10x_exti.o ABSOLUTE
    ..\..\Firmware\GD32F10x_standard_peripheral\Source\gd32f10x_fmc.c 0x00000000   Number         0  gd32f10x_fmc.o ABSOLUTE
    ..\..\Firmware\GD32F10x_standard_peripheral\Source\gd32f10x_fwdgt.c 0x00000000   Number         0  gd32f10x_fwdgt.o ABSOLUTE
    ..\..\Firmware\GD32F10x_standard_peripheral\Source\gd32f10x_gpio.c 0x00000000   Number         0  gd32f10x_gpio.o ABSOLUTE
    ..\..\Firmware\GD32F10x_standard_peripheral\Source\gd32f10x_i2c.c 0x00000000   Number         0  gd32f10x_i2c.o ABSOLUTE
    ..\..\Firmware\GD32F10x_standard_peripheral\Source\gd32f10x_misc.c 0x00000000   Number         0  gd32f10x_misc.o ABSOLUTE
    ..\..\Firmware\GD32F10x_standard_peripheral\Source\gd32f10x_pmu.c 0x00000000   Number         0  gd32f10x_pmu.o ABSOLUTE
    ..\..\Firmware\GD32F10x_standard_peripheral\Source\gd32f10x_rcu.c 0x00000000   Number         0  gd32f10x_rcu.o ABSOLUTE
    ..\..\Firmware\GD32F10x_standard_peripheral\Source\gd32f10x_rtc.c 0x00000000   Number         0  gd32f10x_rtc.o ABSOLUTE
    ..\..\Firmware\GD32F10x_standard_peripheral\Source\gd32f10x_sdio.c 0x00000000   Number         0  gd32f10x_sdio.o ABSOLUTE
    ..\..\Firmware\GD32F10x_standard_peripheral\Source\gd32f10x_spi.c 0x00000000   Number         0  gd32f10x_spi.o ABSOLUTE
    ..\..\Firmware\GD32F10x_standard_peripheral\Source\gd32f10x_timer.c 0x00000000   Number         0  gd32f10x_timer.o ABSOLUTE
    ..\..\Firmware\GD32F10x_standard_peripheral\Source\gd32f10x_usart.c 0x00000000   Number         0  gd32f10x_usart.o ABSOLUTE
    ..\..\Firmware\GD32F10x_standard_peripheral\Source\gd32f10x_wwdgt.c 0x00000000   Number         0  gd32f10x_wwdgt.o ABSOLUTE
    ..\..\FreeRTOS\Source\croutine.c         0x00000000   Number         0  croutine.o ABSOLUTE
    ..\..\FreeRTOS\Source\event_groups.c     0x00000000   Number         0  event_groups.o ABSOLUTE
    ..\..\FreeRTOS\Source\list.c             0x00000000   Number         0  list.o ABSOLUTE
    ..\..\FreeRTOS\Source\portable\MemMang\heap_2.c 0x00000000   Number         0  heap_2.o ABSOLUTE
    ..\..\FreeRTOS\Source\portable\RVDS\ARM_CM3\port.c 0x00000000   Number         0  port.o ABSOLUTE
    ..\..\FreeRTOS\Source\queue.c            0x00000000   Number         0  queue.o ABSOLUTE
    ..\..\FreeRTOS\Source\tasks.c            0x00000000   Number         0  tasks.o ABSOLUTE
    ..\..\FreeRTOS\Source\timers.c           0x00000000   Number         0  timers.o ABSOLUTE
    ..\..\Utilities\gd32f10x_eval.c          0x00000000   Number         0  gd32f10x_eval.o ABSOLUTE
    ..\HardWare\hardware.c                   0x00000000   Number         0  hardware.o ABSOLUTE
    ..\HardWare\spi.c                        0x00000000   Number         0  spi.o ABSOLUTE
    ..\USER\CoreTask.c                       0x00000000   Number         0  coretask.o ABSOLUTE
    ..\USER\Infrared.c                       0x00000000   Number         0  infrared.o ABSOLUTE
    ..\USER\RFID.c                           0x00000000   Number         0  rfid.o ABSOLUTE
    ..\\..\\Firmware\\CMSIS\\GD\\GD32F10x\\Source\\system_gd32f10x.c 0x00000000   Number         0  system_gd32f10x.o ABSOLUTE
    ..\\..\\Firmware\\GD32F10x_standard_peripheral\\Source\\gd32f10x_adc.c 0x00000000   Number         0  gd32f10x_adc.o ABSOLUTE
    ..\\..\\Firmware\\GD32F10x_standard_peripheral\\Source\\gd32f10x_bkp.c 0x00000000   Number         0  gd32f10x_bkp.o ABSOLUTE
    ..\\..\\Firmware\\GD32F10x_standard_peripheral\\Source\\gd32f10x_can.c 0x00000000   Number         0  gd32f10x_can.o ABSOLUTE
    ..\\..\\Firmware\\GD32F10x_standard_peripheral\\Source\\gd32f10x_crc.c 0x00000000   Number         0  gd32f10x_crc.o ABSOLUTE
    ..\\..\\Firmware\\GD32F10x_standard_peripheral\\Source\\gd32f10x_dac.c 0x00000000   Number         0  gd32f10x_dac.o ABSOLUTE
    ..\\..\\Firmware\\GD32F10x_standard_peripheral\\Source\\gd32f10x_dbg.c 0x00000000   Number         0  gd32f10x_dbg.o ABSOLUTE
    ..\\..\\Firmware\\GD32F10x_standard_peripheral\\Source\\gd32f10x_dma.c 0x00000000   Number         0  gd32f10x_dma.o ABSOLUTE
    ..\\..\\Firmware\\GD32F10x_standard_peripheral\\Source\\gd32f10x_enet.c 0x00000000   Number         0  gd32f10x_enet.o ABSOLUTE
    ..\\..\\Firmware\\GD32F10x_standard_peripheral\\Source\\gd32f10x_exmc.c 0x00000000   Number         0  gd32f10x_exmc.o ABSOLUTE
    ..\\..\\Firmware\\GD32F10x_standard_peripheral\\Source\\gd32f10x_exti.c 0x00000000   Number         0  gd32f10x_exti.o ABSOLUTE
    ..\\..\\Firmware\\GD32F10x_standard_peripheral\\Source\\gd32f10x_fmc.c 0x00000000   Number         0  gd32f10x_fmc.o ABSOLUTE
    ..\\..\\Firmware\\GD32F10x_standard_peripheral\\Source\\gd32f10x_fwdgt.c 0x00000000   Number         0  gd32f10x_fwdgt.o ABSOLUTE
    ..\\..\\Firmware\\GD32F10x_standard_peripheral\\Source\\gd32f10x_gpio.c 0x00000000   Number         0  gd32f10x_gpio.o ABSOLUTE
    ..\\..\\Firmware\\GD32F10x_standard_peripheral\\Source\\gd32f10x_i2c.c 0x00000000   Number         0  gd32f10x_i2c.o ABSOLUTE
    ..\\..\\Firmware\\GD32F10x_standard_peripheral\\Source\\gd32f10x_misc.c 0x00000000   Number         0  gd32f10x_misc.o ABSOLUTE
    ..\\..\\Firmware\\GD32F10x_standard_peripheral\\Source\\gd32f10x_pmu.c 0x00000000   Number         0  gd32f10x_pmu.o ABSOLUTE
    ..\\..\\Firmware\\GD32F10x_standard_peripheral\\Source\\gd32f10x_rcu.c 0x00000000   Number         0  gd32f10x_rcu.o ABSOLUTE
    ..\\..\\Firmware\\GD32F10x_standard_peripheral\\Source\\gd32f10x_rtc.c 0x00000000   Number         0  gd32f10x_rtc.o ABSOLUTE
    ..\\..\\Firmware\\GD32F10x_standard_peripheral\\Source\\gd32f10x_sdio.c 0x00000000   Number         0  gd32f10x_sdio.o ABSOLUTE
    ..\\..\\Firmware\\GD32F10x_standard_peripheral\\Source\\gd32f10x_spi.c 0x00000000   Number         0  gd32f10x_spi.o ABSOLUTE
    ..\\..\\Firmware\\GD32F10x_standard_peripheral\\Source\\gd32f10x_timer.c 0x00000000   Number         0  gd32f10x_timer.o ABSOLUTE
    ..\\..\\Firmware\\GD32F10x_standard_peripheral\\Source\\gd32f10x_usart.c 0x00000000   Number         0  gd32f10x_usart.o ABSOLUTE
    ..\\..\\Firmware\\GD32F10x_standard_peripheral\\Source\\gd32f10x_wwdgt.c 0x00000000   Number         0  gd32f10x_wwdgt.o ABSOLUTE
    ..\\..\\FreeRTOS\\Source\\portable\\RVDS\\ARM_CM3\\port.c 0x00000000   Number         0  port.o ABSOLUTE
    ..\\..\\Utilities\\gd32f10x_eval.c       0x00000000   Number         0  gd32f10x_eval.o ABSOLUTE
    ..\\HardWare\\hardware.c                 0x00000000   Number         0  hardware.o ABSOLUTE
    ..\\HardWare\\spi.c                      0x00000000   Number         0  spi.o ABSOLUTE
    ..\\USER\\CoreTask.c                     0x00000000   Number         0  coretask.o ABSOLUTE
    ..\\USER\\Infrared.c                     0x00000000   Number         0  infrared.o ABSOLUTE
    ..\\USER\\RFID.c                         0x00000000   Number         0  rfid.o ABSOLUTE
    ..\\gd32f10x_it.c                        0x00000000   Number         0  gd32f10x_it.o ABSOLUTE
    ..\\main.c                               0x00000000   Number         0  main.o ABSOLUTE
    ..\\systick.c                            0x00000000   Number         0  systick.o ABSOLUTE
    ..\gd32f10x_it.c                         0x00000000   Number         0  gd32f10x_it.o ABSOLUTE
    ..\main.c                                0x00000000   Number         0  main.o ABSOLUTE
    ..\systick.c                             0x00000000   Number         0  systick.o ABSOLUTE
    dc.s                                     0x00000000   Number         0  dc.o ABSOLUTE
    handlers.s                               0x00000000   Number         0  handlers.o ABSOLUTE
    init.s                                   0x00000000   Number         0  init.o ABSOLUTE
    RESET                                    0x08000000   Section      260  startup_gd32f10x_md.o(RESET)
    .ARM.Collect$$$$00000000                 0x08000104   Section        0  entry.o(.ARM.Collect$$$$00000000)
    .ARM.Collect$$$$00000001                 0x08000104   Section        4  entry2.o(.ARM.Collect$$$$00000001)
    .ARM.Collect$$$$00000004                 0x08000108   Section        4  entry5.o(.ARM.Collect$$$$00000004)
    .ARM.Collect$$$$00000008                 0x0800010c   Section        0  entry7b.o(.ARM.Collect$$$$00000008)
    .ARM.Collect$$$$0000000A                 0x0800010c   Section        0  entry8b.o(.ARM.Collect$$$$0000000A)
    .ARM.Collect$$$$0000000B                 0x0800010c   Section        8  entry9a.o(.ARM.Collect$$$$0000000B)
    .ARM.Collect$$$$0000000D                 0x08000114   Section        0  entry10a.o(.ARM.Collect$$$$0000000D)
    .ARM.Collect$$$$0000000F                 0x08000114   Section        0  entry11a.o(.ARM.Collect$$$$0000000F)
    .ARM.Collect$$$$00002712                 0x08000114   Section        4  entry2.o(.ARM.Collect$$$$00002712)
    __lit__00000000                          0x08000114   Data           4  entry2.o(.ARM.Collect$$$$00002712)
    .emb_text                                0x08000118   Section      150  port.o(.emb_text)
    .text                                    0x080001b0   Section       36  startup_gd32f10x_md.o(.text)
    .text                                    0x080001d4   Section        0  memcpya.o(.text)
    .text                                    0x080001f8   Section        0  memseta.o(.text)
    .text                                    0x0800021c   Section       36  init.o(.text)
    .text                                    0x08000240   Section        0  __dczerorl2.o(.text)
    i.AppTaskCreate                          0x08000298   Section        0  main.o(i.AppTaskCreate)
    AppTaskCreate                            0x08000299   Thumb Code    84  main.o(i.AppTaskCreate)
    i.BusFault_Handler                       0x08000330   Section        0  gd32f10x_it.o(i.BusFault_Handler)
    i.CC1101ClrTXBuff                        0x08000334   Section        0  hardware.o(i.CC1101ClrTXBuff)
    i.CC1101ReadReg                          0x08000342   Section        0  hardware.o(i.CC1101ReadReg)
    i.CC1101SendPacket                       0x08000362   Section        0  hardware.o(i.CC1101SendPacket)
    i.CC1101SetIdle                          0x080003da   Section        0  hardware.o(i.CC1101SetIdle)
    i.CC1101SetTRMode                        0x080003e4   Section        0  hardware.o(i.CC1101SetTRMode)
    i.CC1101WriteCmd                         0x0800040e   Section        0  hardware.o(i.CC1101WriteCmd)
    i.CC1101WriteMultiReg                    0x08000422   Section        0  hardware.o(i.CC1101WriteMultiReg)
    i.CC1101WriteReg                         0x08000452   Section        0  hardware.o(i.CC1101WriteReg)
    i.CC_CSN_HIGH                            0x08000470   Section        0  hardware.o(i.CC_CSN_HIGH)
    i.CC_CSN_LOW                             0x08000480   Section        0  hardware.o(i.CC_CSN_LOW)
    i.CoreInit                               0x08000490   Section        0  coretask.o(i.CoreInit)
    i.DebugMon_Handler                       0x080004fc   Section        0  gd32f10x_it.o(i.DebugMon_Handler)
    i.EXTI0_IRQHandler                       0x08000500   Section        0  hardware.o(i.EXTI0_IRQHandler)
    i.HardFault_Handler                      0x08000524   Section        0  gd32f10x_it.o(i.HardFault_Handler)
    i.IRA_DecodeHandler                      0x08000528   Section        0  infrared.o(i.IRA_DecodeHandler)
    i.IRA_Init                               0x080006b4   Section        0  infrared.o(i.IRA_Init)
    i.LED_OP                                 0x08000700   Section        0  hardware.o(i.LED_OP)
    i.MemManage_Handler                      0x08000744   Section        0  gd32f10x_it.o(i.MemManage_Handler)
    i.NMI_Handler                            0x08000748   Section        0  gd32f10x_it.o(i.NMI_Handler)
    i.RF_SendPacket                          0x0800074a   Section        0  hardware.o(i.RF_SendPacket)
    i.SPI_ExchangeByte                       0x08000778   Section        0  spi.o(i.SPI_ExchangeByte)
    i.SystemInit                             0x080007b0   Section        0  system_gd32f10x.o(i.SystemInit)
    i.TIMER0_UP_IRQHandler                   0x08000814   Section        0  hardware.o(i.TIMER0_UP_IRQHandler)
    i.TIMER2_IRQHandler                      0x080009b8   Section        0  hardware.o(i.TIMER2_IRQHandler)
    i.UsageFault_Handler                     0x08000c68   Section        0  gd32f10x_it.o(i.UsageFault_Handler)
    i.__scatterload_copy                     0x08000c6c   Section       14  handlers.o(i.__scatterload_copy)
    i.__scatterload_null                     0x08000c7a   Section        2  handlers.o(i.__scatterload_null)
    i.__scatterload_zeroinit                 0x08000c7c   Section       14  handlers.o(i.__scatterload_zeroinit)
    i.exti_config                            0x08000c8a   Section        0  hardware.o(i.exti_config)
    i.exti_init                              0x08000c98   Section        0  gd32f10x_exti.o(i.exti_init)
    i.exti_interrupt_flag_clear              0x08000d50   Section        0  gd32f10x_exti.o(i.exti_interrupt_flag_clear)
    i.exti_interrupt_flag_get                0x08000d5c   Section        0  gd32f10x_exti.o(i.exti_interrupt_flag_get)
    i.gd_eval_com_init                       0x08000d80   Section        0  gd32f10x_eval.o(i.gd_eval_com_init)
    i.gd_eval_key_init                       0x08000e0c   Section        0  gd32f10x_eval.o(i.gd_eval_key_init)
    i.gd_eval_key_state_get                  0x08000e8c   Section        0  gd32f10x_eval.o(i.gd_eval_key_state_get)
    i.gpio_bit_reset                         0x08000eac   Section        0  gd32f10x_gpio.o(i.gpio_bit_reset)
    i.gpio_bit_set                           0x08000eb0   Section        0  gd32f10x_gpio.o(i.gpio_bit_set)
    i.gpio_config                            0x08000eb4   Section        0  hardware.o(i.gpio_config)
    i.gpio_exti_source_select                0x08000f40   Section        0  gd32f10x_gpio.o(i.gpio_exti_source_select)
    i.gpio_init                              0x08000fd8   Section        0  gd32f10x_gpio.o(i.gpio_init)
    i.gpio_input_bit_get                     0x0800106c   Section        0  gd32f10x_gpio.o(i.gpio_input_bit_get)
    i.main                                   0x0800107c   Section        0  main.o(i.main)
    i.nvic_configuration                     0x080010bc   Section        0  hardware.o(i.nvic_configuration)
    i.nvic_irq_enable                        0x080010e4   Section        0  gd32f10x_misc.o(i.nvic_irq_enable)
    i.nvic_priority_group_set                0x08001188   Section        0  gd32f10x_misc.o(i.nvic_priority_group_set)
    i.prvAddCurrentTaskToDelayedList         0x0800119c   Section        0  tasks.o(i.prvAddCurrentTaskToDelayedList)
    prvAddCurrentTaskToDelayedList           0x0800119d   Thumb Code   124  tasks.o(i.prvAddCurrentTaskToDelayedList)
    i.prvAddNewTaskToReadyList               0x08001234   Section        0  tasks.o(i.prvAddNewTaskToReadyList)
    prvAddNewTaskToReadyList                 0x08001235   Thumb Code   150  tasks.o(i.prvAddNewTaskToReadyList)
    i.prvCheckTasksWaitingTermination        0x080012e8   Section        0  tasks.o(i.prvCheckTasksWaitingTermination)
    prvCheckTasksWaitingTermination          0x080012e9   Thumb Code    86  tasks.o(i.prvCheckTasksWaitingTermination)
    i.prvCopyDataFromQueue                   0x0800134c   Section        0  queue.o(i.prvCopyDataFromQueue)
    prvCopyDataFromQueue                     0x0800134d   Thumb Code    42  queue.o(i.prvCopyDataFromQueue)
    i.prvCopyDataToQueue                     0x08001376   Section        0  queue.o(i.prvCopyDataToQueue)
    prvCopyDataToQueue                       0x08001377   Thumb Code   106  queue.o(i.prvCopyDataToQueue)
    i.prvDeleteTCB                           0x080013e0   Section        0  tasks.o(i.prvDeleteTCB)
    prvDeleteTCB                             0x080013e1   Thumb Code    18  tasks.o(i.prvDeleteTCB)
    i.prvHeapInit                            0x080013f4   Section        0  heap_2.o(i.prvHeapInit)
    prvHeapInit                              0x080013f5   Thumb Code    42  heap_2.o(i.prvHeapInit)
    i.prvIdleTask                            0x0800142c   Section        0  tasks.o(i.prvIdleTask)
    prvIdleTask                              0x0800142d   Thumb Code    32  tasks.o(i.prvIdleTask)
    i.prvInitialiseNewQueue                  0x08001454   Section        0  queue.o(i.prvInitialiseNewQueue)
    prvInitialiseNewQueue                    0x08001455   Thumb Code    38  queue.o(i.prvInitialiseNewQueue)
    i.prvInitialiseNewTask                   0x0800147a   Section        0  tasks.o(i.prvInitialiseNewTask)
    prvInitialiseNewTask                     0x0800147b   Thumb Code   128  tasks.o(i.prvInitialiseNewTask)
    i.prvInitialiseTaskLists                 0x080014fc   Section        0  tasks.o(i.prvInitialiseTaskLists)
    prvInitialiseTaskLists                   0x080014fd   Thumb Code    70  tasks.o(i.prvInitialiseTaskLists)
    i.prvIsQueueEmpty                        0x08001564   Section        0  queue.o(i.prvIsQueueEmpty)
    prvIsQueueEmpty                          0x08001565   Thumb Code    26  queue.o(i.prvIsQueueEmpty)
    i.prvResetNextTaskUnblockTime            0x08001580   Section        0  tasks.o(i.prvResetNextTaskUnblockTime)
    prvResetNextTaskUnblockTime              0x08001581   Thumb Code    42  tasks.o(i.prvResetNextTaskUnblockTime)
    i.prvTaskExitError                       0x080015b4   Section        0  port.o(i.prvTaskExitError)
    prvTaskExitError                         0x080015b5   Thumb Code    22  port.o(i.prvTaskExitError)
    i.prvUnlockQueue                         0x080015ca   Section        0  queue.o(i.prvUnlockQueue)
    prvUnlockQueue                           0x080015cb   Thumb Code   126  queue.o(i.prvUnlockQueue)
    i.pvPortMalloc                           0x08001648   Section        0  heap_2.o(i.pvPortMalloc)
    i.pxPortInitialiseStack                  0x08001700   Section        0  port.o(i.pxPortInitialiseStack)
    i.rcu_clock_freq_get                     0x08001724   Section        0  gd32f10x_rcu.o(i.rcu_clock_freq_get)
    i.rcu_config                             0x08001848   Section        0  hardware.o(i.rcu_config)
    i.rcu_periph_clock_enable                0x08001864   Section        0  gd32f10x_rcu.o(i.rcu_periph_clock_enable)
    i.rcu_periph_reset_disable               0x08001884   Section        0  gd32f10x_rcu.o(i.rcu_periph_reset_disable)
    i.rcu_periph_reset_enable                0x080018a4   Section        0  gd32f10x_rcu.o(i.rcu_periph_reset_enable)
    i.spi_i2s_data_receive                   0x080018c4   Section        0  gd32f10x_spi.o(i.spi_i2s_data_receive)
    i.spi_i2s_data_transmit                  0x080018cc   Section        0  gd32f10x_spi.o(i.spi_i2s_data_transmit)
    i.spi_i2s_flag_get                       0x080018d0   Section        0  gd32f10x_spi.o(i.spi_i2s_flag_get)
    i.system_clock_108m_hxtal                0x080018e0   Section        0  system_gd32f10x.o(i.system_clock_108m_hxtal)
    system_clock_108m_hxtal                  0x080018e1   Thumb Code   182  system_gd32f10x.o(i.system_clock_108m_hxtal)
    i.system_clock_config                    0x080019a4   Section        0  system_gd32f10x.o(i.system_clock_config)
    system_clock_config                      0x080019a5   Thumb Code     8  system_gd32f10x.o(i.system_clock_config)
    i.timer_auto_reload_shadow_enable        0x080019ac   Section        0  gd32f10x_timer.o(i.timer_auto_reload_shadow_enable)
    i.timer_channel_capture_value_register_read 0x080019b6   Section        0  gd32f10x_timer.o(i.timer_channel_capture_value_register_read)
    i.timer_channel_input_capture_prescaler_config 0x080019e0   Section        0  gd32f10x_timer.o(i.timer_channel_input_capture_prescaler_config)
    i.timer_channel_output_config            0x08001a3c   Section        0  gd32f10x_timer.o(i.timer_channel_output_config)
    i.timer_channel_output_mode_config       0x08001c28   Section        0  gd32f10x_timer.o(i.timer_channel_output_mode_config)
    i.timer_channel_output_pulse_value_config 0x08001c82   Section        0  gd32f10x_timer.o(i.timer_channel_output_pulse_value_config)
    i.timer_channel_output_shadow_config     0x08001ca8   Section        0  gd32f10x_timer.o(i.timer_channel_output_shadow_config)
    i.timer_config                           0x08001d04   Section        0  hardware.o(i.timer_config)
    i.timer_counter_value_config             0x08001eec   Section        0  gd32f10x_timer.o(i.timer_counter_value_config)
    i.timer_deinit                           0x08001ef0   Section        0  gd32f10x_timer.o(i.timer_deinit)
    i.timer_disable                          0x08001fcc   Section        0  gd32f10x_timer.o(i.timer_disable)
    i.timer_enable                           0x08001fd6   Section        0  gd32f10x_timer.o(i.timer_enable)
    i.timer_init                             0x08001fe0   Section        0  gd32f10x_timer.o(i.timer_init)
    i.timer_input_capture_config             0x080020b4   Section        0  gd32f10x_timer.o(i.timer_input_capture_config)
    i.timer_input_polarity_config            0x080021fa   Section        0  gd32f10x_timer.o(i.timer_input_polarity_config)
    i.timer_interrupt_enable                 0x08002276   Section        0  gd32f10x_timer.o(i.timer_interrupt_enable)
    i.timer_interrupt_flag_clear             0x0800227e   Section        0  gd32f10x_timer.o(i.timer_interrupt_flag_clear)
    i.timer_interrupt_flag_get               0x08002286   Section        0  gd32f10x_timer.o(i.timer_interrupt_flag_get)
    i.usart_baudrate_set                     0x080022a0   Section        0  gd32f10x_usart.o(i.usart_baudrate_set)
    i.usart_deinit                           0x08002330   Section        0  gd32f10x_usart.o(i.usart_deinit)
    i.usart_enable                           0x080023c0   Section        0  gd32f10x_usart.o(i.usart_enable)
    i.usart_receive_config                   0x080023ca   Section        0  gd32f10x_usart.o(i.usart_receive_config)
    i.usart_transmit_config                  0x080023da   Section        0  gd32f10x_usart.o(i.usart_transmit_config)
    i.uxListRemove                           0x080023ea   Section        0  list.o(i.uxListRemove)
    i.vListInitialise                        0x08002412   Section        0  list.o(i.vListInitialise)
    i.vListInitialiseItem                    0x0800242c   Section        0  list.o(i.vListInitialiseItem)
    i.vListInsert                            0x08002432   Section        0  list.o(i.vListInsert)
    i.vListInsertEnd                         0x08002466   Section        0  list.o(i.vListInsertEnd)
    i.vPortEnterCritical                     0x08002480   Section        0  port.o(i.vPortEnterCritical)
    i.vPortExitCritical                      0x080024a4   Section        0  port.o(i.vPortExitCritical)
    i.vPortFree                              0x080024c4   Section        0  heap_2.o(i.vPortFree)
    i.vPortSetupTimerInterrupt               0x08002504   Section        0  port.o(i.vPortSetupTimerInterrupt)
    i.vTaskAttack                            0x08002518   Section        0  main.o(i.vTaskAttack)
    i.vTaskBeAttack                          0x08002568   Section        0  infrared.o(i.vTaskBeAttack)
    i.vTaskCore                              0x08002608   Section        0  coretask.o(i.vTaskCore)
    i.vTaskDelay                             0x080026c0   Section        0  tasks.o(i.vTaskDelay)
    i.vTaskInfrared                          0x080026f4   Section        0  main.o(i.vTaskInfrared)
    i.vTaskMissedYield                       0x0800283c   Section        0  tasks.o(i.vTaskMissedYield)
    i.vTaskPlaceOnEventList                  0x08002848   Section        0  tasks.o(i.vTaskPlaceOnEventList)
    i.vTaskSetTimeOutState                   0x08002868   Section        0  tasks.o(i.vTaskSetTimeOutState)
    i.vTaskStartScheduler                    0x08002880   Section        0  tasks.o(i.vTaskStartScheduler)
    i.vTaskSuspendAll                        0x080028e4   Section        0  tasks.o(i.vTaskSuspendAll)
    i.vTaskSwitchContext                     0x080028f4   Section        0  tasks.o(i.vTaskSwitchContext)
    i.xPortStartScheduler                    0x08002954   Section        0  port.o(i.xPortStartScheduler)
    i.xPortSysTickHandler                    0x08002988   Section        0  port.o(i.xPortSysTickHandler)
    i.xQueueGenericCreate                    0x080029bc   Section        0  queue.o(i.xQueueGenericCreate)
    i.xQueueGenericReceive                   0x080029f4   Section        0  queue.o(i.xQueueGenericReceive)
    i.xQueueGenericReset                     0x08002b30   Section        0  queue.o(i.xQueueGenericReset)
    i.xQueueGenericSendFromISR               0x08002bb0   Section        0  queue.o(i.xQueueGenericSendFromISR)
    i.xTaskCheckForTimeOut                   0x08002c38   Section        0  tasks.o(i.xTaskCheckForTimeOut)
    i.xTaskCreate                            0x08002c94   Section        0  tasks.o(i.xTaskCreate)
    i.xTaskIncrementTick                     0x08002cf4   Section        0  tasks.o(i.xTaskIncrementTick)
    i.xTaskRemoveFromEventList               0x08002e10   Section        0  tasks.o(i.xTaskRemoveFromEventList)
    i.xTaskResumeAll                         0x08002e90   Section        0  tasks.o(i.xTaskResumeAll)
    .data                                    0x20000000   Section       32  coretask.o(.data)
    .data                                    0x20000020   Section       40  main.o(.data)
    timingdelaylocal                         0x20000044   Data           4  main.o(.data)
    .data                                    0x20000048   Section       16  infrared.o(.data)
    IRA_REC                                  0x20000050   Data           4  infrared.o(.data)
    .data                                    0x20000058   Section      193  gd32f10x_eval.o(.data)
    GPIO_PORT                                0x20000058   Data          16  gd32f10x_eval.o(.data)
    GPIO_PIN                                 0x20000068   Data          16  gd32f10x_eval.o(.data)
    COM_CLK                                  0x20000078   Data           4  gd32f10x_eval.o(.data)
    COM_TX_PIN                               0x2000007c   Data           8  gd32f10x_eval.o(.data)
    COM_RX_PIN                               0x20000084   Data           8  gd32f10x_eval.o(.data)
    COM_GPIO_PORT                            0x2000008c   Data           8  gd32f10x_eval.o(.data)
    COM_GPIO_CLK                             0x20000094   Data           4  gd32f10x_eval.o(.data)
    GPIO_CLK                                 0x20000098   Data           8  gd32f10x_eval.o(.data)
    KEY_PORT                                 0x200000a0   Data          28  gd32f10x_eval.o(.data)
    KEY_PIN                                  0x200000bc   Data          28  gd32f10x_eval.o(.data)
    KEY_CLK                                  0x200000d8   Data          14  gd32f10x_eval.o(.data)
    KEY_EXTI_LINE                            0x200000e8   Data          28  gd32f10x_eval.o(.data)
    KEY_PORT_SOURCE                          0x20000104   Data           7  gd32f10x_eval.o(.data)
    KEY_PIN_SOURCE                           0x2000010b   Data           7  gd32f10x_eval.o(.data)
    KEY_IRQn                                 0x20000112   Data           7  gd32f10x_eval.o(.data)
    .data                                    0x2000011c   Section       60  tasks.o(.data)
    pxDelayedTaskList                        0x20000120   Data           4  tasks.o(.data)
    pxOverflowDelayedTaskList                0x20000124   Data           4  tasks.o(.data)
    uxDeletedTasksWaitingCleanUp             0x20000128   Data           4  tasks.o(.data)
    uxCurrentNumberOfTasks                   0x2000012c   Data           4  tasks.o(.data)
    xTickCount                               0x20000130   Data           4  tasks.o(.data)
    uxTopReadyPriority                       0x20000134   Data           4  tasks.o(.data)
    xSchedulerRunning                        0x20000138   Data           4  tasks.o(.data)
    uxPendedTicks                            0x2000013c   Data           4  tasks.o(.data)
    xYieldPending                            0x20000140   Data           4  tasks.o(.data)
    xNumOfOverflows                          0x20000144   Data           4  tasks.o(.data)
    uxTaskNumber                             0x20000148   Data           4  tasks.o(.data)
    xNextTaskUnblockTime                     0x2000014c   Data           4  tasks.o(.data)
    xIdleTaskHandle                          0x20000150   Data           4  tasks.o(.data)
    uxSchedulerSuspended                     0x20000154   Data           4  tasks.o(.data)
    .data                                    0x20000158   Section       24  heap_2.o(.data)
    xStart                                   0x20000158   Data           8  heap_2.o(.data)
    xEnd                                     0x20000160   Data           8  heap_2.o(.data)
    xFreeBytesRemaining                      0x20000168   Data           4  heap_2.o(.data)
    xHeapHasBeenInitialised                  0x2000016c   Data           4  heap_2.o(.data)
    .data                                    0x20000170   Section        4  port.o(.data)
    uxCriticalNesting                        0x20000170   Data           4  port.o(.data)
    .data                                    0x20000174   Section       65  hardware.o(.data)
    .bss                                     0x200001b8   Section      144  coretask.o(.bss)
    .bss                                     0x20000248   Section       80  main.o(.bss)
    .bss                                     0x20000298   Section      104  infrared.o(.bss)
    IRA                                      0x200002e8   Data          24  infrared.o(.bss)
    .bss                                     0x20000300   Section      200  tasks.o(.bss)
    pxReadyTasksLists                        0x20000300   Data         100  tasks.o(.bss)
    xDelayedTaskList1                        0x20000364   Data          20  tasks.o(.bss)
    xDelayedTaskList2                        0x20000378   Data          20  tasks.o(.bss)
    xPendingReadyList                        0x2000038c   Data          20  tasks.o(.bss)
    xTasksWaitingTermination                 0x200003a0   Data          20  tasks.o(.bss)
    xSuspendedTaskList                       0x200003b4   Data          20  tasks.o(.bss)
    .bss                                     0x200003c8   Section    17408  heap_2.o(.bss)
    ucHeap                                   0x200003c8   Data       17408  heap_2.o(.bss)
    .bss                                     0x200047c8   Section      528  hardware.o(.bss)
    STACK                                    0x200049d8   Section     1024  startup_gd32f10x_md.o(STACK)

    Global Symbols

    Symbol Name                              Value     Ov Type        Size  Object(Section)

    BuildAttributes$$THM_ISAv4$P$D$K$B$S$PE$A:L22UL41UL21$X:L11$S22US41US21$IEEE1$IW$USESV6$~STKCKD$USESV7$~SHL$OSPACE$EBA8$MICROLIB$REQ8$PRES8$EABIv2 0x00000000   Number         0  anon$$obj.o ABSOLUTE
    __ARM_use_no_argv                        0x00000000   Number         0  main.o ABSOLUTE
    __cpp_initialize__aeabi_                  - Undefined Weak Reference
    __cxa_finalize                            - Undefined Weak Reference
    _clock_init                               - Undefined Weak Reference
    _microlib_exit                            - Undefined Weak Reference
    __Vectors_Size                           0x00000104   Number         0  startup_gd32f10x_md.o ABSOLUTE
    __Vectors                                0x08000000   Data           4  startup_gd32f10x_md.o(RESET)
    __Vectors_End                            0x08000104   Data           0  startup_gd32f10x_md.o(RESET)
    __main                                   0x08000105   Thumb Code     0  entry.o(.ARM.Collect$$$$00000000)
    _main_stk                                0x08000105   Thumb Code     0  entry2.o(.ARM.Collect$$$$00000001)
    _main_scatterload                        0x08000109   Thumb Code     0  entry5.o(.ARM.Collect$$$$00000004)
    __main_after_scatterload                 0x0800010d   Thumb Code     0  entry5.o(.ARM.Collect$$$$00000004)
    _main_clock                              0x0800010d   Thumb Code     0  entry7b.o(.ARM.Collect$$$$00000008)
    _main_cpp_init                           0x0800010d   Thumb Code     0  entry8b.o(.ARM.Collect$$$$0000000A)
    _main_init                               0x0800010d   Thumb Code     0  entry9a.o(.ARM.Collect$$$$0000000B)
    __rt_final_cpp                           0x08000115   Thumb Code     0  entry10a.o(.ARM.Collect$$$$0000000D)
    __rt_final_exit                          0x08000115   Thumb Code     0  entry11a.o(.ARM.Collect$$$$0000000F)
    vPortSVCHandler                          0x08000119   Thumb Code    32  port.o(.emb_text)
    __asm___6_port_c_39a90d8d__prvStartFirstTask 0x0800013d   Thumb Code    28  port.o(.emb_text)
    xPortPendSVHandler                       0x0800015d   Thumb Code    72  port.o(.emb_text)
    vPortGetIPSR                             0x080001a9   Thumb Code     6  port.o(.emb_text)
    Reset_Handler                            0x080001b1   Thumb Code     8  startup_gd32f10x_md.o(.text)
    ADC0_1_IRQHandler                        0x080001cb   Thumb Code     0  startup_gd32f10x_md.o(.text)
    CAN0_EWMC_IRQHandler                     0x080001cb   Thumb Code     0  startup_gd32f10x_md.o(.text)
    CAN0_RX1_IRQHandler                      0x080001cb   Thumb Code     0  startup_gd32f10x_md.o(.text)
    DMA0_Channel0_IRQHandler                 0x080001cb   Thumb Code     0  startup_gd32f10x_md.o(.text)
    DMA0_Channel1_IRQHandler                 0x080001cb   Thumb Code     0  startup_gd32f10x_md.o(.text)
    DMA0_Channel2_IRQHandler                 0x080001cb   Thumb Code     0  startup_gd32f10x_md.o(.text)
    DMA0_Channel3_IRQHandler                 0x080001cb   Thumb Code     0  startup_gd32f10x_md.o(.text)
    DMA0_Channel4_IRQHandler                 0x080001cb   Thumb Code     0  startup_gd32f10x_md.o(.text)
    DMA0_Channel5_IRQHandler                 0x080001cb   Thumb Code     0  startup_gd32f10x_md.o(.text)
    DMA0_Channel6_IRQHandler                 0x080001cb   Thumb Code     0  startup_gd32f10x_md.o(.text)
    EXMC_IRQHandler                          0x080001cb   Thumb Code     0  startup_gd32f10x_md.o(.text)
    EXTI10_15_IRQHandler                     0x080001cb   Thumb Code     0  startup_gd32f10x_md.o(.text)
    EXTI1_IRQHandler                         0x080001cb   Thumb Code     0  startup_gd32f10x_md.o(.text)
    EXTI2_IRQHandler                         0x080001cb   Thumb Code     0  startup_gd32f10x_md.o(.text)
    EXTI3_IRQHandler                         0x080001cb   Thumb Code     0  startup_gd32f10x_md.o(.text)
    EXTI4_IRQHandler                         0x080001cb   Thumb Code     0  startup_gd32f10x_md.o(.text)
    EXTI5_9_IRQHandler                       0x080001cb   Thumb Code     0  startup_gd32f10x_md.o(.text)
    FMC_IRQHandler                           0x080001cb   Thumb Code     0  startup_gd32f10x_md.o(.text)
    I2C0_ER_IRQHandler                       0x080001cb   Thumb Code     0  startup_gd32f10x_md.o(.text)
    I2C0_EV_IRQHandler                       0x080001cb   Thumb Code     0  startup_gd32f10x_md.o(.text)
    I2C1_ER_IRQHandler                       0x080001cb   Thumb Code     0  startup_gd32f10x_md.o(.text)
    I2C1_EV_IRQHandler                       0x080001cb   Thumb Code     0  startup_gd32f10x_md.o(.text)
    LVD_IRQHandler                           0x080001cb   Thumb Code     0  startup_gd32f10x_md.o(.text)
    RCU_IRQHandler                           0x080001cb   Thumb Code     0  startup_gd32f10x_md.o(.text)
    RTC_Alarm_IRQHandler                     0x080001cb   Thumb Code     0  startup_gd32f10x_md.o(.text)
    RTC_IRQHandler                           0x080001cb   Thumb Code     0  startup_gd32f10x_md.o(.text)
    SPI0_IRQHandler                          0x080001cb   Thumb Code     0  startup_gd32f10x_md.o(.text)
    SPI1_IRQHandler                          0x080001cb   Thumb Code     0  startup_gd32f10x_md.o(.text)
    TAMPER_IRQHandler                        0x080001cb   Thumb Code     0  startup_gd32f10x_md.o(.text)
    TIMER0_BRK_IRQHandler                    0x080001cb   Thumb Code     0  startup_gd32f10x_md.o(.text)
    TIMER0_Channel_IRQHandler                0x080001cb   Thumb Code     0  startup_gd32f10x_md.o(.text)
    TIMER0_TRG_CMT_IRQHandler                0x080001cb   Thumb Code     0  startup_gd32f10x_md.o(.text)
    TIMER1_IRQHandler                        0x080001cb   Thumb Code     0  startup_gd32f10x_md.o(.text)
    TIMER3_IRQHandler                        0x080001cb   Thumb Code     0  startup_gd32f10x_md.o(.text)
    USART0_IRQHandler                        0x080001cb   Thumb Code     0  startup_gd32f10x_md.o(.text)
    USART1_IRQHandler                        0x080001cb   Thumb Code     0  startup_gd32f10x_md.o(.text)
    USART2_IRQHandler                        0x080001cb   Thumb Code     0  startup_gd32f10x_md.o(.text)
    USBD_HP_CAN0_TX_IRQHandler               0x080001cb   Thumb Code     0  startup_gd32f10x_md.o(.text)
    USBD_LP_CAN0_RX0_IRQHandler              0x080001cb   Thumb Code     0  startup_gd32f10x_md.o(.text)
    USBD_WKUP_IRQHandler                     0x080001cb   Thumb Code     0  startup_gd32f10x_md.o(.text)
    WWDGT_IRQHandler                         0x080001cb   Thumb Code     0  startup_gd32f10x_md.o(.text)
    __aeabi_memcpy                           0x080001d5   Thumb Code    36  memcpya.o(.text)
    __aeabi_memcpy4                          0x080001d5   Thumb Code     0  memcpya.o(.text)
    __aeabi_memcpy8                          0x080001d5   Thumb Code     0  memcpya.o(.text)
    __aeabi_memset                           0x080001f9   Thumb Code    14  memseta.o(.text)
    __aeabi_memset4                          0x080001f9   Thumb Code     0  memseta.o(.text)
    __aeabi_memset8                          0x080001f9   Thumb Code     0  memseta.o(.text)
    __aeabi_memclr                           0x08000207   Thumb Code     4  memseta.o(.text)
    __aeabi_memclr4                          0x08000207   Thumb Code     0  memseta.o(.text)
    __aeabi_memclr8                          0x08000207   Thumb Code     0  memseta.o(.text)
    _memset$wrapper                          0x0800020b   Thumb Code    18  memseta.o(.text)
    __scatterload                            0x0800021d   Thumb Code    28  init.o(.text)
    __scatterload_rt2                        0x0800021d   Thumb Code     0  init.o(.text)
    __decompress                             0x08000241   Thumb Code     0  __dczerorl2.o(.text)
    __decompress1                            0x08000241   Thumb Code    86  __dczerorl2.o(.text)
    BusFault_Handler                         0x08000331   Thumb Code     4  gd32f10x_it.o(i.BusFault_Handler)
    CC1101ClrTXBuff                          0x08000335   Thumb Code    14  hardware.o(i.CC1101ClrTXBuff)
    CC1101ReadReg                            0x08000343   Thumb Code    32  hardware.o(i.CC1101ReadReg)
    CC1101SendPacket                         0x08000363   Thumb Code   120  hardware.o(i.CC1101SendPacket)
    CC1101SetIdle                            0x080003db   Thumb Code    10  hardware.o(i.CC1101SetIdle)
    CC1101SetTRMode                          0x080003e5   Thumb Code    42  hardware.o(i.CC1101SetTRMode)
    CC1101WriteCmd                           0x0800040f   Thumb Code    20  hardware.o(i.CC1101WriteCmd)
    CC1101WriteMultiReg                      0x08000423   Thumb Code    48  hardware.o(i.CC1101WriteMultiReg)
    CC1101WriteReg                           0x08000453   Thumb Code    28  hardware.o(i.CC1101WriteReg)
    CC_CSN_HIGH                              0x08000471   Thumb Code    12  hardware.o(i.CC_CSN_HIGH)
    CC_CSN_LOW                               0x08000481   Thumb Code    12  hardware.o(i.CC_CSN_LOW)
    CoreInit                                 0x08000491   Thumb Code    72  coretask.o(i.CoreInit)
    DebugMon_Handler                         0x080004fd   Thumb Code     2  gd32f10x_it.o(i.DebugMon_Handler)
    EXTI0_IRQHandler                         0x08000501   Thumb Code    32  hardware.o(i.EXTI0_IRQHandler)
    HardFault_Handler                        0x08000525   Thumb Code     4  gd32f10x_it.o(i.HardFault_Handler)
    IRA_DecodeHandler                        0x08000529   Thumb Code   384  infrared.o(i.IRA_DecodeHandler)
    IRA_Init                                 0x080006b5   Thumb Code    60  infrared.o(i.IRA_Init)
    LED_OP                                   0x08000701   Thumb Code    64  hardware.o(i.LED_OP)
    MemManage_Handler                        0x08000745   Thumb Code     4  gd32f10x_it.o(i.MemManage_Handler)
    NMI_Handler                              0x08000749   Thumb Code     2  gd32f10x_it.o(i.NMI_Handler)
    RF_SendPacket                            0x0800074b   Thumb Code    46  hardware.o(i.RF_SendPacket)
    SPI_ExchangeByte                         0x08000779   Thumb Code    50  spi.o(i.SPI_ExchangeByte)
    SystemInit                               0x080007b1   Thumb Code    84  system_gd32f10x.o(i.SystemInit)
    TIMER0_UP_IRQHandler                     0x08000815   Thumb Code   400  hardware.o(i.TIMER0_UP_IRQHandler)
    TIMER2_IRQHandler                        0x080009b9   Thumb Code   630  hardware.o(i.TIMER2_IRQHandler)
    UsageFault_Handler                       0x08000c69   Thumb Code     4  gd32f10x_it.o(i.UsageFault_Handler)
    __scatterload_copy                       0x08000c6d   Thumb Code    14  handlers.o(i.__scatterload_copy)
    __scatterload_null                       0x08000c7b   Thumb Code     2  handlers.o(i.__scatterload_null)
    __scatterload_zeroinit                   0x08000c7d   Thumb Code    14  handlers.o(i.__scatterload_zeroinit)
    exti_config                              0x08000c8b   Thumb Code    12  hardware.o(i.exti_config)
    exti_init                                0x08000c99   Thumb Code   178  gd32f10x_exti.o(i.exti_init)
    exti_interrupt_flag_clear                0x08000d51   Thumb Code     6  gd32f10x_exti.o(i.exti_interrupt_flag_clear)
    exti_interrupt_flag_get                  0x08000d5d   Thumb Code    32  gd32f10x_exti.o(i.exti_interrupt_flag_get)
    gd_eval_com_init                         0x08000d81   Thumb Code   116  gd32f10x_eval.o(i.gd_eval_com_init)
    gd_eval_key_init                         0x08000e0d   Thumb Code    98  gd32f10x_eval.o(i.gd_eval_key_init)
    gd_eval_key_state_get                    0x08000e8d   Thumb Code    22  gd32f10x_eval.o(i.gd_eval_key_state_get)
    gpio_bit_reset                           0x08000ead   Thumb Code     4  gd32f10x_gpio.o(i.gpio_bit_reset)
    gpio_bit_set                             0x08000eb1   Thumb Code     4  gd32f10x_gpio.o(i.gpio_bit_set)
    gpio_config                              0x08000eb5   Thumb Code   132  hardware.o(i.gpio_config)
    gpio_exti_source_select                  0x08000f41   Thumb Code   146  gd32f10x_gpio.o(i.gpio_exti_source_select)
    gpio_init                                0x08000fd9   Thumb Code   148  gd32f10x_gpio.o(i.gpio_init)
    gpio_input_bit_get                       0x0800106d   Thumb Code    16  gd32f10x_gpio.o(i.gpio_input_bit_get)
    main                                     0x0800107d   Thumb Code    56  main.o(i.main)
    nvic_configuration                       0x080010bd   Thumb Code    40  hardware.o(i.nvic_configuration)
    nvic_irq_enable                          0x080010e5   Thumb Code   156  gd32f10x_misc.o(i.nvic_irq_enable)
    nvic_priority_group_set                  0x08001189   Thumb Code    10  gd32f10x_misc.o(i.nvic_priority_group_set)
    pvPortMalloc                             0x08001649   Thumb Code   166  heap_2.o(i.pvPortMalloc)
    pxPortInitialiseStack                    0x08001701   Thumb Code    30  port.o(i.pxPortInitialiseStack)
    rcu_clock_freq_get                       0x08001725   Thumb Code   264  gd32f10x_rcu.o(i.rcu_clock_freq_get)
    rcu_config                               0x08001849   Thumb Code    28  hardware.o(i.rcu_config)
    rcu_periph_clock_enable                  0x08001865   Thumb Code    28  gd32f10x_rcu.o(i.rcu_periph_clock_enable)
    rcu_periph_reset_disable                 0x08001885   Thumb Code    28  gd32f10x_rcu.o(i.rcu_periph_reset_disable)
    rcu_periph_reset_enable                  0x080018a5   Thumb Code    28  gd32f10x_rcu.o(i.rcu_periph_reset_enable)
    spi_i2s_data_receive                     0x080018c5   Thumb Code     8  gd32f10x_spi.o(i.spi_i2s_data_receive)
    spi_i2s_data_transmit                    0x080018cd   Thumb Code     4  gd32f10x_spi.o(i.spi_i2s_data_transmit)
    spi_i2s_flag_get                         0x080018d1   Thumb Code    16  gd32f10x_spi.o(i.spi_i2s_flag_get)
    timer_auto_reload_shadow_enable          0x080019ad   Thumb Code    10  gd32f10x_timer.o(i.timer_auto_reload_shadow_enable)
    timer_channel_capture_value_register_read 0x080019b7   Thumb Code    42  gd32f10x_timer.o(i.timer_channel_capture_value_register_read)
    timer_channel_input_capture_prescaler_config 0x080019e1   Thumb Code    90  gd32f10x_timer.o(i.timer_channel_input_capture_prescaler_config)
    timer_channel_output_config              0x08001a3d   Thumb Code   484  gd32f10x_timer.o(i.timer_channel_output_config)
    timer_channel_output_mode_config         0x08001c29   Thumb Code    90  gd32f10x_timer.o(i.timer_channel_output_mode_config)
    timer_channel_output_pulse_value_config  0x08001c83   Thumb Code    38  gd32f10x_timer.o(i.timer_channel_output_pulse_value_config)
    timer_channel_output_shadow_config       0x08001ca9   Thumb Code    90  gd32f10x_timer.o(i.timer_channel_output_shadow_config)
    timer_config                             0x08001d05   Thumb Code   476  hardware.o(i.timer_config)
    timer_counter_value_config               0x08001eed   Thumb Code     4  gd32f10x_timer.o(i.timer_counter_value_config)
    timer_deinit                             0x08001ef1   Thumb Code   210  gd32f10x_timer.o(i.timer_deinit)
    timer_disable                            0x08001fcd   Thumb Code    10  gd32f10x_timer.o(i.timer_disable)
    timer_enable                             0x08001fd7   Thumb Code    10  gd32f10x_timer.o(i.timer_enable)
    timer_init                               0x08001fe1   Thumb Code   158  gd32f10x_timer.o(i.timer_init)
    timer_input_capture_config               0x080020b5   Thumb Code   326  gd32f10x_timer.o(i.timer_input_capture_config)
    timer_input_polarity_config              0x080021fb   Thumb Code   124  gd32f10x_timer.o(i.timer_input_polarity_config)
    timer_interrupt_enable                   0x08002277   Thumb Code     8  gd32f10x_timer.o(i.timer_interrupt_enable)
    timer_interrupt_flag_clear               0x0800227f   Thumb Code     8  gd32f10x_timer.o(i.timer_interrupt_flag_clear)
    timer_interrupt_flag_get                 0x08002287   Thumb Code    24  gd32f10x_timer.o(i.timer_interrupt_flag_get)
    usart_baudrate_set                       0x080022a1   Thumb Code   136  gd32f10x_usart.o(i.usart_baudrate_set)
    usart_deinit                             0x08002331   Thumb Code   136  gd32f10x_usart.o(i.usart_deinit)
    usart_enable                             0x080023c1   Thumb Code    10  gd32f10x_usart.o(i.usart_enable)
    usart_receive_config                     0x080023cb   Thumb Code    16  gd32f10x_usart.o(i.usart_receive_config)
    usart_transmit_config                    0x080023db   Thumb Code    16  gd32f10x_usart.o(i.usart_transmit_config)
    uxListRemove                             0x080023eb   Thumb Code    40  list.o(i.uxListRemove)
    vListInitialise                          0x08002413   Thumb Code    26  list.o(i.vListInitialise)
    vListInitialiseItem                      0x0800242d   Thumb Code     6  list.o(i.vListInitialiseItem)
    vListInsert                              0x08002433   Thumb Code    52  list.o(i.vListInsert)
    vListInsertEnd                           0x08002467   Thumb Code    24  list.o(i.vListInsertEnd)
    vPortEnterCritical                       0x08002481   Thumb Code    30  port.o(i.vPortEnterCritical)
    vPortExitCritical                        0x080024a5   Thumb Code    28  port.o(i.vPortExitCritical)
    vPortFree                                0x080024c5   Thumb Code    56  heap_2.o(i.vPortFree)
    vPortSetupTimerInterrupt                 0x08002505   Thumb Code    14  port.o(i.vPortSetupTimerInterrupt)
    vTaskAttack                              0x08002519   Thumb Code    68  main.o(i.vTaskAttack)
    vTaskBeAttack                            0x08002569   Thumb Code   140  infrared.o(i.vTaskBeAttack)
    vTaskCore                                0x08002609   Thumb Code   152  coretask.o(i.vTaskCore)
    vTaskDelay                               0x080026c1   Thumb Code    46  tasks.o(i.vTaskDelay)
    vTaskInfrared                            0x080026f5   Thumb Code   306  main.o(i.vTaskInfrared)
    vTaskMissedYield                         0x0800283d   Thumb Code     8  tasks.o(i.vTaskMissedYield)
    vTaskPlaceOnEventList                    0x08002849   Thumb Code    28  tasks.o(i.vTaskPlaceOnEventList)
    vTaskSetTimeOutState                     0x08002869   Thumb Code    14  tasks.o(i.vTaskSetTimeOutState)
    vTaskStartScheduler                      0x08002881   Thumb Code    72  tasks.o(i.vTaskStartScheduler)
    vTaskSuspendAll                          0x080028e5   Thumb Code    12  tasks.o(i.vTaskSuspendAll)
    vTaskSwitchContext                       0x080028f5   Thumb Code    76  tasks.o(i.vTaskSwitchContext)
    xPortStartScheduler                      0x08002955   Thumb Code    42  port.o(i.xPortStartScheduler)
    xPortSysTickHandler                      0x08002989   Thumb Code    46  port.o(i.xPortSysTickHandler)
    xQueueGenericCreate                      0x080029bd   Thumb Code    56  queue.o(i.xQueueGenericCreate)
    xQueueGenericReceive                     0x080029f5   Thumb Code   312  queue.o(i.xQueueGenericReceive)
    xQueueGenericReset                       0x08002b31   Thumb Code   122  queue.o(i.xQueueGenericReset)
    xQueueGenericSendFromISR                 0x08002bb1   Thumb Code   134  queue.o(i.xQueueGenericSendFromISR)
    xTaskCheckForTimeOut                     0x08002c39   Thumb Code    84  tasks.o(i.xTaskCheckForTimeOut)
    xTaskCreate                              0x08002c95   Thumb Code    96  tasks.o(i.xTaskCreate)
    xTaskIncrementTick                       0x08002cf5   Thumb Code   238  tasks.o(i.xTaskIncrementTick)
    xTaskRemoveFromEventList                 0x08002e11   Thumb Code   104  tasks.o(i.xTaskRemoveFromEventList)
    xTaskResumeAll                           0x08002e91   Thumb Code   196  tasks.o(i.xTaskResumeAll)
    Region$$Table$$Base                      0x08002f78   Number         0  anon$$obj.o(Region$$Table)
    Region$$Table$$Limit                     0x08002f98   Number         0  anon$$obj.o(Region$$Table)
    Self_info                                0x20000000   Data           3  coretask.o(.data)
    my_attacker_info                         0x20000004   Data           8  coretask.o(.data)
    attacker_info                            0x2000000c   Data           8  coretask.o(.data)
    GameOver                                 0x20000014   Data           1  coretask.o(.data)
    MY_UID                                   0x20000018   Data           4  coretask.o(.data)
    xQueueCoreMsg                            0x2000001c   Data           4  coretask.o(.data)
    GameBegin                                0x20000020   Data           1  main.o(.data)
    xQueueKeyMsg                             0x20000024   Data           4  main.o(.data)
    xQueueInfraredMsg                        0x20000028   Data           4  main.o(.data)
    SendBUF                                  0x2000002c   Data          13  main.o(.data)
    end_zero                                 0x20000039   Data           1  main.o(.data)
    end_one                                  0x2000003a   Data           1  main.o(.data)
    adc_value                                0x2000003c   Data           8  main.o(.data)
    begin                                    0x20000048   Data           4  infrared.o(.data)
    end                                      0x2000004c   Data           4  infrared.o(.data)
    temp                                     0x20000054   Data           4  infrared.o(.data)
    pxCurrentTCB                             0x2000011c   Data           4  tasks.o(.data)
    ctl_flag                                 0x20000174   Data           4  hardware.o(.data)
    i                                        0x20000178   Data           4  hardware.o(.data)
    audio_bit                                0x2000017c   Data           4  hardware.o(.data)
    IRAHighCnt                               0x20000180   Data           4  hardware.o(.data)
    IRALowCnt                                0x20000184   Data           4  hardware.o(.data)
    timer2_modulate                          0x20000188   Data           1  hardware.o(.data)
    InfraLen                                 0x20000189   Data           1  hardware.o(.data)
    rfid_flag                                0x2000018a   Data           1  hardware.o(.data)
    rfCT                                     0x2000018b   Data           1  hardware.o(.data)
    bRfid                                    0x2000018c   Data           1  hardware.o(.data)
    bRftriger                                0x2000018d   Data           1  hardware.o(.data)
    IraSta                                   0x2000018e   Data           1  hardware.o(.data)
    Dval                                     0x20000190   Data           2  hardware.o(.data)
    IraRec                                   0x20000194   Data           4  hardware.o(.data)
    IraCnt                                   0x20000198   Data           1  hardware.o(.data)
    attack_flag                              0x20000199   Data           1  hardware.o(.data)
    Cnt1ms                                   0x2000019a   Data           1  hardware.o(.data)
    SendFlag                                 0x2000019b   Data           1  hardware.o(.data)
    SendTime                                 0x2000019c   Data           2  hardware.o(.data)
    RecvWaitTime                             0x2000019e   Data           2  hardware.o(.data)
    SendCnt                                  0x200001a0   Data           2  hardware.o(.data)
    AckBuffer                                0x200001a2   Data          10  hardware.o(.data)
    RecvCnt                                  0x200001ac   Data           1  hardware.o(.data)
    PaTabel                                  0x200001ad   Data           8  hardware.o(.data)
    report_info                              0x200001b8   Data          16  coretask.o(.bss)
    SysInfo                                  0x200001c8   Data         128  coretask.o(.bss)
    sendbuf                                  0x20000248   Data          80  main.o(.bss)
    batk_array                               0x20000298   Data          80  infrared.o(.bss)
    Infra_recvbuf                            0x200047c8   Data         400  hardware.o(.bss)
    Rfid_bits                                0x20004958   Data         128  hardware.o(.bss)
    __initial_sp                             0x20004dd8   Data           0  startup_gd32f10x_md.o(STACK)



==============================================================================

Memory Map of the image

  Image Entry point : 0x08000105

  Load Region LR_IROM1 (Base: 0x08000000, Size: 0x00003150, Max: 0x00020000, ABSOLUTE, COMPRESSED[0x00003024])

    Execution Region ER_IROM1 (Base: 0x08000000, Size: 0x00002f98, Max: 0x00020000, ABSOLUTE)

    Base Addr    Size         Type   Attr      Idx    E Section Name        Object

    0x08000000   0x00000104   Data   RO         4128    RESET               startup_gd32f10x_md.o
    0x08000104   0x00000000   Code   RO         5054  * .ARM.Collect$$$$00000000  mc_w.l(entry.o)
    0x08000104   0x00000004   Code   RO         5063    .ARM.Collect$$$$00000001  mc_w.l(entry2.o)
    0x08000108   0x00000004   Code   RO         5066    .ARM.Collect$$$$00000004  mc_w.l(entry5.o)
    0x0800010c   0x00000000   Code   RO         5068    .ARM.Collect$$$$00000008  mc_w.l(entry7b.o)
    0x0800010c   0x00000000   Code   RO         5070    .ARM.Collect$$$$0000000A  mc_w.l(entry8b.o)
    0x0800010c   0x00000008   Code   RO         5071    .ARM.Collect$$$$0000000B  mc_w.l(entry9a.o)
    0x08000114   0x00000000   Code   RO         5073    .ARM.Collect$$$$0000000D  mc_w.l(entry10a.o)
    0x08000114   0x00000000   Code   RO         5075    .ARM.Collect$$$$0000000F  mc_w.l(entry11a.o)
    0x08000114   0x00000004   Code   RO         5064    .ARM.Collect$$$$00002712  mc_w.l(entry2.o)
    0x08000118   0x00000096   Code   RO         4760    .emb_text           port.o
    0x080001ae   0x00000002   PAD
    0x080001b0   0x00000024   Code   RO         4129    .text               startup_gd32f10x_md.o
    0x080001d4   0x00000024   Code   RO         5057    .text               mc_w.l(memcpya.o)
    0x080001f8   0x00000024   Code   RO         5059    .text               mc_w.l(memseta.o)
    0x0800021c   0x00000024   Code   RO         5077    .text               mc_w.l(init.o)
    0x08000240   0x00000056   Code   RO         5087    .text               mc_w.l(__dczerorl2.o)
    0x08000296   0x00000002   PAD
    0x08000298   0x00000098   Code   RO          346    i.AppTaskCreate     main.o
    0x08000330   0x00000004   Code   RO          132    i.BusFault_Handler  gd32f10x_it.o
    0x08000334   0x0000000e   Code   RO         4833    i.CC1101ClrTXBuff   hardware.o
    0x08000342   0x00000020   Code   RO         4834    i.CC1101ReadReg     hardware.o
    0x08000362   0x00000078   Code   RO         4836    i.CC1101SendPacket  hardware.o
    0x080003da   0x0000000a   Code   RO         4838    i.CC1101SetIdle     hardware.o
    0x080003e4   0x0000002a   Code   RO         4840    i.CC1101SetTRMode   hardware.o
    0x0800040e   0x00000014   Code   RO         4841    i.CC1101WriteCmd    hardware.o
    0x08000422   0x00000030   Code   RO         4842    i.CC1101WriteMultiReg  hardware.o
    0x08000452   0x0000001c   Code   RO         4843    i.CC1101WriteReg    hardware.o
    0x0800046e   0x00000002   PAD
    0x08000470   0x00000010   Code   RO         4845    i.CC_CSN_HIGH       hardware.o
    0x08000480   0x00000010   Code   RO         4846    i.CC_CSN_LOW        hardware.o
    0x08000490   0x0000006c   Code   RO          222    i.CoreInit          coretask.o
    0x080004fc   0x00000002   Code   RO          133    i.DebugMon_Handler  gd32f10x_it.o
    0x080004fe   0x00000002   PAD
    0x08000500   0x00000024   Code   RO         4847    i.EXTI0_IRQHandler  hardware.o
    0x08000524   0x00000004   Code   RO          134    i.HardFault_Handler  gd32f10x_it.o
    0x08000528   0x0000018c   Code   RO          433    i.IRA_DecodeHandler  infrared.o
    0x080006b4   0x0000004c   Code   RO          434    i.IRA_Init          infrared.o
    0x08000700   0x00000044   Code   RO         4848    i.LED_OP            hardware.o
    0x08000744   0x00000004   Code   RO          135    i.MemManage_Handler  gd32f10x_it.o
    0x08000748   0x00000002   Code   RO          136    i.NMI_Handler       gd32f10x_it.o
    0x0800074a   0x0000002e   Code   RO         4851    i.RF_SendPacket     hardware.o
    0x08000778   0x00000038   Code   RO         5028    i.SPI_ExchangeByte  spi.o
    0x080007b0   0x00000064   Code   RO          514    i.SystemInit        system_gd32f10x.o
    0x08000814   0x000001a4   Code   RO         4852    i.TIMER0_UP_IRQHandler  hardware.o
    0x080009b8   0x000002b0   Code   RO         4853    i.TIMER2_IRQHandler  hardware.o
    0x08000c68   0x00000004   Code   RO          140    i.UsageFault_Handler  gd32f10x_it.o
    0x08000c6c   0x0000000e   Code   RO         5081    i.__scatterload_copy  mc_w.l(handlers.o)
    0x08000c7a   0x00000002   Code   RO         5082    i.__scatterload_null  mc_w.l(handlers.o)
    0x08000c7c   0x0000000e   Code   RO         5083    i.__scatterload_zeroinit  mc_w.l(handlers.o)
    0x08000c8a   0x0000000c   Code   RO         4854    i.exti_config       hardware.o
    0x08000c96   0x00000002   PAD
    0x08000c98   0x000000b8   Code   RO         2521    i.exti_init         gd32f10x_exti.o
    0x08000d50   0x0000000c   Code   RO         2524    i.exti_interrupt_flag_clear  gd32f10x_exti.o
    0x08000d5c   0x00000024   Code   RO         2525    i.exti_interrupt_flag_get  gd32f10x_exti.o
    0x08000d80   0x0000008c   Code   RO         4135    i.gd_eval_com_init  gd32f10x_eval.o
    0x08000e0c   0x00000080   Code   RO         4136    i.gd_eval_key_init  gd32f10x_eval.o
    0x08000e8c   0x00000020   Code   RO         4137    i.gd_eval_key_state_get  gd32f10x_eval.o
    0x08000eac   0x00000004   Code   RO         3073    i.gpio_bit_reset    gd32f10x_gpio.o
    0x08000eb0   0x00000004   Code   RO         3074    i.gpio_bit_set      gd32f10x_gpio.o
    0x08000eb4   0x0000008c   Code   RO         4855    i.gpio_config       hardware.o
    0x08000f40   0x00000098   Code   RO         3080    i.gpio_exti_source_select  gd32f10x_gpio.o
    0x08000fd8   0x00000094   Code   RO         3081    i.gpio_init         gd32f10x_gpio.o
    0x0800106c   0x00000010   Code   RO         3082    i.gpio_input_bit_get  gd32f10x_gpio.o
    0x0800107c   0x00000040   Code   RO          350    i.main              main.o
    0x080010bc   0x00000028   Code   RO         4856    i.nvic_configuration  hardware.o
    0x080010e4   0x000000a4   Code   RO         3192    i.nvic_irq_enable   gd32f10x_misc.o
    0x08001188   0x00000014   Code   RO         3193    i.nvic_priority_group_set  gd32f10x_misc.o
    0x0800119c   0x00000098   Code   RO         4443    i.prvAddCurrentTaskToDelayedList  tasks.o
    0x08001234   0x000000b4   Code   RO         4444    i.prvAddNewTaskToReadyList  tasks.o
    0x080012e8   0x00000064   Code   RO         4445    i.prvCheckTasksWaitingTermination  tasks.o
    0x0800134c   0x0000002a   Code   RO         4322    i.prvCopyDataFromQueue  queue.o
    0x08001376   0x0000006a   Code   RO         4323    i.prvCopyDataToQueue  queue.o
    0x080013e0   0x00000012   Code   RO         4446    i.prvDeleteTCB      tasks.o
    0x080013f2   0x00000002   PAD
    0x080013f4   0x00000038   Code   RO         4722    i.prvHeapInit       heap_2.o
    0x0800142c   0x00000028   Code   RO         4447    i.prvIdleTask       tasks.o
    0x08001454   0x00000026   Code   RO         4324    i.prvInitialiseNewQueue  queue.o
    0x0800147a   0x00000080   Code   RO         4448    i.prvInitialiseNewTask  tasks.o
    0x080014fa   0x00000002   PAD
    0x080014fc   0x00000068   Code   RO         4449    i.prvInitialiseTaskLists  tasks.o
    0x08001564   0x0000001a   Code   RO         4325    i.prvIsQueueEmpty   queue.o
    0x0800157e   0x00000002   PAD
    0x08001580   0x00000034   Code   RO         4450    i.prvResetNextTaskUnblockTime  tasks.o
    0x080015b4   0x00000016   Code   RO         4761    i.prvTaskExitError  port.o
    0x080015ca   0x0000007e   Code   RO         4327    i.prvUnlockQueue    queue.o
    0x08001648   0x000000b8   Code   RO         4723    i.pvPortMalloc      heap_2.o
    0x08001700   0x00000024   Code   RO         4762    i.pxPortInitialiseStack  port.o
    0x08001724   0x00000124   Code   RO         2291    i.rcu_clock_freq_get  gd32f10x_rcu.o
    0x08001848   0x0000001c   Code   RO         4857    i.rcu_config        hardware.o
    0x08001864   0x00000020   Code   RO         2308    i.rcu_periph_clock_enable  gd32f10x_rcu.o
    0x08001884   0x00000020   Code   RO         2311    i.rcu_periph_reset_disable  gd32f10x_rcu.o
    0x080018a4   0x00000020   Code   RO         2312    i.rcu_periph_reset_enable  gd32f10x_rcu.o
    0x080018c4   0x00000008   Code   RO         1778    i.spi_i2s_data_receive  gd32f10x_spi.o
    0x080018cc   0x00000004   Code   RO         1779    i.spi_i2s_data_transmit  gd32f10x_spi.o
    0x080018d0   0x00000010   Code   RO         1781    i.spi_i2s_flag_get  gd32f10x_spi.o
    0x080018e0   0x000000c4   Code   RO          515    i.system_clock_108m_hxtal  system_gd32f10x.o
    0x080019a4   0x00000008   Code   RO          516    i.system_clock_config  system_gd32f10x.o
    0x080019ac   0x0000000a   Code   RO         3426    i.timer_auto_reload_shadow_enable  gd32f10x_timer.o
    0x080019b6   0x0000002a   Code   RO         3433    i.timer_channel_capture_value_register_read  gd32f10x_timer.o
    0x080019e0   0x0000005a   Code   RO         3439    i.timer_channel_input_capture_prescaler_config  gd32f10x_timer.o
    0x08001a3a   0x00000002   PAD
    0x08001a3c   0x000001ec   Code   RO         3441    i.timer_channel_output_config  gd32f10x_timer.o
    0x08001c28   0x0000005a   Code   RO         3443    i.timer_channel_output_mode_config  gd32f10x_timer.o
    0x08001c82   0x00000026   Code   RO         3445    i.timer_channel_output_pulse_value_config  gd32f10x_timer.o
    0x08001ca8   0x0000005a   Code   RO         3446    i.timer_channel_output_shadow_config  gd32f10x_timer.o
    0x08001d02   0x00000002   PAD
    0x08001d04   0x000001e8   Code   RO         4859    i.timer_config      hardware.o
    0x08001eec   0x00000004   Code   RO         3452    i.timer_counter_value_config  gd32f10x_timer.o
    0x08001ef0   0x000000dc   Code   RO         3453    i.timer_deinit      gd32f10x_timer.o
    0x08001fcc   0x0000000a   Code   RO         3454    i.timer_disable     gd32f10x_timer.o
    0x08001fd6   0x0000000a   Code   RO         3458    i.timer_enable      gd32f10x_timer.o
    0x08001fe0   0x000000d4   Code   RO         3468    i.timer_init        gd32f10x_timer.o
    0x080020b4   0x00000146   Code   RO         3469    i.timer_input_capture_config  gd32f10x_timer.o
    0x080021fa   0x0000007c   Code   RO         3470    i.timer_input_polarity_config  gd32f10x_timer.o
    0x08002276   0x00000008   Code   RO         3476    i.timer_interrupt_enable  gd32f10x_timer.o
    0x0800227e   0x00000008   Code   RO         3477    i.timer_interrupt_flag_clear  gd32f10x_timer.o
    0x08002286   0x00000018   Code   RO         3478    i.timer_interrupt_flag_get  gd32f10x_timer.o
    0x0800229e   0x00000002   PAD
    0x080022a0   0x00000090   Code   RO         1953    i.usart_baudrate_set  gd32f10x_usart.o
    0x08002330   0x00000090   Code   RO         1956    i.usart_deinit      gd32f10x_usart.o
    0x080023c0   0x0000000a   Code   RO         1960    i.usart_enable      gd32f10x_usart.o
    0x080023ca   0x00000010   Code   RO         1983    i.usart_receive_config  gd32f10x_usart.o
    0x080023da   0x00000010   Code   RO         1993    i.usart_transmit_config  gd32f10x_usart.o
    0x080023ea   0x00000028   Code   RO         4286    i.uxListRemove      list.o
    0x08002412   0x0000001a   Code   RO         4287    i.vListInitialise   list.o
    0x0800242c   0x00000006   Code   RO         4288    i.vListInitialiseItem  list.o
    0x08002432   0x00000034   Code   RO         4289    i.vListInsert       list.o
    0x08002466   0x00000018   Code   RO         4290    i.vListInsertEnd    list.o
    0x0800247e   0x00000002   PAD
    0x08002480   0x00000024   Code   RO         4764    i.vPortEnterCritical  port.o
    0x080024a4   0x00000020   Code   RO         4765    i.vPortExitCritical  port.o
    0x080024c4   0x00000040   Code   RO         4724    i.vPortFree         heap_2.o
    0x08002504   0x00000014   Code   RO         4766    i.vPortSetupTimerInterrupt  port.o
    0x08002518   0x00000050   Code   RO          351    i.vTaskAttack       main.o
    0x08002568   0x000000a0   Code   RO          436    i.vTaskBeAttack     infrared.o
    0x08002608   0x000000b8   Code   RO          224    i.vTaskCore         coretask.o
    0x080026c0   0x00000034   Code   RO         4457    i.vTaskDelay        tasks.o
    0x080026f4   0x00000148   Code   RO          353    i.vTaskInfrared     main.o
    0x0800283c   0x0000000c   Code   RO         4461    i.vTaskMissedYield  tasks.o
    0x08002848   0x00000020   Code   RO         4463    i.vTaskPlaceOnEventList  tasks.o
    0x08002868   0x00000018   Code   RO         4467    i.vTaskSetTimeOutState  tasks.o
    0x08002880   0x00000064   Code   RO         4468    i.vTaskStartScheduler  tasks.o
    0x080028e4   0x00000010   Code   RO         4470    i.vTaskSuspendAll   tasks.o
    0x080028f4   0x00000060   Code   RO         4471    i.vTaskSwitchContext  tasks.o
    0x08002954   0x00000034   Code   RO         4767    i.xPortStartScheduler  port.o
    0x08002988   0x00000034   Code   RO         4768    i.xPortSysTickHandler  port.o
    0x080029bc   0x00000038   Code   RO         4332    i.xQueueGenericCreate  queue.o
    0x080029f4   0x0000013c   Code   RO         4333    i.xQueueGenericReceive  queue.o
    0x08002b30   0x00000080   Code   RO         4334    i.xQueueGenericReset  queue.o
    0x08002bb0   0x00000086   Code   RO         4336    i.xQueueGenericSendFromISR  queue.o
    0x08002c36   0x00000002   PAD
    0x08002c38   0x0000005c   Code   RO         4472    i.xTaskCheckForTimeOut  tasks.o
    0x08002c94   0x00000060   Code   RO         4473    i.xTaskCreate       tasks.o
    0x08002cf4   0x0000011c   Code   RO         4478    i.xTaskIncrementTick  tasks.o
    0x08002e10   0x00000080   Code   RO         4481    i.xTaskRemoveFromEventList  tasks.o
    0x08002e90   0x000000e8   Code   RO         4483    i.xTaskResumeAll    tasks.o
    0x08002f78   0x00000020   Data   RO         5079    Region$$Table       anon$$obj.o


    Execution Region RW_IRAM1 (Base: 0x20000000, Size: 0x00004dd8, Max: 0x00005000, ABSOLUTE, COMPRESSED[0x0000008c])

    Base Addr    Size         Type   Attr      Idx    E Section Name        Object

    0x20000000   0x00000020   Data   RW          226    .data               coretask.o
    0x20000020   0x00000028   Data   RW          355    .data               main.o
    0x20000048   0x00000010   Data   RW          438    .data               infrared.o
    0x20000058   0x000000c1   Data   RW         4142    .data               gd32f10x_eval.o
    0x20000119   0x00000003   PAD
    0x2000011c   0x0000003c   Data   RW         4486    .data               tasks.o
    0x20000158   0x00000018   Data   RW         4728    .data               heap_2.o
    0x20000170   0x00000004   Data   RW         4769    .data               port.o
    0x20000174   0x00000041   Data   RW         4862    .data               hardware.o
    0x200001b5   0x00000003   PAD
    0x200001b8   0x00000090   Zero   RW          225    .bss                coretask.o
    0x20000248   0x00000050   Zero   RW          354    .bss                main.o
    0x20000298   0x00000068   Zero   RW          437    .bss                infrared.o
    0x20000300   0x000000c8   Zero   RW         4485    .bss                tasks.o
    0x200003c8   0x00004400   Zero   RW         4727    .bss                heap_2.o
    0x200047c8   0x00000210   Zero   RW         4860    .bss                hardware.o
    0x200049d8   0x00000400   Zero   RW         4126    STACK               startup_gd32f10x_md.o


==============================================================================

Image component sizes


      Code (inc. data)   RO Data    RW Data    ZI Data      Debug   Object Name

       292         68          0         32        144      12523   coretask.o
         0          0          0          0          0       7888   event_groups.o
       300         64          0        193          0       4862   gd32f10x_eval.o
       232         16          0          0          0       6150   gd32f10x_exti.o
       324          6          0          0          0       3315   gd32f10x_gpio.o
        20          0          0          0          0       6269   gd32f10x_it.o
       184         18          0          0          0       1360   gd32f10x_misc.o
       388         40          0          0          0      16044   gd32f10x_rcu.o
        28          0          0          0          0       1770   gd32f10x_spi.o
      1798         72          0          0          0      26533   gd32f10x_timer.o
       330         16          0          0          0       3094   gd32f10x_usart.o
      2312        114          0         65        528      13009   hardware.o
       304         40          0         24      17408       3523   heap_2.o
       632         48          0         16        104       3064   infrared.o
       148          0          0          0          0       2962   list.o
       624        110          0         40         80       3542   main.o
       400         50          0          4          0       8936   port.o
       972         10          0          0          0       8221   queue.o
        56          6          0          0          0        507   spi.o
        36          8        260          0       1024        836   startup_gd32f10x_md.o
       304         30          0          0          0       1561   system_gd32f10x.o
         0          0          0          0          0      41964   systick.o
      1938        314          0         60        200      23725   tasks.o

    ----------------------------------------------------------------------
     11646       1030        292        440      19488     201658   Object Totals
         0          0         32          0          0          0   (incl. Generated)
        24          0          0          6          0          0   (incl. Padding)

    ----------------------------------------------------------------------

      Code (inc. data)   RO Data    RW Data    ZI Data      Debug   Library Member Name

        86          0          0          0          0          0   __dczerorl2.o
         0          0          0          0          0          0   entry.o
         0          0          0          0          0          0   entry10a.o
         0          0          0          0          0          0   entry11a.o
         8          4          0          0          0          0   entry2.o
         4          0          0          0          0          0   entry5.o
         0          0          0          0          0          0   entry7b.o
         0          0          0          0          0          0   entry8b.o
         8          4          0          0          0          0   entry9a.o
        30          0          0          0          0          0   handlers.o
        36          8          0          0          0         68   init.o
        36          0          0          0          0         68   memcpya.o
        36          0          0          0          0        108   memseta.o

    ----------------------------------------------------------------------
       246         16          0          0          0        244   Library Totals
         2          0          0          0          0          0   (incl. Padding)

    ----------------------------------------------------------------------

      Code (inc. data)   RO Data    RW Data    ZI Data      Debug   Library Name

       244         16          0          0          0        244   mc_w.l

    ----------------------------------------------------------------------
       246         16          0          0          0        244   Library Totals

    ----------------------------------------------------------------------

==============================================================================


      Code (inc. data)   RO Data    RW Data    ZI Data      Debug   

     11892       1046        292        440      19488     195738   Grand Totals
     11892       1046        292        140      19488     195738   ELF Image Totals (compressed)
     11892       1046        292        140          0          0   ROM Totals

==============================================================================

    Total RO  Size (Code + RO Data)                12184 (  11.90kB)
    Total RW  Size (RW Data + ZI Data)             19928 (  19.46kB)
    Total ROM Size (Code + RO Data + RW Data)      12324 (  12.04kB)

==============================================================================

