<html>
<body>
<pre>
<h1>µVision Build Log</h1>
<h2>Tool Versions:</h2>
IDE-Version: ¦ÌVision V5.14.0.0
Copyright (C) 2015 ARM Ltd and ARM Germany GmbH. All rights reserved.
License Information: damnit xu, ads, LIC=TIVNN-YH95R-BS0YX-H7IZT-IZFPA-IWWDN
 
Tool Versions:
Toolchain:       MDK-ARM Standard  Version: 5.14.0.0
Toolchain Path:  G:\MDK\ARM\ARMCC\Bin
C Compiler:      Armcc.exe V5.05 update 1 (build 106)
Assembler:       Armasm.exe V5.05 update 1 (build 106)
Linker/Locator:  ArmLink.exe V5.05 update 1 (build 106)
Library Manager: ArmAr.exe V5.05 update 1 (build 106)
Hex Converter:   FromElf.exe V5.05 update 1 (build 106)
CPU DLL:         SARMCM3.DLL V5.14.0.0
Dialog DLL:      DCM.DLL V1.13.1.0
Target DLL:      STLink\ST-LINKIII-KEIL_SWO.dll V2.0.14.0_KEIL
Dialog DLL:      TCM.DLL V1.14.4.0
 
<h2>Project:</h2>
G:\GD\GDCS\My_Project\Keil_project\Project.uvprojx
Project File Date:  02/14/2018

<h2>Output:</h2>
Build target 'GD32F10X_MD'
compiling main.c...
..\main.c(85): warning:  #177-D: variable "bit_count" was declared but never referenced
        u8 bit_count = 0;
..\main.c: 1 warning, 0 errors
linking...
Program Size: Code=11700 RO-data=336 RW-data=404 ZI-data=19036  
FromELF: creating hex file...
".\output\Project.axf" - 0 Error(s), 1 Warning(s).

<h2>Collection of Component include folders:</h2>
  G:\GD\GDCS\My_Project\Keil_project\RTE
  G:\MDK\ARM\PACK\GigaDevice\GD32F10x_DFP\2.0.0\Device\Include

<h2>Collection of Component Files used:</h2>
</pre>
</body>
</html>
